affinityCookieTtlSec: integer
backend:
- balancingMode: string
  capacityScaler: float
  description: string
  failover: boolean
  group:
    instanceGroupRef:
      external: string
      name: string
      namespace: string
    networkEndpointGroupRef:
      external: string
      name: string
      namespace: string
  maxConnections: integer
  maxConnectionsPerEndpoint: integer
  maxConnectionsPerInstance: integer
  maxRate: integer
  maxRatePerEndpoint: float
  maxRatePerInstance: float
  maxUtilization: float
cdnPolicy:
  bypassCacheOnRequestHeaders:
  - headerName: string
  cacheKeyPolicy:
    includeHost: boolean
    includeHttpHeaders:
    - string
    includeNamedCookies:
    - string
    includeProtocol: boolean
    includeQueryString: boolean
    queryStringBlacklist:
    - string
    queryStringWhitelist:
    - string
  cacheMode: string
  clientTtl: integer
  defaultTtl: integer
  maxTtl: integer
  negativeCaching: boolean
  negativeCachingPolicy:
  - code: integer
    ttl: integer
  serveWhileStale: integer
  signedUrlCacheMaxAgeSec: integer
circuitBreakers:
  connectTimeout:
    nanos: integer
    seconds: integer
  maxConnections: integer
  maxPendingRequests: integer
  maxRequests: integer
  maxRequestsPerConnection: integer
  maxRetries: integer
compressionMode: string
connectionDrainingTimeoutSec: integer
connectionTrackingPolicy:
  connectionPersistenceOnUnhealthyBackends: string
  enableStrongAffinity: boolean
  idleTimeoutSec: integer
  trackingMode: string
consistentHash:
  httpCookie:
    name: string
    path: string
    ttl:
      nanos: integer
      seconds: integer
  httpHeaderName: string
  minimumRingSize: integer
customRequestHeaders:
- string
customResponseHeaders:
- string
description: string
edgeSecurityPolicyRef:
  external: string
  name: string
  namespace: string
enableCdn: boolean
failoverPolicy:
  disableConnectionDrainOnFailover: boolean
  dropTrafficIfUnhealthy: boolean
  failoverRatio: float
healthChecks:
- healthCheckRef:
    external: string
    name: string
    namespace: string
  httpHealthCheckRef:
    external: string
    name: string
    namespace: string
iap:
  oauth2ClientId: string
  oauth2ClientIdRef:
    external: string
    name: string
    namespace: string
  oauth2ClientSecret:
    value: string
    valueFrom:
      secretKeyRef:
        key: string
        name: string
  oauth2ClientSecretSha256: string
loadBalancingScheme: string
localityLbPolicies:
- customPolicy:
    data: string
    name: string
  policy:
    name: string
localityLbPolicy: string
location: string
logConfig:
  enable: boolean
  sampleRate: float
networkRef:
  external: string
  name: string
  namespace: string
outlierDetection:
  baseEjectionTime:
    nanos: integer
    seconds: integer
  consecutiveErrors: integer
  consecutiveGatewayFailure: integer
  enforcingConsecutiveErrors: integer
  enforcingConsecutiveGatewayFailure: integer
  enforcingSuccessRate: integer
  interval:
    nanos: integer
    seconds: integer
  maxEjectionPercent: integer
  successRateMinimumHosts: integer
  successRateRequestVolume: integer
  successRateStdevFactor: integer
portName: string
protocol: string
resourceID: string
securityPolicy: string
securityPolicyRef:
  external: string
  name: string
  namespace: string
securitySettings:
  clientTLSPolicyRef:
    external: string
    name: string
    namespace: string
  subjectAltNames:
  - string
sessionAffinity: string
subsetting:
  policy: string
timeoutSec: integer
