apiVersion: secretmanager.cnrm.cloud.google.com/v1beta1
kind: SecretManagerSecret
metadata:
  annotations:
    cnrm.cloud.google.com/project-id: ${projectId}
  labels:
    cnrm-test: "true"
    label-one: value-one
    label-two: value-two
    managed-by-cnrm: "true"
  name: secretmanagersecret-${uniqueId}
spec:
  annotations:
    bar: secretmanagersecret-bar
    foo: secretmanagersecret
  expireTime: "2025-10-03T15:01:23Z"
  replication:
    userManaged:
      replicas:
      - customerManagedEncryption:
          kmsKeyRef:
            external: projects/${projectId}/locations/us-central1/keyRings/kmskeyring-${uniqueId}/cryptoKeys/kmscryptokey-${uniqueId}
        location: us-central1
  resourceID: secretmanagersecret-${uniqueId}
  rotation:
    nextRotationTime: "2025-10-03T15:01:23Z"
    rotationPeriod: 7200s
  topics:
  - topicRef:
      external: projects/${projectId}/topics/topic-2-${uniqueId}