=== RUN   TestE2EScript
=== RUN   TestE2EScript/scenarios
=== RUN   TestE2EScript/scenarios/backup-restore
    harness.go:243: starting envtest apiserver
    harness.go:438: creating mock gcp
I0306 19:13:49.938990   32114 mock_http_roundtrip.go:199] "serving mock gcp grpc server" address="127.0.0.2:42863"
I0306 19:13:49.969898   32114 mockgcp_http.go:291] mockgcp request: POST https://cloudresourcemanager.googleapis.com/v1/projects?alt=json&prettyPrint=false
I0306 19:13:49.971783   32114 mockgcp_http.go:320] mockgcp response: POST https://cloudresourcemanager.googleapis.com/v1/projects?alt=json&prettyPrint=false => 200
I0306 19:13:49.976531   32114 mockgcp_http.go:291] mockgcp request: POST https://compute.googleapis.com/compute/v1/projects/mock-project/global/networks
I0306 19:13:49.983215   32114 operations.go:121] "storing operation" fqn="projects/mock-project/global/operations/operation-1772824429983-00674e52-64bc-45c4-9d74-d92d1461b378"
I0306 19:13:49.983915   32114 mockgcp_http.go:291] mockgcp request: POST https://compute.googleapis.com/compute/v1/projects/mock-project/regions/us-central1/subnetworks
I0306 19:13:49.984093   32114 mockgcp_http.go:320] mockgcp response: POST https://compute.googleapis.com/compute/v1/projects/mock-project/global/networks => 200
I0306 19:13:49.984609   32114 mockgcp_http.go:291] mockgcp request: GET https://compute.googleapis.com/compute/v1/projects/mock-project/global/operations/operation-1772824429983-00674e52-64bc-45c4-9d74-d92d1461b378
I0306 19:13:49.984864   32114 operations.go:121] "storing operation" fqn="projects/mock-project/regions/us-central1/operations/operation-1772824429984-7a780138-eb4d-4953-8d14-d6651c0d408d"
I0306 19:13:49.985115   32114 mockgcp_http.go:320] mockgcp response: POST https://compute.googleapis.com/compute/v1/projects/mock-project/regions/us-central1/subnetworks => 200
I0306 19:13:49.985212   32114 mockgcp_http.go:291] mockgcp request: GET https://compute.googleapis.com/compute/v1/projects/mock-project/regions/us-central1/operations/operation-1772824429984-7a780138-eb4d-4953-8d14-d6651c0d408d
I0306 19:13:49.985356   32114 mockgcp_http.go:320] mockgcp response: GET https://compute.googleapis.com/compute/v1/projects/mock-project/global/operations/operation-1772824429983-00674e52-64bc-45c4-9d74-d92d1461b378 => 200
I0306 19:13:49.985760   32114 mockgcp_http.go:320] mockgcp response: GET https://compute.googleapis.com/compute/v1/projects/mock-project/regions/us-central1/operations/operation-1772824429984-7a780138-eb4d-4953-8d14-d6651c0d408d => 200
I0306 19:13:49.985843   32114 mockgcp_http.go:291] mockgcp request: POST https://compute.googleapis.com/compute/v1/projects/mock-project/regions/europe-west1/subnetworks
I0306 19:13:49.986344   32114 operations.go:121] "storing operation" fqn="projects/mock-project/regions/europe-west1/operations/operation-1772824429986-4693fdef-c51b-489a-83de-7aa64cb47554"
I0306 19:13:49.986568   32114 mockgcp_http.go:320] mockgcp response: POST https://compute.googleapis.com/compute/v1/projects/mock-project/regions/europe-west1/subnetworks => 200
I0306 19:13:49.986659   32114 mockgcp_http.go:291] mockgcp request: GET https://compute.googleapis.com/compute/v1/projects/mock-project/regions/europe-west1/operations/operation-1772824429986-4693fdef-c51b-489a-83de-7aa64cb47554
I0306 19:13:49.987083   32114 mockgcp_http.go:320] mockgcp response: GET https://compute.googleapis.com/compute/v1/projects/mock-project/regions/europe-west1/operations/operation-1772824429986-4693fdef-c51b-489a-83de-7aa64cb47554 => 200
I0306 19:13:49.987182   32114 mockgcp_http.go:291] mockgcp request: POST https://compute.googleapis.com/compute/v1/projects/mock-project/regions/us-west1/subnetworks
I0306 19:13:49.987733   32114 operations.go:121] "storing operation" fqn="projects/mock-project/regions/us-west1/operations/operation-1772824429987-83806779-d7b1-4b6d-beee-79225f658c4d"
I0306 19:13:49.988029   32114 mockgcp_http.go:320] mockgcp response: POST https://compute.googleapis.com/compute/v1/projects/mock-project/regions/us-west1/subnetworks => 200
I0306 19:13:49.988151   32114 mockgcp_http.go:291] mockgcp request: GET https://compute.googleapis.com/compute/v1/projects/mock-project/regions/us-west1/operations/operation-1772824429987-83806779-d7b1-4b6d-beee-79225f658c4d
I0306 19:13:49.988629   32114 mockgcp_http.go:320] mockgcp response: GET https://compute.googleapis.com/compute/v1/projects/mock-project/regions/us-west1/operations/operation-1772824429987-83806779-d7b1-4b6d-beee-79225f658c4d => 200
I0306 19:13:49.988705   32114 mockgcp_http.go:291] mockgcp request: POST https://compute.googleapis.com/compute/v1/projects/mock-project/regions/asia-east1/subnetworks
I0306 19:13:49.989314   32114 operations.go:121] "storing operation" fqn="projects/mock-project/regions/asia-east1/operations/operation-1772824429989-ba62515a-cb3c-4df3-b88a-d86c59065c7b"
I0306 19:13:49.989592   32114 mockgcp_http.go:320] mockgcp response: POST https://compute.googleapis.com/compute/v1/projects/mock-project/regions/asia-east1/subnetworks => 200
I0306 19:13:49.989658   32114 mockgcp_http.go:291] mockgcp request: GET https://compute.googleapis.com/compute/v1/projects/mock-project/regions/asia-east1/operations/operation-1772824429989-ba62515a-cb3c-4df3-b88a-d86c59065c7b
I0306 19:13:49.990059   32114 mockgcp_http.go:320] mockgcp response: GET https://compute.googleapis.com/compute/v1/projects/mock-project/regions/asia-east1/operations/operation-1772824429989-ba62515a-cb3c-4df3-b88a-d86c59065c7b => 200
I0306 19:13:49.990158   32114 mockgcp_http.go:291] mockgcp request: POST https://compute.googleapis.com/compute/v1/projects/mock-project/regions/us-east1/subnetworks
I0306 19:13:49.990639   32114 operations.go:121] "storing operation" fqn="projects/mock-project/regions/us-east1/operations/operation-1772824429990-a90bf718-250f-4d93-b340-5b6cb13c03bc"
I0306 19:13:49.990813   32114 mockgcp_http.go:320] mockgcp response: POST https://compute.googleapis.com/compute/v1/projects/mock-project/regions/us-east1/subnetworks => 200
I0306 19:13:49.990870   32114 mockgcp_http.go:291] mockgcp request: GET https://compute.googleapis.com/compute/v1/projects/mock-project/regions/us-east1/operations/operation-1772824429990-a90bf718-250f-4d93-b340-5b6cb13c03bc
I0306 19:13:49.991237   32114 mockgcp_http.go:320] mockgcp response: GET https://compute.googleapis.com/compute/v1/projects/mock-project/regions/us-east1/operations/operation-1772824429990-a90bf718-250f-4d93-b340-5b6cb13c03bc => 200
I0306 19:13:49.991317   32114 mockgcp_http.go:291] mockgcp request: POST https://compute.googleapis.com/compute/v1/projects/mock-project/regions/asia-northeast1/subnetworks
I0306 19:13:49.991803   32114 operations.go:121] "storing operation" fqn="projects/mock-project/regions/asia-northeast1/operations/operation-1772824429991-969e90dd-df56-43e5-b82a-c41ea02da57e"
I0306 19:13:49.991978   32114 mockgcp_http.go:320] mockgcp response: POST https://compute.googleapis.com/compute/v1/projects/mock-project/regions/asia-northeast1/subnetworks => 200
I0306 19:13:49.992053   32114 mockgcp_http.go:291] mockgcp request: GET https://compute.googleapis.com/compute/v1/projects/mock-project/regions/asia-northeast1/operations/operation-1772824429991-969e90dd-df56-43e5-b82a-c41ea02da57e
I0306 19:13:49.992432   32114 mockgcp_http.go:320] mockgcp response: GET https://compute.googleapis.com/compute/v1/projects/mock-project/regions/asia-northeast1/operations/operation-1772824429991-969e90dd-df56-43e5-b82a-c41ea02da57e => 200
I0306 19:13:49.992532   32114 mockgcp_http.go:291] mockgcp request: POST https://compute.googleapis.com/compute/v1/projects/mock-project/regions/asia-southeast1/subnetworks
I0306 19:13:49.992928   32114 operations.go:121] "storing operation" fqn="projects/mock-project/regions/asia-southeast1/operations/operation-1772824429992-915d1568-ac2a-4dc0-b3b5-610df7766701"
I0306 19:13:49.993143   32114 mockgcp_http.go:320] mockgcp response: POST https://compute.googleapis.com/compute/v1/projects/mock-project/regions/asia-southeast1/subnetworks => 200
I0306 19:13:49.993216   32114 mockgcp_http.go:291] mockgcp request: GET https://compute.googleapis.com/compute/v1/projects/mock-project/regions/asia-southeast1/operations/operation-1772824429992-915d1568-ac2a-4dc0-b3b5-610df7766701
I0306 19:13:49.993532   32114 mockgcp_http.go:320] mockgcp response: GET https://compute.googleapis.com/compute/v1/projects/mock-project/regions/asia-southeast1/operations/operation-1772824429992-915d1568-ac2a-4dc0-b3b5-610df7766701 => 200
I0306 19:13:49.993605   32114 mockgcp_http.go:291] mockgcp request: POST https://compute.googleapis.com/compute/v1/projects/mock-project/regions/us-east4/subnetworks
I0306 19:13:49.993926   32114 operations.go:121] "storing operation" fqn="projects/mock-project/regions/us-east4/operations/operation-1772824429993-f90791e5-48b0-49f0-aef4-e3ef6104a050"
I0306 19:13:49.994069   32114 mockgcp_http.go:320] mockgcp response: POST https://compute.googleapis.com/compute/v1/projects/mock-project/regions/us-east4/subnetworks => 200
I0306 19:13:49.994140   32114 mockgcp_http.go:291] mockgcp request: GET https://compute.googleapis.com/compute/v1/projects/mock-project/regions/us-east4/operations/operation-1772824429993-f90791e5-48b0-49f0-aef4-e3ef6104a050
I0306 19:13:49.994543   32114 mockgcp_http.go:320] mockgcp response: GET https://compute.googleapis.com/compute/v1/projects/mock-project/regions/us-east4/operations/operation-1772824429993-f90791e5-48b0-49f0-aef4-e3ef6104a050 => 200
I0306 19:13:49.994647   32114 mockgcp_http.go:291] mockgcp request: POST https://compute.googleapis.com/compute/v1/projects/mock-project/regions/australia-southeast1/subnetworks
I0306 19:13:49.995355   32114 operations.go:121] "storing operation" fqn="projects/mock-project/regions/australia-southeast1/operations/operation-1772824429995-54d79c24-43a8-4bab-9c42-fb20660ad1bf"
I0306 19:13:49.995555   32114 mockgcp_http.go:320] mockgcp response: POST https://compute.googleapis.com/compute/v1/projects/mock-project/regions/australia-southeast1/subnetworks => 200
I0306 19:13:49.995632   32114 mockgcp_http.go:291] mockgcp request: GET https://compute.googleapis.com/compute/v1/projects/mock-project/regions/australia-southeast1/operations/operation-1772824429995-54d79c24-43a8-4bab-9c42-fb20660ad1bf
I0306 19:13:49.996238   32114 mockgcp_http.go:320] mockgcp response: GET https://compute.googleapis.com/compute/v1/projects/mock-project/regions/australia-southeast1/operations/operation-1772824429995-54d79c24-43a8-4bab-9c42-fb20660ad1bf => 200
I0306 19:13:49.996393   32114 mockgcp_http.go:291] mockgcp request: POST https://compute.googleapis.com/compute/v1/projects/mock-project/regions/europe-west2/subnetworks
I0306 19:13:49.996989   32114 operations.go:121] "storing operation" fqn="projects/mock-project/regions/europe-west2/operations/operation-1772824429996-863aade3-5595-4f28-bcee-fc207285ba7e"
I0306 19:13:49.997172   32114 mockgcp_http.go:320] mockgcp response: POST https://compute.googleapis.com/compute/v1/projects/mock-project/regions/europe-west2/subnetworks => 200
I0306 19:13:49.997236   32114 mockgcp_http.go:291] mockgcp request: GET https://compute.googleapis.com/compute/v1/projects/mock-project/regions/europe-west2/operations/operation-1772824429996-863aade3-5595-4f28-bcee-fc207285ba7e
I0306 19:13:49.997541   32114 mockgcp_http.go:320] mockgcp response: GET https://compute.googleapis.com/compute/v1/projects/mock-project/regions/europe-west2/operations/operation-1772824429996-863aade3-5595-4f28-bcee-fc207285ba7e => 200
I0306 19:13:49.997596   32114 mockgcp_http.go:291] mockgcp request: POST https://compute.googleapis.com/compute/v1/projects/mock-project/regions/europe-west3/subnetworks
I0306 19:13:49.997892   32114 operations.go:121] "storing operation" fqn="projects/mock-project/regions/europe-west3/operations/operation-1772824429997-263424c9-4899-4a94-beaa-2f36240365b0"
I0306 19:13:49.998045   32114 mockgcp_http.go:320] mockgcp response: POST https://compute.googleapis.com/compute/v1/projects/mock-project/regions/europe-west3/subnetworks => 200
I0306 19:13:49.998093   32114 mockgcp_http.go:291] mockgcp request: GET https://compute.googleapis.com/compute/v1/projects/mock-project/regions/europe-west3/operations/operation-1772824429997-263424c9-4899-4a94-beaa-2f36240365b0
I0306 19:13:49.998353   32114 mockgcp_http.go:320] mockgcp response: GET https://compute.googleapis.com/compute/v1/projects/mock-project/regions/europe-west3/operations/operation-1772824429997-263424c9-4899-4a94-beaa-2f36240365b0 => 200
I0306 19:13:49.998409   32114 mockgcp_http.go:291] mockgcp request: POST https://compute.googleapis.com/compute/v1/projects/mock-project/regions/southamerica-east1/subnetworks
I0306 19:13:49.998675   32114 operations.go:121] "storing operation" fqn="projects/mock-project/regions/southamerica-east1/operations/operation-1772824429998-1bf9f8f9-dce9-4a13-b008-b7c6dce86480"
I0306 19:13:49.998801   32114 mockgcp_http.go:320] mockgcp response: POST https://compute.googleapis.com/compute/v1/projects/mock-project/regions/southamerica-east1/subnetworks => 200
I0306 19:13:49.998852   32114 mockgcp_http.go:291] mockgcp request: GET https://compute.googleapis.com/compute/v1/projects/mock-project/regions/southamerica-east1/operations/operation-1772824429998-1bf9f8f9-dce9-4a13-b008-b7c6dce86480
I0306 19:13:49.999153   32114 mockgcp_http.go:320] mockgcp response: GET https://compute.googleapis.com/compute/v1/projects/mock-project/regions/southamerica-east1/operations/operation-1772824429998-1bf9f8f9-dce9-4a13-b008-b7c6dce86480 => 200
I0306 19:13:49.999233   32114 mockgcp_http.go:291] mockgcp request: POST https://compute.googleapis.com/compute/v1/projects/mock-project/regions/asia-south1/subnetworks
I0306 19:13:49.999530   32114 operations.go:121] "storing operation" fqn="projects/mock-project/regions/asia-south1/operations/operation-1772824429999-991fc5e6-415e-40c3-888a-8cad735fd675"
I0306 19:13:49.999684   32114 mockgcp_http.go:320] mockgcp response: POST https://compute.googleapis.com/compute/v1/projects/mock-project/regions/asia-south1/subnetworks => 200
I0306 19:13:49.999751   32114 mockgcp_http.go:291] mockgcp request: GET https://compute.googleapis.com/compute/v1/projects/mock-project/regions/asia-south1/operations/operation-1772824429999-991fc5e6-415e-40c3-888a-8cad735fd675
I0306 19:13:50.000141   32114 mockgcp_http.go:320] mockgcp response: GET https://compute.googleapis.com/compute/v1/projects/mock-project/regions/asia-south1/operations/operation-1772824429999-991fc5e6-415e-40c3-888a-8cad735fd675 => 200
I0306 19:13:50.000220   32114 mockgcp_http.go:291] mockgcp request: POST https://compute.googleapis.com/compute/v1/projects/mock-project/regions/northamerica-northeast1/subnetworks
I0306 19:13:50.000578   32114 operations.go:121] "storing operation" fqn="projects/mock-project/regions/northamerica-northeast1/operations/operation-1772824430000-86a2b7dc-23c2-4cab-b899-ad9a18e79ce3"
I0306 19:13:50.000928   32114 mockgcp_http.go:320] mockgcp response: POST https://compute.googleapis.com/compute/v1/projects/mock-project/regions/northamerica-northeast1/subnetworks => 200
I0306 19:13:50.001105   32114 mockgcp_http.go:291] mockgcp request: GET https://compute.googleapis.com/compute/v1/projects/mock-project/regions/northamerica-northeast1/operations/operation-1772824430000-86a2b7dc-23c2-4cab-b899-ad9a18e79ce3
I0306 19:13:50.001624   32114 mockgcp_http.go:320] mockgcp response: GET https://compute.googleapis.com/compute/v1/projects/mock-project/regions/northamerica-northeast1/operations/operation-1772824430000-86a2b7dc-23c2-4cab-b899-ad9a18e79ce3 => 200
I0306 19:13:50.001732   32114 mockgcp_http.go:291] mockgcp request: POST https://compute.googleapis.com/compute/v1/projects/mock-project/regions/europe-west4/subnetworks
I0306 19:13:50.002373   32114 operations.go:121] "storing operation" fqn="projects/mock-project/regions/europe-west4/operations/operation-1772824430002-63c64176-dae9-408b-89ef-2ba1c55eb907"
I0306 19:13:50.002576   32114 mockgcp_http.go:320] mockgcp response: POST https://compute.googleapis.com/compute/v1/projects/mock-project/regions/europe-west4/subnetworks => 200
I0306 19:13:50.002653   32114 mockgcp_http.go:291] mockgcp request: GET https://compute.googleapis.com/compute/v1/projects/mock-project/regions/europe-west4/operations/operation-1772824430002-63c64176-dae9-408b-89ef-2ba1c55eb907
I0306 19:13:50.002989   32114 mockgcp_http.go:320] mockgcp response: GET https://compute.googleapis.com/compute/v1/projects/mock-project/regions/europe-west4/operations/operation-1772824430002-63c64176-dae9-408b-89ef-2ba1c55eb907 => 200
I0306 19:13:50.003071   32114 mockgcp_http.go:291] mockgcp request: POST https://compute.googleapis.com/compute/v1/projects/mock-project/regions/europe-north1/subnetworks
I0306 19:13:50.003439   32114 operations.go:121] "storing operation" fqn="projects/mock-project/regions/europe-north1/operations/operation-1772824430003-50a73ecb-8804-4611-8687-8febcfd6d7f8"
I0306 19:13:50.003631   32114 mockgcp_http.go:320] mockgcp response: POST https://compute.googleapis.com/compute/v1/projects/mock-project/regions/europe-north1/subnetworks => 200
I0306 19:13:50.003687   32114 mockgcp_http.go:291] mockgcp request: GET https://compute.googleapis.com/compute/v1/projects/mock-project/regions/europe-north1/operations/operation-1772824430003-50a73ecb-8804-4611-8687-8febcfd6d7f8
I0306 19:13:50.004012   32114 mockgcp_http.go:320] mockgcp response: GET https://compute.googleapis.com/compute/v1/projects/mock-project/regions/europe-north1/operations/operation-1772824430003-50a73ecb-8804-4611-8687-8febcfd6d7f8 => 200
I0306 19:13:50.004090   32114 mockgcp_http.go:291] mockgcp request: POST https://compute.googleapis.com/compute/v1/projects/mock-project/regions/us-west2/subnetworks
I0306 19:13:50.004647   32114 operations.go:121] "storing operation" fqn="projects/mock-project/regions/us-west2/operations/operation-1772824430004-cbdc370c-a103-4b33-8413-f60710878602"
I0306 19:13:50.004887   32114 mockgcp_http.go:320] mockgcp response: POST https://compute.googleapis.com/compute/v1/projects/mock-project/regions/us-west2/subnetworks => 200
I0306 19:13:50.004943   32114 mockgcp_http.go:291] mockgcp request: GET https://compute.googleapis.com/compute/v1/projects/mock-project/regions/us-west2/operations/operation-1772824430004-cbdc370c-a103-4b33-8413-f60710878602
I0306 19:13:50.005414   32114 mockgcp_http.go:320] mockgcp response: GET https://compute.googleapis.com/compute/v1/projects/mock-project/regions/us-west2/operations/operation-1772824430004-cbdc370c-a103-4b33-8413-f60710878602 => 200
I0306 19:13:50.005562   32114 mockgcp_http.go:291] mockgcp request: POST https://compute.googleapis.com/compute/v1/projects/mock-project/regions/asia-east2/subnetworks
I0306 19:13:50.006040   32114 operations.go:121] "storing operation" fqn="projects/mock-project/regions/asia-east2/operations/operation-1772824430006-ef207ddc-c0fa-423f-9717-5f9528251897"
I0306 19:13:50.006232   32114 mockgcp_http.go:320] mockgcp response: POST https://compute.googleapis.com/compute/v1/projects/mock-project/regions/asia-east2/subnetworks => 200
I0306 19:13:50.006291   32114 mockgcp_http.go:291] mockgcp request: GET https://compute.googleapis.com/compute/v1/projects/mock-project/regions/asia-east2/operations/operation-1772824430006-ef207ddc-c0fa-423f-9717-5f9528251897
I0306 19:13:50.006628   32114 mockgcp_http.go:320] mockgcp response: GET https://compute.googleapis.com/compute/v1/projects/mock-project/regions/asia-east2/operations/operation-1772824430006-ef207ddc-c0fa-423f-9717-5f9528251897 => 200
I0306 19:13:50.006689   32114 mockgcp_http.go:291] mockgcp request: POST https://compute.googleapis.com/compute/v1/projects/mock-project/regions/europe-west6/subnetworks
I0306 19:13:50.007078   32114 operations.go:121] "storing operation" fqn="projects/mock-project/regions/europe-west6/operations/operation-1772824430007-a4ace23a-88a0-4949-a8c1-7c1c075ca596"
I0306 19:13:50.007253   32114 mockgcp_http.go:320] mockgcp response: POST https://compute.googleapis.com/compute/v1/projects/mock-project/regions/europe-west6/subnetworks => 200
I0306 19:13:50.007326   32114 mockgcp_http.go:291] mockgcp request: GET https://compute.googleapis.com/compute/v1/projects/mock-project/regions/europe-west6/operations/operation-1772824430007-a4ace23a-88a0-4949-a8c1-7c1c075ca596
I0306 19:13:50.007713   32114 mockgcp_http.go:320] mockgcp response: GET https://compute.googleapis.com/compute/v1/projects/mock-project/regions/europe-west6/operations/operation-1772824430007-a4ace23a-88a0-4949-a8c1-7c1c075ca596 => 200
I0306 19:13:50.007774   32114 mockgcp_http.go:291] mockgcp request: POST https://compute.googleapis.com/compute/v1/projects/mock-project/regions/asia-northeast2/subnetworks
I0306 19:13:50.008177   32114 operations.go:121] "storing operation" fqn="projects/mock-project/regions/asia-northeast2/operations/operation-1772824430008-b7dcd1be-7fe5-4070-a86b-f16b018b4bbf"
I0306 19:13:50.008350   32114 mockgcp_http.go:320] mockgcp response: POST https://compute.googleapis.com/compute/v1/projects/mock-project/regions/asia-northeast2/subnetworks => 200
I0306 19:13:50.008405   32114 mockgcp_http.go:291] mockgcp request: GET https://compute.googleapis.com/compute/v1/projects/mock-project/regions/asia-northeast2/operations/operation-1772824430008-b7dcd1be-7fe5-4070-a86b-f16b018b4bbf
I0306 19:13:50.008746   32114 mockgcp_http.go:320] mockgcp response: GET https://compute.googleapis.com/compute/v1/projects/mock-project/regions/asia-northeast2/operations/operation-1772824430008-b7dcd1be-7fe5-4070-a86b-f16b018b4bbf => 200
I0306 19:13:50.008804   32114 mockgcp_http.go:291] mockgcp request: POST https://compute.googleapis.com/compute/v1/projects/mock-project/regions/asia-northeast3/subnetworks
I0306 19:13:50.009136   32114 operations.go:121] "storing operation" fqn="projects/mock-project/regions/asia-northeast3/operations/operation-1772824430009-a50af19b-23f4-4cc1-b542-a398ab6ba15f"
I0306 19:13:50.009327   32114 mockgcp_http.go:320] mockgcp response: POST https://compute.googleapis.com/compute/v1/projects/mock-project/regions/asia-northeast3/subnetworks => 200
I0306 19:13:50.009380   32114 mockgcp_http.go:291] mockgcp request: GET https://compute.googleapis.com/compute/v1/projects/mock-project/regions/asia-northeast3/operations/operation-1772824430009-a50af19b-23f4-4cc1-b542-a398ab6ba15f
I0306 19:13:50.009743   32114 mockgcp_http.go:320] mockgcp response: GET https://compute.googleapis.com/compute/v1/projects/mock-project/regions/asia-northeast3/operations/operation-1772824430009-a50af19b-23f4-4cc1-b542-a398ab6ba15f => 200
I0306 19:13:50.009843   32114 mockgcp_http.go:291] mockgcp request: POST https://compute.googleapis.com/compute/v1/projects/mock-project/regions/us-west3/subnetworks
I0306 19:13:50.010281   32114 operations.go:121] "storing operation" fqn="projects/mock-project/regions/us-west3/operations/operation-1772824430010-8fae6dfe-dbd8-4b7d-88ff-7d29a67848f7"
I0306 19:13:50.010417   32114 mockgcp_http.go:320] mockgcp response: POST https://compute.googleapis.com/compute/v1/projects/mock-project/regions/us-west3/subnetworks => 200
I0306 19:13:50.010493   32114 mockgcp_http.go:291] mockgcp request: GET https://compute.googleapis.com/compute/v1/projects/mock-project/regions/us-west3/operations/operation-1772824430010-8fae6dfe-dbd8-4b7d-88ff-7d29a67848f7
I0306 19:13:50.010852   32114 mockgcp_http.go:320] mockgcp response: GET https://compute.googleapis.com/compute/v1/projects/mock-project/regions/us-west3/operations/operation-1772824430010-8fae6dfe-dbd8-4b7d-88ff-7d29a67848f7 => 200
I0306 19:13:50.010916   32114 mockgcp_http.go:291] mockgcp request: POST https://compute.googleapis.com/compute/v1/projects/mock-project/regions/us-west4/subnetworks
I0306 19:13:50.011657   32114 operations.go:121] "storing operation" fqn="projects/mock-project/regions/us-west4/operations/operation-1772824430011-43bf823e-af9c-46a7-808a-646d73b81184"
I0306 19:13:50.012063   32114 mockgcp_http.go:320] mockgcp response: POST https://compute.googleapis.com/compute/v1/projects/mock-project/regions/us-west4/subnetworks => 200
I0306 19:13:50.012233   32114 mockgcp_http.go:291] mockgcp request: GET https://compute.googleapis.com/compute/v1/projects/mock-project/regions/us-west4/operations/operation-1772824430011-43bf823e-af9c-46a7-808a-646d73b81184
I0306 19:13:50.012860   32114 mockgcp_http.go:320] mockgcp response: GET https://compute.googleapis.com/compute/v1/projects/mock-project/regions/us-west4/operations/operation-1772824430011-43bf823e-af9c-46a7-808a-646d73b81184 => 200
I0306 19:13:50.012968   32114 mockgcp_http.go:291] mockgcp request: POST https://compute.googleapis.com/compute/v1/projects/mock-project/regions/asia-southeast2/subnetworks
I0306 19:13:50.013570   32114 operations.go:121] "storing operation" fqn="projects/mock-project/regions/asia-southeast2/operations/operation-1772824430013-80a22ee6-7e5b-494b-aebb-35d8a6e8f07a"
I0306 19:13:50.013710   32114 mockgcp_http.go:320] mockgcp response: POST https://compute.googleapis.com/compute/v1/projects/mock-project/regions/asia-southeast2/subnetworks => 200
I0306 19:13:50.013849   32114 mockgcp_http.go:291] mockgcp request: GET https://compute.googleapis.com/compute/v1/projects/mock-project/regions/asia-southeast2/operations/operation-1772824430013-80a22ee6-7e5b-494b-aebb-35d8a6e8f07a
I0306 19:13:50.014163   32114 mockgcp_http.go:320] mockgcp response: GET https://compute.googleapis.com/compute/v1/projects/mock-project/regions/asia-southeast2/operations/operation-1772824430013-80a22ee6-7e5b-494b-aebb-35d8a6e8f07a => 200
I0306 19:13:50.014249   32114 mockgcp_http.go:291] mockgcp request: POST https://compute.googleapis.com/compute/v1/projects/mock-project/regions/europe-central2/subnetworks
I0306 19:13:50.014696   32114 operations.go:121] "storing operation" fqn="projects/mock-project/regions/europe-central2/operations/operation-1772824430014-9edbdc8c-b9ab-422e-80e3-95803887552e"
I0306 19:13:50.014827   32114 mockgcp_http.go:320] mockgcp response: POST https://compute.googleapis.com/compute/v1/projects/mock-project/regions/europe-central2/subnetworks => 200
I0306 19:13:50.015002   32114 mockgcp_http.go:291] mockgcp request: GET https://compute.googleapis.com/compute/v1/projects/mock-project/regions/europe-central2/operations/operation-1772824430014-9edbdc8c-b9ab-422e-80e3-95803887552e
I0306 19:13:50.015928   32114 mockgcp_http.go:320] mockgcp response: GET https://compute.googleapis.com/compute/v1/projects/mock-project/regions/europe-central2/operations/operation-1772824430014-9edbdc8c-b9ab-422e-80e3-95803887552e => 200
I0306 19:13:50.016108   32114 mockgcp_http.go:291] mockgcp request: POST https://compute.googleapis.com/compute/v1/projects/mock-project/regions/northamerica-northeast2/subnetworks
I0306 19:13:50.016774   32114 operations.go:121] "storing operation" fqn="projects/mock-project/regions/northamerica-northeast2/operations/operation-1772824430016-b53f4ec9-11f2-44b1-8569-30ecc6f09ebd"
I0306 19:13:50.017036   32114 mockgcp_http.go:320] mockgcp response: POST https://compute.googleapis.com/compute/v1/projects/mock-project/regions/northamerica-northeast2/subnetworks => 200
I0306 19:13:50.017142   32114 mockgcp_http.go:291] mockgcp request: GET https://compute.googleapis.com/compute/v1/projects/mock-project/regions/northamerica-northeast2/operations/operation-1772824430016-b53f4ec9-11f2-44b1-8569-30ecc6f09ebd
I0306 19:13:50.017619   32114 mockgcp_http.go:320] mockgcp response: GET https://compute.googleapis.com/compute/v1/projects/mock-project/regions/northamerica-northeast2/operations/operation-1772824430016-b53f4ec9-11f2-44b1-8569-30ecc6f09ebd => 200
I0306 19:13:50.017701   32114 mockgcp_http.go:291] mockgcp request: POST https://compute.googleapis.com/compute/v1/projects/mock-project/regions/asia-south2/subnetworks
I0306 19:13:50.018215   32114 operations.go:121] "storing operation" fqn="projects/mock-project/regions/asia-south2/operations/operation-1772824430018-279bd0d7-9a87-4429-af1d-27da2a271ffd"
I0306 19:13:50.018429   32114 mockgcp_http.go:320] mockgcp response: POST https://compute.googleapis.com/compute/v1/projects/mock-project/regions/asia-south2/subnetworks => 200
I0306 19:13:50.018531   32114 mockgcp_http.go:291] mockgcp request: GET https://compute.googleapis.com/compute/v1/projects/mock-project/regions/asia-south2/operations/operation-1772824430018-279bd0d7-9a87-4429-af1d-27da2a271ffd
I0306 19:13:50.018933   32114 mockgcp_http.go:320] mockgcp response: GET https://compute.googleapis.com/compute/v1/projects/mock-project/regions/asia-south2/operations/operation-1772824430018-279bd0d7-9a87-4429-af1d-27da2a271ffd => 200
I0306 19:13:50.019023   32114 mockgcp_http.go:291] mockgcp request: POST https://compute.googleapis.com/compute/v1/projects/mock-project/regions/australia-southeast2/subnetworks
I0306 19:13:50.019421   32114 operations.go:121] "storing operation" fqn="projects/mock-project/regions/australia-southeast2/operations/operation-1772824430019-163a8143-0589-4a18-a981-ed0b03e3da16"
I0306 19:13:50.019648   32114 mockgcp_http.go:320] mockgcp response: POST https://compute.googleapis.com/compute/v1/projects/mock-project/regions/australia-southeast2/subnetworks => 200
I0306 19:13:50.019720   32114 mockgcp_http.go:291] mockgcp request: GET https://compute.googleapis.com/compute/v1/projects/mock-project/regions/australia-southeast2/operations/operation-1772824430019-163a8143-0589-4a18-a981-ed0b03e3da16
I0306 19:13:50.020279   32114 mockgcp_http.go:320] mockgcp response: GET https://compute.googleapis.com/compute/v1/projects/mock-project/regions/australia-southeast2/operations/operation-1772824430019-163a8143-0589-4a18-a981-ed0b03e3da16 => 200
I0306 19:13:50.020437   32114 mockgcp_http.go:291] mockgcp request: POST https://compute.googleapis.com/compute/v1/projects/mock-project/regions/southamerica-west1/subnetworks
I0306 19:13:50.021078   32114 operations.go:121] "storing operation" fqn="projects/mock-project/regions/southamerica-west1/operations/operation-1772824430021-02e746af-fcc5-4e48-ab06-9f6b7b80424d"
I0306 19:13:50.021380   32114 mockgcp_http.go:320] mockgcp response: POST https://compute.googleapis.com/compute/v1/projects/mock-project/regions/southamerica-west1/subnetworks => 200
I0306 19:13:50.021509   32114 mockgcp_http.go:291] mockgcp request: GET https://compute.googleapis.com/compute/v1/projects/mock-project/regions/southamerica-west1/operations/operation-1772824430021-02e746af-fcc5-4e48-ab06-9f6b7b80424d
I0306 19:13:50.022044   32114 mockgcp_http.go:320] mockgcp response: GET https://compute.googleapis.com/compute/v1/projects/mock-project/regions/southamerica-west1/operations/operation-1772824430021-02e746af-fcc5-4e48-ab06-9f6b7b80424d => 200
I0306 19:13:50.022200   32114 mockgcp_http.go:291] mockgcp request: POST https://compute.googleapis.com/compute/v1/projects/mock-project/regions/europe-west8/subnetworks
I0306 19:13:50.022911   32114 operations.go:121] "storing operation" fqn="projects/mock-project/regions/europe-west8/operations/operation-1772824430022-a8013be9-d565-45d9-a89c-ebe316a9f7e2"
I0306 19:13:50.023160   32114 mockgcp_http.go:320] mockgcp response: POST https://compute.googleapis.com/compute/v1/projects/mock-project/regions/europe-west8/subnetworks => 200
I0306 19:13:50.023288   32114 mockgcp_http.go:291] mockgcp request: GET https://compute.googleapis.com/compute/v1/projects/mock-project/regions/europe-west8/operations/operation-1772824430022-a8013be9-d565-45d9-a89c-ebe316a9f7e2
I0306 19:13:50.023780   32114 mockgcp_http.go:320] mockgcp response: GET https://compute.googleapis.com/compute/v1/projects/mock-project/regions/europe-west8/operations/operation-1772824430022-a8013be9-d565-45d9-a89c-ebe316a9f7e2 => 200
I0306 19:13:50.023887   32114 mockgcp_http.go:291] mockgcp request: POST https://compute.googleapis.com/compute/v1/projects/mock-project/regions/europe-west9/subnetworks
I0306 19:13:50.024430   32114 operations.go:121] "storing operation" fqn="projects/mock-project/regions/europe-west9/operations/operation-1772824430024-b5a62fa6-d63f-44b3-b5c6-d6176117ab02"
I0306 19:13:50.024605   32114 mockgcp_http.go:320] mockgcp response: POST https://compute.googleapis.com/compute/v1/projects/mock-project/regions/europe-west9/subnetworks => 200
I0306 19:13:50.024680   32114 mockgcp_http.go:291] mockgcp request: GET https://compute.googleapis.com/compute/v1/projects/mock-project/regions/europe-west9/operations/operation-1772824430024-b5a62fa6-d63f-44b3-b5c6-d6176117ab02
I0306 19:13:50.024976   32114 mockgcp_http.go:320] mockgcp response: GET https://compute.googleapis.com/compute/v1/projects/mock-project/regions/europe-west9/operations/operation-1772824430024-b5a62fa6-d63f-44b3-b5c6-d6176117ab02 => 200
I0306 19:13:50.025076   32114 mockgcp_http.go:291] mockgcp request: POST https://compute.googleapis.com/compute/v1/projects/mock-project/regions/us-east5/subnetworks
I0306 19:13:50.025516   32114 operations.go:121] "storing operation" fqn="projects/mock-project/regions/us-east5/operations/operation-1772824430025-90d4e968-d510-4836-946c-fb819526befb"
I0306 19:13:50.025750   32114 mockgcp_http.go:320] mockgcp response: POST https://compute.googleapis.com/compute/v1/projects/mock-project/regions/us-east5/subnetworks => 200
I0306 19:13:50.025824   32114 mockgcp_http.go:291] mockgcp request: GET https://compute.googleapis.com/compute/v1/projects/mock-project/regions/us-east5/operations/operation-1772824430025-90d4e968-d510-4836-946c-fb819526befb
I0306 19:13:50.026202   32114 mockgcp_http.go:320] mockgcp response: GET https://compute.googleapis.com/compute/v1/projects/mock-project/regions/us-east5/operations/operation-1772824430025-90d4e968-d510-4836-946c-fb819526befb => 200
I0306 19:13:50.026281   32114 mockgcp_http.go:291] mockgcp request: POST https://compute.googleapis.com/compute/v1/projects/mock-project/regions/europe-southwest1/subnetworks
I0306 19:13:50.026677   32114 operations.go:121] "storing operation" fqn="projects/mock-project/regions/europe-southwest1/operations/operation-1772824430026-15370009-7961-40fc-87ee-5dfac782268d"
I0306 19:13:50.026895   32114 mockgcp_http.go:320] mockgcp response: POST https://compute.googleapis.com/compute/v1/projects/mock-project/regions/europe-southwest1/subnetworks => 200
I0306 19:13:50.026968   32114 mockgcp_http.go:291] mockgcp request: GET https://compute.googleapis.com/compute/v1/projects/mock-project/regions/europe-southwest1/operations/operation-1772824430026-15370009-7961-40fc-87ee-5dfac782268d
I0306 19:13:50.027291   32114 mockgcp_http.go:320] mockgcp response: GET https://compute.googleapis.com/compute/v1/projects/mock-project/regions/europe-southwest1/operations/operation-1772824430026-15370009-7961-40fc-87ee-5dfac782268d => 200
I0306 19:13:50.027368   32114 mockgcp_http.go:291] mockgcp request: POST https://compute.googleapis.com/compute/v1/projects/mock-project/regions/us-south1/subnetworks
I0306 19:13:50.027762   32114 operations.go:121] "storing operation" fqn="projects/mock-project/regions/us-south1/operations/operation-1772824430027-871662b2-7f26-48e2-a38e-c5afb1c54605"
I0306 19:13:50.027942   32114 mockgcp_http.go:320] mockgcp response: POST https://compute.googleapis.com/compute/v1/projects/mock-project/regions/us-south1/subnetworks => 200
I0306 19:13:50.028021   32114 mockgcp_http.go:291] mockgcp request: GET https://compute.googleapis.com/compute/v1/projects/mock-project/regions/us-south1/operations/operation-1772824430027-871662b2-7f26-48e2-a38e-c5afb1c54605
I0306 19:13:50.028332   32114 mockgcp_http.go:320] mockgcp response: GET https://compute.googleapis.com/compute/v1/projects/mock-project/regions/us-south1/operations/operation-1772824430027-871662b2-7f26-48e2-a38e-c5afb1c54605 => 200
I0306 19:13:50.028413   32114 mockgcp_http.go:291] mockgcp request: POST https://compute.googleapis.com/compute/v1/projects/mock-project/regions/me-west1/subnetworks
I0306 19:13:50.028869   32114 operations.go:121] "storing operation" fqn="projects/mock-project/regions/me-west1/operations/operation-1772824430028-ac67e9aa-4656-45bc-9383-fa51288feb64"
I0306 19:13:50.029092   32114 mockgcp_http.go:320] mockgcp response: POST https://compute.googleapis.com/compute/v1/projects/mock-project/regions/me-west1/subnetworks => 200
I0306 19:13:50.029156   32114 mockgcp_http.go:291] mockgcp request: GET https://compute.googleapis.com/compute/v1/projects/mock-project/regions/me-west1/operations/operation-1772824430028-ac67e9aa-4656-45bc-9383-fa51288feb64
I0306 19:13:50.029576   32114 mockgcp_http.go:320] mockgcp response: GET https://compute.googleapis.com/compute/v1/projects/mock-project/regions/me-west1/operations/operation-1772824430028-ac67e9aa-4656-45bc-9383-fa51288feb64 => 200
I0306 19:13:50.029644   32114 mockgcp_http.go:291] mockgcp request: POST https://compute.googleapis.com/compute/v1/projects/mock-project/regions/europe-west12/subnetworks
I0306 19:13:50.029970   32114 operations.go:121] "storing operation" fqn="projects/mock-project/regions/europe-west12/operations/operation-1772824430029-ea9b17c9-c58b-48d7-9148-506bd5f81e60"
I0306 19:13:50.030138   32114 mockgcp_http.go:320] mockgcp response: POST https://compute.googleapis.com/compute/v1/projects/mock-project/regions/europe-west12/subnetworks => 200
I0306 19:13:50.030206   32114 mockgcp_http.go:291] mockgcp request: GET https://compute.googleapis.com/compute/v1/projects/mock-project/regions/europe-west12/operations/operation-1772824430029-ea9b17c9-c58b-48d7-9148-506bd5f81e60
I0306 19:13:50.030499   32114 mockgcp_http.go:320] mockgcp response: GET https://compute.googleapis.com/compute/v1/projects/mock-project/regions/europe-west12/operations/operation-1772824430029-ea9b17c9-c58b-48d7-9148-506bd5f81e60 => 200
I0306 19:13:50.030578   32114 mockgcp_http.go:291] mockgcp request: POST https://compute.googleapis.com/compute/v1/projects/mock-project/regions/me-central1/subnetworks
I0306 19:13:50.030934   32114 operations.go:121] "storing operation" fqn="projects/mock-project/regions/me-central1/operations/operation-1772824430030-07fcae0f-0f62-4fea-ab35-cf42cb5bcf13"
I0306 19:13:50.031213   32114 mockgcp_http.go:320] mockgcp response: POST https://compute.googleapis.com/compute/v1/projects/mock-project/regions/me-central1/subnetworks => 200
I0306 19:13:50.031381   32114 mockgcp_http.go:291] mockgcp request: GET https://compute.googleapis.com/compute/v1/projects/mock-project/regions/me-central1/operations/operation-1772824430030-07fcae0f-0f62-4fea-ab35-cf42cb5bcf13
I0306 19:13:50.032008   32114 mockgcp_http.go:320] mockgcp response: GET https://compute.googleapis.com/compute/v1/projects/mock-project/regions/me-central1/operations/operation-1772824430030-07fcae0f-0f62-4fea-ab35-cf42cb5bcf13 => 200
I0306 19:13:50.032175   32114 mockgcp_http.go:291] mockgcp request: POST https://compute.googleapis.com/compute/v1/projects/mock-project/regions/europe-west10/subnetworks
I0306 19:13:50.032808   32114 operations.go:121] "storing operation" fqn="projects/mock-project/regions/europe-west10/operations/operation-1772824430032-2fab0814-ed14-4342-901e-ca089230950a"
I0306 19:13:50.033015   32114 mockgcp_http.go:320] mockgcp response: POST https://compute.googleapis.com/compute/v1/projects/mock-project/regions/europe-west10/subnetworks => 200
I0306 19:13:50.033092   32114 mockgcp_http.go:291] mockgcp request: GET https://compute.googleapis.com/compute/v1/projects/mock-project/regions/europe-west10/operations/operation-1772824430032-2fab0814-ed14-4342-901e-ca089230950a
I0306 19:13:50.033671   32114 mockgcp_http.go:320] mockgcp response: GET https://compute.googleapis.com/compute/v1/projects/mock-project/regions/europe-west10/operations/operation-1772824430032-2fab0814-ed14-4342-901e-ca089230950a => 200
I0306 19:13:50.033811   32114 mockgcp_http.go:291] mockgcp request: POST https://compute.googleapis.com/compute/v1/projects/mock-project/regions/africa-south1/subnetworks
I0306 19:13:50.034696   32114 operations.go:121] "storing operation" fqn="projects/mock-project/regions/africa-south1/operations/operation-1772824430034-fa04d5db-86f3-49b5-aa32-73b2d3e92331"
I0306 19:13:50.035007   32114 mockgcp_http.go:320] mockgcp response: POST https://compute.googleapis.com/compute/v1/projects/mock-project/regions/africa-south1/subnetworks => 200
I0306 19:13:50.035179   32114 mockgcp_http.go:291] mockgcp request: GET https://compute.googleapis.com/compute/v1/projects/mock-project/regions/africa-south1/operations/operation-1772824430034-fa04d5db-86f3-49b5-aa32-73b2d3e92331
I0306 19:13:50.035948   32114 mockgcp_http.go:320] mockgcp response: GET https://compute.googleapis.com/compute/v1/projects/mock-project/regions/africa-south1/operations/operation-1772824430034-fa04d5db-86f3-49b5-aa32-73b2d3e92331 => 200
I0306 19:13:50.036077   32114 mockgcp_http.go:291] mockgcp request: POST https://compute.googleapis.com/compute/v1/projects/mock-project/regions/northamerica-south1/subnetworks
I0306 19:13:50.036795   32114 operations.go:121] "storing operation" fqn="projects/mock-project/regions/northamerica-south1/operations/operation-1772824430036-532e5746-e585-4566-9da4-a2a9298d1fe8"
I0306 19:13:50.037215   32114 mockgcp_http.go:320] mockgcp response: POST https://compute.googleapis.com/compute/v1/projects/mock-project/regions/northamerica-south1/subnetworks => 200
I0306 19:13:50.037391   32114 mockgcp_http.go:291] mockgcp request: GET https://compute.googleapis.com/compute/v1/projects/mock-project/regions/northamerica-south1/operations/operation-1772824430036-532e5746-e585-4566-9da4-a2a9298d1fe8
I0306 19:13:50.038012   32114 mockgcp_http.go:320] mockgcp response: GET https://compute.googleapis.com/compute/v1/projects/mock-project/regions/northamerica-south1/operations/operation-1772824430036-532e5746-e585-4566-9da4-a2a9298d1fe8 => 200
I0306 19:13:50.038082   32114 mockgcp_http.go:291] mockgcp request: GET https://compute.googleapis.com/compute/v1/projects/mock-project/global/operations/operation-1772824429983-00674e52-64bc-45c4-9d74-d92d1461b378
I0306 19:13:50.038117   32114 mockgcp_http.go:291] mockgcp request: POST https://compute.googleapis.com/compute/v1/projects/mock-project/regions/europe-north2/subnetworks
I0306 19:13:50.038643   32114 mockgcp_http.go:320] mockgcp response: GET https://compute.googleapis.com/compute/v1/projects/mock-project/global/operations/operation-1772824429983-00674e52-64bc-45c4-9d74-d92d1461b378 => 200
I0306 19:13:50.039046   32114 operations.go:121] "storing operation" fqn="projects/mock-project/regions/europe-north2/operations/operation-1772824430038-ae2c0670-3b5a-4397-8d92-05c861a74894"
I0306 19:13:50.039264   32114 mockgcp_http.go:320] mockgcp response: POST https://compute.googleapis.com/compute/v1/projects/mock-project/regions/europe-north2/subnetworks => 200
I0306 19:13:50.039340   32114 mockgcp_http.go:291] mockgcp request: GET https://compute.googleapis.com/compute/v1/projects/mock-project/regions/europe-north2/operations/operation-1772824430038-ae2c0670-3b5a-4397-8d92-05c861a74894
I0306 19:13:50.039895   32114 mockgcp_http.go:320] mockgcp response: GET https://compute.googleapis.com/compute/v1/projects/mock-project/regions/europe-north2/operations/operation-1772824430038-ae2c0670-3b5a-4397-8d92-05c861a74894 => 200
I0306 19:13:50.040393   32114 mockgcp_http.go:291] mockgcp request: POST https://compute.googleapis.com/compute/v1/projects/mock-project/global/routes
I0306 19:13:50.041479   32114 operations.go:121] "storing operation" fqn="projects/mock-project/global/operations/operation-1772824430041-895c68bb-d51b-43a7-ae2c-c55ba12d143e"
I0306 19:13:50.041773   32114 mockgcp_http.go:320] mockgcp response: POST https://compute.googleapis.com/compute/v1/projects/mock-project/global/routes => 200
I0306 19:13:50.041874   32114 mockgcp_http.go:291] mockgcp request: GET https://compute.googleapis.com/compute/v1/projects/mock-project/global/operations/operation-1772824430041-895c68bb-d51b-43a7-ae2c-c55ba12d143e
I0306 19:13:50.042421   32114 mockgcp_http.go:320] mockgcp response: GET https://compute.googleapis.com/compute/v1/projects/mock-project/global/operations/operation-1772824430041-895c68bb-d51b-43a7-ae2c-c55ba12d143e => 200
I0306 19:13:50.042639   32114 mockgcp_http.go:291] mockgcp request: GET https://compute.googleapis.com/compute/v1/projects/mock-project/aggregated/subnetworks
I0306 19:13:50.046285   32114 mockgcp_http.go:320] mockgcp response: GET https://compute.googleapis.com/compute/v1/projects/mock-project/aggregated/subnetworks => 200
I0306 19:13:50.048866   32114 mockgcp_http.go:291] mockgcp request: POST https://compute.googleapis.com/compute/v1/projects/mock-project/global/routes
I0306 19:13:50.049674   32114 operations.go:121] "storing operation" fqn="projects/mock-project/global/operations/operation-1772824430049-31f2fb0e-18f4-435e-ae5a-ad6ef8f3756a"
I0306 19:13:50.049862   32114 mockgcp_http.go:320] mockgcp response: POST https://compute.googleapis.com/compute/v1/projects/mock-project/global/routes => 200
I0306 19:13:50.049947   32114 mockgcp_http.go:291] mockgcp request: GET https://compute.googleapis.com/compute/v1/projects/mock-project/global/operations/operation-1772824430049-31f2fb0e-18f4-435e-ae5a-ad6ef8f3756a
I0306 19:13:50.050573   32114 mockgcp_http.go:320] mockgcp response: GET https://compute.googleapis.com/compute/v1/projects/mock-project/global/operations/operation-1772824430049-31f2fb0e-18f4-435e-ae5a-ad6ef8f3756a => 200
I0306 19:13:50.050697   32114 mockgcp_http.go:291] mockgcp request: POST https://compute.googleapis.com/compute/v1/projects/mock-project/global/routes
I0306 19:13:50.051290   32114 operations.go:121] "storing operation" fqn="projects/mock-project/global/operations/operation-1772824430051-200aa931-52d9-48d7-81f7-85c5a23534f8"
I0306 19:13:50.051528   32114 mockgcp_http.go:320] mockgcp response: POST https://compute.googleapis.com/compute/v1/projects/mock-project/global/routes => 200
I0306 19:13:50.051612   32114 mockgcp_http.go:291] mockgcp request: GET https://compute.googleapis.com/compute/v1/projects/mock-project/global/operations/operation-1772824430051-200aa931-52d9-48d7-81f7-85c5a23534f8
I0306 19:13:50.052101   32114 mockgcp_http.go:320] mockgcp response: GET https://compute.googleapis.com/compute/v1/projects/mock-project/global/operations/operation-1772824430051-200aa931-52d9-48d7-81f7-85c5a23534f8 => 200
I0306 19:13:50.052277   32114 mockgcp_http.go:291] mockgcp request: POST https://compute.googleapis.com/compute/v1/projects/mock-project/global/routes
I0306 19:13:50.052832   32114 operations.go:121] "storing operation" fqn="projects/mock-project/global/operations/operation-1772824430052-11f8f546-9106-4285-b7ec-13621d990c1f"
I0306 19:13:50.052977   32114 mockgcp_http.go:320] mockgcp response: POST https://compute.googleapis.com/compute/v1/projects/mock-project/global/routes => 200
I0306 19:13:50.053038   32114 mockgcp_http.go:291] mockgcp request: GET https://compute.googleapis.com/compute/v1/projects/mock-project/global/operations/operation-1772824430052-11f8f546-9106-4285-b7ec-13621d990c1f
I0306 19:13:50.053544   32114 mockgcp_http.go:320] mockgcp response: GET https://compute.googleapis.com/compute/v1/projects/mock-project/global/operations/operation-1772824430052-11f8f546-9106-4285-b7ec-13621d990c1f => 200
I0306 19:13:50.053701   32114 mockgcp_http.go:291] mockgcp request: POST https://compute.googleapis.com/compute/v1/projects/mock-project/global/routes
I0306 19:13:50.054223   32114 operations.go:121] "storing operation" fqn="projects/mock-project/global/operations/operation-1772824430054-8054f029-37bb-4f50-89c6-fadd976a65ba"
I0306 19:13:50.054487   32114 mockgcp_http.go:320] mockgcp response: POST https://compute.googleapis.com/compute/v1/projects/mock-project/global/routes => 200
I0306 19:13:50.054557   32114 mockgcp_http.go:291] mockgcp request: GET https://compute.googleapis.com/compute/v1/projects/mock-project/global/operations/operation-1772824430054-8054f029-37bb-4f50-89c6-fadd976a65ba
I0306 19:13:50.054918   32114 mockgcp_http.go:320] mockgcp response: GET https://compute.googleapis.com/compute/v1/projects/mock-project/global/operations/operation-1772824430054-8054f029-37bb-4f50-89c6-fadd976a65ba => 200
I0306 19:13:50.055005   32114 mockgcp_http.go:291] mockgcp request: POST https://compute.googleapis.com/compute/v1/projects/mock-project/global/routes
I0306 19:13:50.055420   32114 operations.go:121] "storing operation" fqn="projects/mock-project/global/operations/operation-1772824430055-0c140e66-24a7-42b3-b29f-b08ff21cb1b7"
I0306 19:13:50.055596   32114 mockgcp_http.go:320] mockgcp response: POST https://compute.googleapis.com/compute/v1/projects/mock-project/global/routes => 200
I0306 19:13:50.055646   32114 mockgcp_http.go:291] mockgcp request: GET https://compute.googleapis.com/compute/v1/projects/mock-project/global/operations/operation-1772824430055-0c140e66-24a7-42b3-b29f-b08ff21cb1b7
I0306 19:13:50.055959   32114 mockgcp_http.go:320] mockgcp response: GET https://compute.googleapis.com/compute/v1/projects/mock-project/global/operations/operation-1772824430055-0c140e66-24a7-42b3-b29f-b08ff21cb1b7 => 200
I0306 19:13:50.056014   32114 mockgcp_http.go:291] mockgcp request: POST https://compute.googleapis.com/compute/v1/projects/mock-project/global/routes
I0306 19:13:50.056331   32114 operations.go:121] "storing operation" fqn="projects/mock-project/global/operations/operation-1772824430056-a4e977e5-d324-40b0-a277-4b7b8aee323b"
I0306 19:13:50.056508   32114 mockgcp_http.go:320] mockgcp response: POST https://compute.googleapis.com/compute/v1/projects/mock-project/global/routes => 200
I0306 19:13:50.056577   32114 mockgcp_http.go:291] mockgcp request: GET https://compute.googleapis.com/compute/v1/projects/mock-project/global/operations/operation-1772824430056-a4e977e5-d324-40b0-a277-4b7b8aee323b
I0306 19:13:50.057164   32114 mockgcp_http.go:320] mockgcp response: GET https://compute.googleapis.com/compute/v1/projects/mock-project/global/operations/operation-1772824430056-a4e977e5-d324-40b0-a277-4b7b8aee323b => 200
I0306 19:13:50.057243   32114 mockgcp_http.go:291] mockgcp request: POST https://compute.googleapis.com/compute/v1/projects/mock-project/global/routes
I0306 19:13:50.057675   32114 operations.go:121] "storing operation" fqn="projects/mock-project/global/operations/operation-1772824430057-104b320e-cf06-4efa-bee1-39a8642d24c6"
I0306 19:13:50.057849   32114 mockgcp_http.go:320] mockgcp response: POST https://compute.googleapis.com/compute/v1/projects/mock-project/global/routes => 200
I0306 19:13:50.057904   32114 mockgcp_http.go:291] mockgcp request: GET https://compute.googleapis.com/compute/v1/projects/mock-project/global/operations/operation-1772824430057-104b320e-cf06-4efa-bee1-39a8642d24c6
I0306 19:13:50.058270   32114 mockgcp_http.go:320] mockgcp response: GET https://compute.googleapis.com/compute/v1/projects/mock-project/global/operations/operation-1772824430057-104b320e-cf06-4efa-bee1-39a8642d24c6 => 200
I0306 19:13:50.058347   32114 mockgcp_http.go:291] mockgcp request: POST https://compute.googleapis.com/compute/v1/projects/mock-project/global/routes
I0306 19:13:50.058664   32114 operations.go:121] "storing operation" fqn="projects/mock-project/global/operations/operation-1772824430058-e883f6be-208b-495b-a7d7-d61dc19a7af0"
I0306 19:13:50.058804   32114 mockgcp_http.go:320] mockgcp response: POST https://compute.googleapis.com/compute/v1/projects/mock-project/global/routes => 200
I0306 19:13:50.058860   32114 mockgcp_http.go:291] mockgcp request: GET https://compute.googleapis.com/compute/v1/projects/mock-project/global/operations/operation-1772824430058-e883f6be-208b-495b-a7d7-d61dc19a7af0
I0306 19:13:50.059417   32114 mockgcp_http.go:320] mockgcp response: GET https://compute.googleapis.com/compute/v1/projects/mock-project/global/operations/operation-1772824430058-e883f6be-208b-495b-a7d7-d61dc19a7af0 => 200
I0306 19:13:50.059601   32114 mockgcp_http.go:291] mockgcp request: POST https://compute.googleapis.com/compute/v1/projects/mock-project/global/routes
I0306 19:13:50.060067   32114 operations.go:121] "storing operation" fqn="projects/mock-project/global/operations/operation-1772824430060-4531faf7-74a8-41bc-9580-03454a4a71d3"
I0306 19:13:50.060207   32114 mockgcp_http.go:320] mockgcp response: POST https://compute.googleapis.com/compute/v1/projects/mock-project/global/routes => 200
I0306 19:13:50.060319   32114 mockgcp_http.go:291] mockgcp request: GET https://compute.googleapis.com/compute/v1/projects/mock-project/global/operations/operation-1772824430060-4531faf7-74a8-41bc-9580-03454a4a71d3
I0306 19:13:50.060766   32114 mockgcp_http.go:320] mockgcp response: GET https://compute.googleapis.com/compute/v1/projects/mock-project/global/operations/operation-1772824430060-4531faf7-74a8-41bc-9580-03454a4a71d3 => 200
I0306 19:13:50.060834   32114 mockgcp_http.go:291] mockgcp request: POST https://compute.googleapis.com/compute/v1/projects/mock-project/global/routes
I0306 19:13:50.061200   32114 operations.go:121] "storing operation" fqn="projects/mock-project/global/operations/operation-1772824430061-ae9ca4bb-145c-462b-992a-b7845ebf4454"
I0306 19:13:50.061328   32114 mockgcp_http.go:320] mockgcp response: POST https://compute.googleapis.com/compute/v1/projects/mock-project/global/routes => 200
I0306 19:13:50.061383   32114 mockgcp_http.go:291] mockgcp request: GET https://compute.googleapis.com/compute/v1/projects/mock-project/global/operations/operation-1772824430061-ae9ca4bb-145c-462b-992a-b7845ebf4454
I0306 19:13:50.061810   32114 mockgcp_http.go:320] mockgcp response: GET https://compute.googleapis.com/compute/v1/projects/mock-project/global/operations/operation-1772824430061-ae9ca4bb-145c-462b-992a-b7845ebf4454 => 200
I0306 19:13:50.061958   32114 mockgcp_http.go:291] mockgcp request: POST https://compute.googleapis.com/compute/v1/projects/mock-project/global/routes
I0306 19:13:50.062559   32114 operations.go:121] "storing operation" fqn="projects/mock-project/global/operations/operation-1772824430062-d4a122cf-9dc4-402f-9dc7-f6c3919d51e5"
I0306 19:13:50.062732   32114 mockgcp_http.go:320] mockgcp response: POST https://compute.googleapis.com/compute/v1/projects/mock-project/global/routes => 200
I0306 19:13:50.062785   32114 mockgcp_http.go:291] mockgcp request: GET https://compute.googleapis.com/compute/v1/projects/mock-project/global/operations/operation-1772824430062-d4a122cf-9dc4-402f-9dc7-f6c3919d51e5
I0306 19:13:50.063160   32114 mockgcp_http.go:320] mockgcp response: GET https://compute.googleapis.com/compute/v1/projects/mock-project/global/operations/operation-1772824430062-d4a122cf-9dc4-402f-9dc7-f6c3919d51e5 => 200
I0306 19:13:50.063256   32114 mockgcp_http.go:291] mockgcp request: POST https://compute.googleapis.com/compute/v1/projects/mock-project/global/routes
I0306 19:13:50.063643   32114 operations.go:121] "storing operation" fqn="projects/mock-project/global/operations/operation-1772824430063-e3cd8c1f-5b80-4d19-8ed1-cbbee52f8323"
I0306 19:13:50.063786   32114 mockgcp_http.go:320] mockgcp response: POST https://compute.googleapis.com/compute/v1/projects/mock-project/global/routes => 200
I0306 19:13:50.063857   32114 mockgcp_http.go:291] mockgcp request: GET https://compute.googleapis.com/compute/v1/projects/mock-project/global/operations/operation-1772824430063-e3cd8c1f-5b80-4d19-8ed1-cbbee52f8323
I0306 19:13:50.064206   32114 mockgcp_http.go:320] mockgcp response: GET https://compute.googleapis.com/compute/v1/projects/mock-project/global/operations/operation-1772824430063-e3cd8c1f-5b80-4d19-8ed1-cbbee52f8323 => 200
I0306 19:13:50.064288   32114 mockgcp_http.go:291] mockgcp request: POST https://compute.googleapis.com/compute/v1/projects/mock-project/global/routes
I0306 19:13:50.064680   32114 operations.go:121] "storing operation" fqn="projects/mock-project/global/operations/operation-1772824430064-8c38b2c3-ca8a-4595-8a3a-9f2a05f35ba9"
I0306 19:13:50.064861   32114 mockgcp_http.go:320] mockgcp response: POST https://compute.googleapis.com/compute/v1/projects/mock-project/global/routes => 200
I0306 19:13:50.064956   32114 mockgcp_http.go:291] mockgcp request: GET https://compute.googleapis.com/compute/v1/projects/mock-project/global/operations/operation-1772824430064-8c38b2c3-ca8a-4595-8a3a-9f2a05f35ba9
I0306 19:13:50.065317   32114 mockgcp_http.go:320] mockgcp response: GET https://compute.googleapis.com/compute/v1/projects/mock-project/global/operations/operation-1772824430064-8c38b2c3-ca8a-4595-8a3a-9f2a05f35ba9 => 200
I0306 19:13:50.065375   32114 mockgcp_http.go:291] mockgcp request: POST https://compute.googleapis.com/compute/v1/projects/mock-project/global/routes
I0306 19:13:50.065799   32114 operations.go:121] "storing operation" fqn="projects/mock-project/global/operations/operation-1772824430065-a5635e80-fb92-4db3-8c7b-872df453fbb5"
I0306 19:13:50.066008   32114 mockgcp_http.go:320] mockgcp response: POST https://compute.googleapis.com/compute/v1/projects/mock-project/global/routes => 200
I0306 19:13:50.066063   32114 mockgcp_http.go:291] mockgcp request: GET https://compute.googleapis.com/compute/v1/projects/mock-project/global/operations/operation-1772824430065-a5635e80-fb92-4db3-8c7b-872df453fbb5
I0306 19:13:50.066375   32114 mockgcp_http.go:320] mockgcp response: GET https://compute.googleapis.com/compute/v1/projects/mock-project/global/operations/operation-1772824430065-a5635e80-fb92-4db3-8c7b-872df453fbb5 => 200
I0306 19:13:50.066498   32114 mockgcp_http.go:291] mockgcp request: POST https://compute.googleapis.com/compute/v1/projects/mock-project/global/routes
I0306 19:13:50.066945   32114 operations.go:121] "storing operation" fqn="projects/mock-project/global/operations/operation-1772824430066-715e8c3b-613a-40eb-8ca3-aabe90392143"
I0306 19:13:50.067124   32114 mockgcp_http.go:320] mockgcp response: POST https://compute.googleapis.com/compute/v1/projects/mock-project/global/routes => 200
I0306 19:13:50.067190   32114 mockgcp_http.go:291] mockgcp request: GET https://compute.googleapis.com/compute/v1/projects/mock-project/global/operations/operation-1772824430066-715e8c3b-613a-40eb-8ca3-aabe90392143
I0306 19:13:50.067716   32114 mockgcp_http.go:320] mockgcp response: GET https://compute.googleapis.com/compute/v1/projects/mock-project/global/operations/operation-1772824430066-715e8c3b-613a-40eb-8ca3-aabe90392143 => 200
I0306 19:13:50.067781   32114 mockgcp_http.go:291] mockgcp request: POST https://compute.googleapis.com/compute/v1/projects/mock-project/global/routes
I0306 19:13:50.068234   32114 operations.go:121] "storing operation" fqn="projects/mock-project/global/operations/operation-1772824430068-20f366d3-4790-460e-a7e1-78e0324a512d"
I0306 19:13:50.068512   32114 mockgcp_http.go:320] mockgcp response: POST https://compute.googleapis.com/compute/v1/projects/mock-project/global/routes => 200
I0306 19:13:50.068635   32114 mockgcp_http.go:291] mockgcp request: GET https://compute.googleapis.com/compute/v1/projects/mock-project/global/operations/operation-1772824430068-20f366d3-4790-460e-a7e1-78e0324a512d
I0306 19:13:50.069063   32114 mockgcp_http.go:320] mockgcp response: GET https://compute.googleapis.com/compute/v1/projects/mock-project/global/operations/operation-1772824430068-20f366d3-4790-460e-a7e1-78e0324a512d => 200
I0306 19:13:50.069152   32114 mockgcp_http.go:291] mockgcp request: POST https://compute.googleapis.com/compute/v1/projects/mock-project/global/routes
I0306 19:13:50.069673   32114 operations.go:121] "storing operation" fqn="projects/mock-project/global/operations/operation-1772824430069-ba5b03c3-b6a6-4883-8781-6e069f07b8fe"
I0306 19:13:50.069831   32114 mockgcp_http.go:320] mockgcp response: POST https://compute.googleapis.com/compute/v1/projects/mock-project/global/routes => 200
I0306 19:13:50.069900   32114 mockgcp_http.go:291] mockgcp request: GET https://compute.googleapis.com/compute/v1/projects/mock-project/global/operations/operation-1772824430069-ba5b03c3-b6a6-4883-8781-6e069f07b8fe
I0306 19:13:50.070311   32114 mockgcp_http.go:320] mockgcp response: GET https://compute.googleapis.com/compute/v1/projects/mock-project/global/operations/operation-1772824430069-ba5b03c3-b6a6-4883-8781-6e069f07b8fe => 200
I0306 19:13:50.070380   32114 mockgcp_http.go:291] mockgcp request: POST https://compute.googleapis.com/compute/v1/projects/mock-project/global/routes
I0306 19:13:50.070741   32114 operations.go:121] "storing operation" fqn="projects/mock-project/global/operations/operation-1772824430070-232f4026-6e5a-40a8-a246-7ec1fe8f63eb"
I0306 19:13:50.070983   32114 mockgcp_http.go:320] mockgcp response: POST https://compute.googleapis.com/compute/v1/projects/mock-project/global/routes => 200
I0306 19:13:50.071035   32114 mockgcp_http.go:291] mockgcp request: GET https://compute.googleapis.com/compute/v1/projects/mock-project/global/operations/operation-1772824430070-232f4026-6e5a-40a8-a246-7ec1fe8f63eb
I0306 19:13:50.071351   32114 mockgcp_http.go:320] mockgcp response: GET https://compute.googleapis.com/compute/v1/projects/mock-project/global/operations/operation-1772824430070-232f4026-6e5a-40a8-a246-7ec1fe8f63eb => 200
I0306 19:13:50.071417   32114 mockgcp_http.go:291] mockgcp request: POST https://compute.googleapis.com/compute/v1/projects/mock-project/global/routes
I0306 19:13:50.071766   32114 operations.go:121] "storing operation" fqn="projects/mock-project/global/operations/operation-1772824430071-47a4abe6-1610-4d85-a23d-2226d9f8338b"
I0306 19:13:50.071979   32114 mockgcp_http.go:320] mockgcp response: POST https://compute.googleapis.com/compute/v1/projects/mock-project/global/routes => 200
I0306 19:13:50.072011   32114 mockgcp_http.go:291] mockgcp request: GET https://cloudresourcemanager.googleapis.com/v1/operations/operation-1772824429971-24d4e7fc-380c-4e14-90fd-8d68502d0900?alt=json&prettyPrint=false
I0306 19:13:50.072038   32114 mockgcp_http.go:291] mockgcp request: GET https://compute.googleapis.com/compute/v1/projects/mock-project/global/operations/operation-1772824430071-47a4abe6-1610-4d85-a23d-2226d9f8338b
I0306 19:13:50.072168   32114 mockgcp_http.go:320] mockgcp response: GET https://cloudresourcemanager.googleapis.com/v1/operations/operation-1772824429971-24d4e7fc-380c-4e14-90fd-8d68502d0900?alt=json&prettyPrint=false => 200
I0306 19:13:50.072363   32114 mockgcp_http.go:320] mockgcp response: GET https://compute.googleapis.com/compute/v1/projects/mock-project/global/operations/operation-1772824430071-47a4abe6-1610-4d85-a23d-2226d9f8338b => 200
I0306 19:13:50.072421   32114 mockgcp_http.go:291] mockgcp request: POST https://compute.googleapis.com/compute/v1/projects/mock-project/global/routes
I0306 19:13:50.072744   32114 operations.go:121] "storing operation" fqn="projects/mock-project/global/operations/operation-1772824430072-fda894e6-7060-4c79-9353-f64ca4cc3522"
I0306 19:13:50.072867   32114 mockgcp_http.go:320] mockgcp response: POST https://compute.googleapis.com/compute/v1/projects/mock-project/global/routes => 200
I0306 19:13:50.072942   32114 mockgcp_http.go:291] mockgcp request: GET https://compute.googleapis.com/compute/v1/projects/mock-project/global/operations/operation-1772824430072-fda894e6-7060-4c79-9353-f64ca4cc3522
I0306 19:13:50.073305   32114 mockgcp_http.go:320] mockgcp response: GET https://compute.googleapis.com/compute/v1/projects/mock-project/global/operations/operation-1772824430072-fda894e6-7060-4c79-9353-f64ca4cc3522 => 200
I0306 19:13:50.073374   32114 mockgcp_http.go:291] mockgcp request: POST https://compute.googleapis.com/compute/v1/projects/mock-project/global/routes
I0306 19:13:50.073740   32114 operations.go:121] "storing operation" fqn="projects/mock-project/global/operations/operation-1772824430073-72d7da7d-0cd8-40c5-8f6f-7a999e221727"
I0306 19:13:50.073876   32114 mockgcp_http.go:320] mockgcp response: POST https://compute.googleapis.com/compute/v1/projects/mock-project/global/routes => 200
I0306 19:13:50.073926   32114 mockgcp_http.go:291] mockgcp request: GET https://compute.googleapis.com/compute/v1/projects/mock-project/global/operations/operation-1772824430073-72d7da7d-0cd8-40c5-8f6f-7a999e221727
I0306 19:13:50.074245   32114 mockgcp_http.go:320] mockgcp response: GET https://compute.googleapis.com/compute/v1/projects/mock-project/global/operations/operation-1772824430073-72d7da7d-0cd8-40c5-8f6f-7a999e221727 => 200
I0306 19:13:50.074308   32114 mockgcp_http.go:291] mockgcp request: POST https://compute.googleapis.com/compute/v1/projects/mock-project/global/routes
I0306 19:13:50.074628   32114 operations.go:121] "storing operation" fqn="projects/mock-project/global/operations/operation-1772824430074-962cbd3f-3d8c-4827-9fbe-87a8bbde451c"
I0306 19:13:50.074774   32114 mockgcp_http.go:320] mockgcp response: POST https://compute.googleapis.com/compute/v1/projects/mock-project/global/routes => 200
I0306 19:13:50.074824   32114 mockgcp_http.go:291] mockgcp request: GET https://compute.googleapis.com/compute/v1/projects/mock-project/global/operations/operation-1772824430074-962cbd3f-3d8c-4827-9fbe-87a8bbde451c
I0306 19:13:50.075211   32114 mockgcp_http.go:320] mockgcp response: GET https://compute.googleapis.com/compute/v1/projects/mock-project/global/operations/operation-1772824430074-962cbd3f-3d8c-4827-9fbe-87a8bbde451c => 200
I0306 19:13:50.075371   32114 mockgcp_http.go:291] mockgcp request: POST https://compute.googleapis.com/compute/v1/projects/mock-project/global/routes
I0306 19:13:50.075869   32114 operations.go:121] "storing operation" fqn="projects/mock-project/global/operations/operation-1772824430075-5ed2ae9e-f9e1-427b-8b8d-cab4a0730915"
I0306 19:13:50.076046   32114 mockgcp_http.go:320] mockgcp response: POST https://compute.googleapis.com/compute/v1/projects/mock-project/global/routes => 200
I0306 19:13:50.076113   32114 mockgcp_http.go:291] mockgcp request: GET https://compute.googleapis.com/compute/v1/projects/mock-project/global/operations/operation-1772824430075-5ed2ae9e-f9e1-427b-8b8d-cab4a0730915
I0306 19:13:50.076454   32114 mockgcp_http.go:320] mockgcp response: GET https://compute.googleapis.com/compute/v1/projects/mock-project/global/operations/operation-1772824430075-5ed2ae9e-f9e1-427b-8b8d-cab4a0730915 => 200
I0306 19:13:50.076535   32114 mockgcp_http.go:291] mockgcp request: POST https://compute.googleapis.com/compute/v1/projects/mock-project/global/routes
I0306 19:13:50.077036   32114 operations.go:121] "storing operation" fqn="projects/mock-project/global/operations/operation-1772824430076-b2d08e7b-efbb-409a-a530-1d096a3f971a"
I0306 19:13:50.077211   32114 mockgcp_http.go:320] mockgcp response: POST https://compute.googleapis.com/compute/v1/projects/mock-project/global/routes => 200
I0306 19:13:50.077259   32114 mockgcp_http.go:291] mockgcp request: GET https://compute.googleapis.com/compute/v1/projects/mock-project/global/operations/operation-1772824430076-b2d08e7b-efbb-409a-a530-1d096a3f971a
I0306 19:13:50.077639   32114 mockgcp_http.go:320] mockgcp response: GET https://compute.googleapis.com/compute/v1/projects/mock-project/global/operations/operation-1772824430076-b2d08e7b-efbb-409a-a530-1d096a3f971a => 200
I0306 19:13:50.077750   32114 mockgcp_http.go:291] mockgcp request: POST https://compute.googleapis.com/compute/v1/projects/mock-project/global/routes
I0306 19:13:50.078184   32114 operations.go:121] "storing operation" fqn="projects/mock-project/global/operations/operation-1772824430078-9081cb6d-9979-439e-b1c5-37b42e00c08b"
I0306 19:13:50.078364   32114 mockgcp_http.go:320] mockgcp response: POST https://compute.googleapis.com/compute/v1/projects/mock-project/global/routes => 200
I0306 19:13:50.078419   32114 mockgcp_http.go:291] mockgcp request: GET https://compute.googleapis.com/compute/v1/projects/mock-project/global/operations/operation-1772824430078-9081cb6d-9979-439e-b1c5-37b42e00c08b
I0306 19:13:50.079109   32114 mockgcp_http.go:320] mockgcp response: GET https://compute.googleapis.com/compute/v1/projects/mock-project/global/operations/operation-1772824430078-9081cb6d-9979-439e-b1c5-37b42e00c08b => 200
I0306 19:13:50.079242   32114 mockgcp_http.go:291] mockgcp request: POST https://compute.googleapis.com/compute/v1/projects/mock-project/global/routes
I0306 19:13:50.079727   32114 operations.go:121] "storing operation" fqn="projects/mock-project/global/operations/operation-1772824430079-18e12e3c-06b1-43ef-8f07-c2a0a7088edb"
I0306 19:13:50.079873   32114 mockgcp_http.go:320] mockgcp response: POST https://compute.googleapis.com/compute/v1/projects/mock-project/global/routes => 200
I0306 19:13:50.079929   32114 mockgcp_http.go:291] mockgcp request: GET https://compute.googleapis.com/compute/v1/projects/mock-project/global/operations/operation-1772824430079-18e12e3c-06b1-43ef-8f07-c2a0a7088edb
I0306 19:13:50.080351   32114 mockgcp_http.go:320] mockgcp response: GET https://compute.googleapis.com/compute/v1/projects/mock-project/global/operations/operation-1772824430079-18e12e3c-06b1-43ef-8f07-c2a0a7088edb => 200
I0306 19:13:50.080434   32114 mockgcp_http.go:291] mockgcp request: POST https://compute.googleapis.com/compute/v1/projects/mock-project/global/routes
I0306 19:13:50.080844   32114 operations.go:121] "storing operation" fqn="projects/mock-project/global/operations/operation-1772824430080-70b1c49c-8dcc-423a-8b01-f5e37947a0c8"
I0306 19:13:50.081060   32114 mockgcp_http.go:320] mockgcp response: POST https://compute.googleapis.com/compute/v1/projects/mock-project/global/routes => 200
I0306 19:13:50.081119   32114 mockgcp_http.go:291] mockgcp request: GET https://compute.googleapis.com/compute/v1/projects/mock-project/global/operations/operation-1772824430080-70b1c49c-8dcc-423a-8b01-f5e37947a0c8
I0306 19:13:50.081554   32114 mockgcp_http.go:320] mockgcp response: GET https://compute.googleapis.com/compute/v1/projects/mock-project/global/operations/operation-1772824430080-70b1c49c-8dcc-423a-8b01-f5e37947a0c8 => 200
I0306 19:13:50.081657   32114 mockgcp_http.go:291] mockgcp request: POST https://compute.googleapis.com/compute/v1/projects/mock-project/global/routes
I0306 19:13:50.082145   32114 operations.go:121] "storing operation" fqn="projects/mock-project/global/operations/operation-1772824430082-457a036a-d2e3-4769-973d-bfb736eec229"
I0306 19:13:50.082301   32114 mockgcp_http.go:320] mockgcp response: POST https://compute.googleapis.com/compute/v1/projects/mock-project/global/routes => 200
I0306 19:13:50.082359   32114 mockgcp_http.go:291] mockgcp request: GET https://compute.googleapis.com/compute/v1/projects/mock-project/global/operations/operation-1772824430082-457a036a-d2e3-4769-973d-bfb736eec229
I0306 19:13:50.082737   32114 mockgcp_http.go:320] mockgcp response: GET https://compute.googleapis.com/compute/v1/projects/mock-project/global/operations/operation-1772824430082-457a036a-d2e3-4769-973d-bfb736eec229 => 200
I0306 19:13:50.082824   32114 mockgcp_http.go:291] mockgcp request: POST https://compute.googleapis.com/compute/v1/projects/mock-project/global/routes
I0306 19:13:50.083204   32114 operations.go:121] "storing operation" fqn="projects/mock-project/global/operations/operation-1772824430083-2f729af2-5660-4aa0-930b-d870b11f9ace"
I0306 19:13:50.083389   32114 mockgcp_http.go:320] mockgcp response: POST https://compute.googleapis.com/compute/v1/projects/mock-project/global/routes => 200
I0306 19:13:50.083480   32114 mockgcp_http.go:291] mockgcp request: GET https://compute.googleapis.com/compute/v1/projects/mock-project/global/operations/operation-1772824430083-2f729af2-5660-4aa0-930b-d870b11f9ace
I0306 19:13:50.083866   32114 mockgcp_http.go:320] mockgcp response: GET https://compute.googleapis.com/compute/v1/projects/mock-project/global/operations/operation-1772824430083-2f729af2-5660-4aa0-930b-d870b11f9ace => 200
I0306 19:13:50.083937   32114 mockgcp_http.go:291] mockgcp request: POST https://compute.googleapis.com/compute/v1/projects/mock-project/global/routes
I0306 19:13:50.084319   32114 operations.go:121] "storing operation" fqn="projects/mock-project/global/operations/operation-1772824430084-e1bc322b-1d40-4867-989f-68317f1a554f"
I0306 19:13:50.084483   32114 mockgcp_http.go:320] mockgcp response: POST https://compute.googleapis.com/compute/v1/projects/mock-project/global/routes => 200
I0306 19:13:50.084535   32114 mockgcp_http.go:291] mockgcp request: GET https://compute.googleapis.com/compute/v1/projects/mock-project/global/operations/operation-1772824430084-e1bc322b-1d40-4867-989f-68317f1a554f
I0306 19:13:50.084817   32114 mockgcp_http.go:320] mockgcp response: GET https://compute.googleapis.com/compute/v1/projects/mock-project/global/operations/operation-1772824430084-e1bc322b-1d40-4867-989f-68317f1a554f => 200
I0306 19:13:50.084873   32114 mockgcp_http.go:291] mockgcp request: POST https://compute.googleapis.com/compute/v1/projects/mock-project/global/routes
I0306 19:13:50.085165   32114 operations.go:121] "storing operation" fqn="projects/mock-project/global/operations/operation-1772824430085-436d9a2c-9497-4741-a284-58f6b1ee2c75"
I0306 19:13:50.085313   32114 mockgcp_http.go:320] mockgcp response: POST https://compute.googleapis.com/compute/v1/projects/mock-project/global/routes => 200
I0306 19:13:50.085379   32114 mockgcp_http.go:291] mockgcp request: GET https://compute.googleapis.com/compute/v1/projects/mock-project/global/operations/operation-1772824430085-436d9a2c-9497-4741-a284-58f6b1ee2c75
I0306 19:13:50.085763   32114 mockgcp_http.go:320] mockgcp response: GET https://compute.googleapis.com/compute/v1/projects/mock-project/global/operations/operation-1772824430085-436d9a2c-9497-4741-a284-58f6b1ee2c75 => 200
I0306 19:13:50.085826   32114 mockgcp_http.go:291] mockgcp request: POST https://compute.googleapis.com/compute/v1/projects/mock-project/global/routes
I0306 19:13:50.086325   32114 operations.go:121] "storing operation" fqn="projects/mock-project/global/operations/operation-1772824430086-5c2fc446-00ae-421f-9320-34827146cf1e"
I0306 19:13:50.086542   32114 mockgcp_http.go:320] mockgcp response: POST https://compute.googleapis.com/compute/v1/projects/mock-project/global/routes => 200
I0306 19:13:50.086592   32114 mockgcp_http.go:291] mockgcp request: GET https://compute.googleapis.com/compute/v1/projects/mock-project/global/operations/operation-1772824430086-5c2fc446-00ae-421f-9320-34827146cf1e
I0306 19:13:50.086937   32114 mockgcp_http.go:320] mockgcp response: GET https://compute.googleapis.com/compute/v1/projects/mock-project/global/operations/operation-1772824430086-5c2fc446-00ae-421f-9320-34827146cf1e => 200
I0306 19:13:50.087026   32114 mockgcp_http.go:291] mockgcp request: POST https://compute.googleapis.com/compute/v1/projects/mock-project/global/routes
I0306 19:13:50.087520   32114 operations.go:121] "storing operation" fqn="projects/mock-project/global/operations/operation-1772824430087-36ea2702-f7c6-48cc-82f9-43d968881fcb"
I0306 19:13:50.087707   32114 mockgcp_http.go:320] mockgcp response: POST https://compute.googleapis.com/compute/v1/projects/mock-project/global/routes => 200
I0306 19:13:50.087753   32114 mockgcp_http.go:291] mockgcp request: GET https://compute.googleapis.com/compute/v1/projects/mock-project/global/operations/operation-1772824430087-36ea2702-f7c6-48cc-82f9-43d968881fcb
I0306 19:13:50.088495   32114 mockgcp_http.go:320] mockgcp response: GET https://compute.googleapis.com/compute/v1/projects/mock-project/global/operations/operation-1772824430087-36ea2702-f7c6-48cc-82f9-43d968881fcb => 200
I0306 19:13:50.088630   32114 mockgcp_http.go:291] mockgcp request: POST https://compute.googleapis.com/compute/v1/projects/mock-project/global/routes
I0306 19:13:50.089261   32114 operations.go:121] "storing operation" fqn="projects/mock-project/global/operations/operation-1772824430089-325c8908-96bb-4867-bde9-3bd581edea22"
I0306 19:13:50.089477   32114 mockgcp_http.go:320] mockgcp response: POST https://compute.googleapis.com/compute/v1/projects/mock-project/global/routes => 200
I0306 19:13:50.089551   32114 mockgcp_http.go:291] mockgcp request: GET https://compute.googleapis.com/compute/v1/projects/mock-project/global/operations/operation-1772824430089-325c8908-96bb-4867-bde9-3bd581edea22
I0306 19:13:50.089995   32114 mockgcp_http.go:320] mockgcp response: GET https://compute.googleapis.com/compute/v1/projects/mock-project/global/operations/operation-1772824430089-325c8908-96bb-4867-bde9-3bd581edea22 => 200
I0306 19:13:50.090139   32114 mockgcp_http.go:291] mockgcp request: POST https://compute.googleapis.com/compute/v1/projects/mock-project/global/routes
I0306 19:13:50.090670   32114 operations.go:121] "storing operation" fqn="projects/mock-project/global/operations/operation-1772824430090-6754585c-9a6b-405c-ac04-8a51f42137f6"
I0306 19:13:50.090788   32114 mockgcp_http.go:320] mockgcp response: POST https://compute.googleapis.com/compute/v1/projects/mock-project/global/routes => 200
I0306 19:13:50.090843   32114 mockgcp_http.go:291] mockgcp request: GET https://compute.googleapis.com/compute/v1/projects/mock-project/global/operations/operation-1772824430090-6754585c-9a6b-405c-ac04-8a51f42137f6
I0306 19:13:50.091167   32114 mockgcp_http.go:320] mockgcp response: GET https://compute.googleapis.com/compute/v1/projects/mock-project/global/operations/operation-1772824430090-6754585c-9a6b-405c-ac04-8a51f42137f6 => 200
I0306 19:13:50.091256   32114 mockgcp_http.go:291] mockgcp request: POST https://compute.googleapis.com/compute/v1/projects/mock-project/global/routes
I0306 19:13:50.091734   32114 operations.go:121] "storing operation" fqn="projects/mock-project/global/operations/operation-1772824430091-365739e9-35a4-46f2-82a2-09ebd8d323c3"
I0306 19:13:50.091904   32114 mockgcp_http.go:320] mockgcp response: POST https://compute.googleapis.com/compute/v1/projects/mock-project/global/routes => 200
I0306 19:13:50.092040   32114 mockgcp_http.go:291] mockgcp request: GET https://compute.googleapis.com/compute/v1/projects/mock-project/global/operations/operation-1772824430091-365739e9-35a4-46f2-82a2-09ebd8d323c3
I0306 19:13:50.092480   32114 mockgcp_http.go:320] mockgcp response: GET https://compute.googleapis.com/compute/v1/projects/mock-project/global/operations/operation-1772824430091-365739e9-35a4-46f2-82a2-09ebd8d323c3 => 200
I0306 19:13:50.092559   32114 mockgcp_http.go:291] mockgcp request: POST https://compute.googleapis.com/compute/v1/projects/mock-project/global/routes
I0306 19:13:50.093020   32114 operations.go:121] "storing operation" fqn="projects/mock-project/global/operations/operation-1772824430092-91d70c41-30be-46fc-a237-8d26cf65e33a"
I0306 19:13:50.093264   32114 mockgcp_http.go:320] mockgcp response: POST https://compute.googleapis.com/compute/v1/projects/mock-project/global/routes => 200
I0306 19:13:50.093369   32114 mockgcp_http.go:291] mockgcp request: GET https://compute.googleapis.com/compute/v1/projects/mock-project/global/operations/operation-1772824430092-91d70c41-30be-46fc-a237-8d26cf65e33a
I0306 19:13:50.093868   32114 mockgcp_http.go:320] mockgcp response: GET https://compute.googleapis.com/compute/v1/projects/mock-project/global/operations/operation-1772824430092-91d70c41-30be-46fc-a237-8d26cf65e33a => 200
I0306 19:13:50.093973   32114 mockgcp_http.go:291] mockgcp request: POST https://compute.googleapis.com/compute/v1/projects/mock-project/global/routes
I0306 19:13:50.094425   32114 operations.go:121] "storing operation" fqn="projects/mock-project/global/operations/operation-1772824430094-ef7e9332-73fa-4759-bd93-f5fa508a47ee"
I0306 19:13:50.094596   32114 mockgcp_http.go:320] mockgcp response: POST https://compute.googleapis.com/compute/v1/projects/mock-project/global/routes => 200
I0306 19:13:50.094668   32114 mockgcp_http.go:291] mockgcp request: GET https://compute.googleapis.com/compute/v1/projects/mock-project/global/operations/operation-1772824430094-ef7e9332-73fa-4759-bd93-f5fa508a47ee
I0306 19:13:50.095010   32114 mockgcp_http.go:320] mockgcp response: GET https://compute.googleapis.com/compute/v1/projects/mock-project/global/operations/operation-1772824430094-ef7e9332-73fa-4759-bd93-f5fa508a47ee => 200
I0306 19:13:50.095088   32114 mockgcp_http.go:291] mockgcp request: POST https://compute.googleapis.com/compute/v1/projects/mock-project/global/routes
I0306 19:13:50.095463   32114 operations.go:121] "storing operation" fqn="projects/mock-project/global/operations/operation-1772824430095-05bec7ce-d4d3-4fa7-82ae-e7e0bb54c5f9"
I0306 19:13:50.095615   32114 mockgcp_http.go:320] mockgcp response: POST https://compute.googleapis.com/compute/v1/projects/mock-project/global/routes => 200
I0306 19:13:50.095675   32114 mockgcp_http.go:291] mockgcp request: GET https://compute.googleapis.com/compute/v1/projects/mock-project/global/operations/operation-1772824430095-05bec7ce-d4d3-4fa7-82ae-e7e0bb54c5f9
I0306 19:13:50.096017   32114 mockgcp_http.go:320] mockgcp response: GET https://compute.googleapis.com/compute/v1/projects/mock-project/global/operations/operation-1772824430095-05bec7ce-d4d3-4fa7-82ae-e7e0bb54c5f9 => 200
I0306 19:13:50.096111   32114 mockgcp_http.go:291] mockgcp request: POST https://compute.googleapis.com/compute/v1/projects/mock-project/global/routes
I0306 19:13:50.096540   32114 operations.go:121] "storing operation" fqn="projects/mock-project/global/operations/operation-1772824430096-2c9c0dc1-fe9c-4167-be40-2e8cee1a8ee2"
I0306 19:13:50.096816   32114 mockgcp_http.go:320] mockgcp response: POST https://compute.googleapis.com/compute/v1/projects/mock-project/global/routes => 200
I0306 19:13:50.096960   32114 mockgcp_http.go:291] mockgcp request: GET https://compute.googleapis.com/compute/v1/projects/mock-project/global/operations/operation-1772824430096-2c9c0dc1-fe9c-4167-be40-2e8cee1a8ee2
I0306 19:13:50.097392   32114 mockgcp_http.go:320] mockgcp response: GET https://compute.googleapis.com/compute/v1/projects/mock-project/global/operations/operation-1772824430096-2c9c0dc1-fe9c-4167-be40-2e8cee1a8ee2 => 200
I0306 19:13:50.097479   32114 mockgcp_http.go:291] mockgcp request: POST https://compute.googleapis.com/compute/v1/projects/mock-project/global/routes
I0306 19:13:50.097831   32114 operations.go:121] "storing operation" fqn="projects/mock-project/global/operations/operation-1772824430097-cc3f26fa-6914-419e-917c-0c7bd98d5acf"
I0306 19:13:50.098008   32114 mockgcp_http.go:320] mockgcp response: POST https://compute.googleapis.com/compute/v1/projects/mock-project/global/routes => 200
I0306 19:13:50.098059   32114 mockgcp_http.go:291] mockgcp request: GET https://compute.googleapis.com/compute/v1/projects/mock-project/global/operations/operation-1772824430097-cc3f26fa-6914-419e-917c-0c7bd98d5acf
I0306 19:13:50.098562   32114 mockgcp_http.go:320] mockgcp response: GET https://compute.googleapis.com/compute/v1/projects/mock-project/global/operations/operation-1772824430097-cc3f26fa-6914-419e-917c-0c7bd98d5acf => 200
I0306 19:13:50.172863   32114 mockgcp_http.go:291] mockgcp request: GET https://cloudresourcemanager.googleapis.com/v1/operations/operation-1772824429971-24d4e7fc-380c-4e14-90fd-8d68502d0900?alt=json&prettyPrint=false
I0306 19:13:50.173070   32114 mockgcp_http.go:320] mockgcp response: GET https://cloudresourcemanager.googleapis.com/v1/operations/operation-1772824429971-24d4e7fc-380c-4e14-90fd-8d68502d0900?alt=json&prettyPrint=false => 200
I0306 19:13:50.273589   32114 mockgcp_http.go:291] mockgcp request: GET https://cloudresourcemanager.googleapis.com/v1/operations/operation-1772824429971-24d4e7fc-380c-4e14-90fd-8d68502d0900?alt=json&prettyPrint=false
I0306 19:13:50.273793   32114 mockgcp_http.go:320] mockgcp response: GET https://cloudresourcemanager.googleapis.com/v1/operations/operation-1772824429971-24d4e7fc-380c-4e14-90fd-8d68502d0900?alt=json&prettyPrint=false => 200
I0306 19:13:50.374229   32114 mockgcp_http.go:291] mockgcp request: GET https://cloudresourcemanager.googleapis.com/v1/operations/operation-1772824429971-24d4e7fc-380c-4e14-90fd-8d68502d0900?alt=json&prettyPrint=false
I0306 19:13:50.374411   32114 mockgcp_http.go:320] mockgcp response: GET https://cloudresourcemanager.googleapis.com/v1/operations/operation-1772824429971-24d4e7fc-380c-4e14-90fd-8d68502d0900?alt=json&prettyPrint=false => 200
I0306 19:13:50.474888   32114 mockgcp_http.go:291] mockgcp request: GET https://cloudresourcemanager.googleapis.com/v1/operations/operation-1772824429971-24d4e7fc-380c-4e14-90fd-8d68502d0900?alt=json&prettyPrint=false
I0306 19:13:50.475085   32114 mockgcp_http.go:320] mockgcp response: GET https://cloudresourcemanager.googleapis.com/v1/operations/operation-1772824429971-24d4e7fc-380c-4e14-90fd-8d68502d0900?alt=json&prettyPrint=false => 200
I0306 19:13:50.575584   32114 mockgcp_http.go:291] mockgcp request: GET https://cloudresourcemanager.googleapis.com/v1/operations/operation-1772824429971-24d4e7fc-380c-4e14-90fd-8d68502d0900?alt=json&prettyPrint=false
I0306 19:13:50.575788   32114 mockgcp_http.go:320] mockgcp response: GET https://cloudresourcemanager.googleapis.com/v1/operations/operation-1772824429971-24d4e7fc-380c-4e14-90fd-8d68502d0900?alt=json&prettyPrint=false => 200
I0306 19:13:50.676299   32114 mockgcp_http.go:291] mockgcp request: GET https://cloudresourcemanager.googleapis.com/v1/operations/operation-1772824429971-24d4e7fc-380c-4e14-90fd-8d68502d0900?alt=json&prettyPrint=false
I0306 19:13:50.676520   32114 mockgcp_http.go:320] mockgcp response: GET https://cloudresourcemanager.googleapis.com/v1/operations/operation-1772824429971-24d4e7fc-380c-4e14-90fd-8d68502d0900?alt=json&prettyPrint=false => 200
I0306 19:13:50.777023   32114 mockgcp_http.go:291] mockgcp request: GET https://cloudresourcemanager.googleapis.com/v1/operations/operation-1772824429971-24d4e7fc-380c-4e14-90fd-8d68502d0900?alt=json&prettyPrint=false
I0306 19:13:50.777220   32114 mockgcp_http.go:320] mockgcp response: GET https://cloudresourcemanager.googleapis.com/v1/operations/operation-1772824429971-24d4e7fc-380c-4e14-90fd-8d68502d0900?alt=json&prettyPrint=false => 200
I0306 19:13:50.877678   32114 mockgcp_http.go:291] mockgcp request: GET https://cloudresourcemanager.googleapis.com/v1/operations/operation-1772824429971-24d4e7fc-380c-4e14-90fd-8d68502d0900?alt=json&prettyPrint=false
I0306 19:13:50.877880   32114 mockgcp_http.go:320] mockgcp response: GET https://cloudresourcemanager.googleapis.com/v1/operations/operation-1772824429971-24d4e7fc-380c-4e14-90fd-8d68502d0900?alt=json&prettyPrint=false => 200
I0306 19:13:50.915969   32114 mockgcp_http.go:291] mockgcp request: GET https://compute.googleapis.com/compute/v1/projects/mock-project/global/operations/operation-1772824429983-00674e52-64bc-45c4-9d74-d92d1461b378
I0306 19:13:50.916661   32114 mockgcp_http.go:320] mockgcp response: GET https://compute.googleapis.com/compute/v1/projects/mock-project/global/operations/operation-1772824429983-00674e52-64bc-45c4-9d74-d92d1461b378 => 200
I0306 19:13:50.978495   32114 mockgcp_http.go:291] mockgcp request: GET https://cloudresourcemanager.googleapis.com/v1/operations/operation-1772824429971-24d4e7fc-380c-4e14-90fd-8d68502d0900?alt=json&prettyPrint=false
I0306 19:13:50.978755   32114 mockgcp_http.go:320] mockgcp response: GET https://cloudresourcemanager.googleapis.com/v1/operations/operation-1772824429971-24d4e7fc-380c-4e14-90fd-8d68502d0900?alt=json&prettyPrint=false => 200
I0306 19:13:50.978836   32114 mockgcp_http.go:291] mockgcp request: GET https://cloudresourcemanager.googleapis.com/v1/projects/mock-project?alt=json&prettyPrint=false
I0306 19:13:50.979570   32114 mockgcp_http.go:320] mockgcp response: GET https://cloudresourcemanager.googleapis.com/v1/projects/mock-project?alt=json&prettyPrint=false => 200
2026/03/06 19:13:51 [INFO] Authenticating using configured Google JSON 'access_token'...
2026/03/06 19:13:51 [INFO]   -- Scopes: [https://www.googleapis.com/auth/cloud-platform https://www.googleapis.com/auth/userinfo.email https://www.googleapis.com/auth/drive.readonly]
2026/03/06 19:13:51 [INFO] Authenticating using configured Google JSON 'access_token'...
2026/03/06 19:13:51 [INFO]   -- Scopes: [https://www.googleapis.com/auth/cloud-platform https://www.googleapis.com/auth/userinfo.email https://www.googleapis.com/auth/drive.readonly]
2026/03/06 19:13:51 [DEBUG] Waiting for state to become: [success]
I0306 19:13:51.047410   32114 mockgcp_http.go:291] mockgcp request: GET https://openidconnect.googleapis.com/v1/userinfo?alt=json
2026/03/06 19:13:51 response: 200 {"email":"test@example.com"}
2026/03/06 19:13:51 [INFO] Terraform is using this identity: test@example.com
{"severity":"info","timestamp":"2026-03-06T19:13:51.265Z","logger":"controller-runtime.webhook","msg":"Registering webhook","path":"/deny-unknown-fields"}
{"severity":"info","timestamp":"2026-03-06T19:13:51.265Z","logger":"controller-runtime.webhook","msg":"Registering webhook","path":"/iam-validation"}
{"severity":"info","timestamp":"2026-03-06T19:13:51.265Z","logger":"controller-runtime.webhook","msg":"Registering webhook","path":"/iam-defaulter"}
{"severity":"info","timestamp":"2026-03-06T19:13:51.265Z","logger":"controller-runtime.webhook","msg":"Registering webhook","path":"/container-annotation-handler"}
{"severity":"info","timestamp":"2026-03-06T19:13:51.269Z","logger":"controller-runtime.webhook","msg":"Registering webhook","path":"/management-conflict-annotation-defaulter"}
{"severity":"info","timestamp":"2026-03-06T19:13:51.269Z","logger":"controller-runtime.webhook","msg":"Registering webhook","path":"/generic-defaulter"}
{"severity":"info","timestamp":"2026-03-06T19:13:51.270Z","logger":"controller-runtime.webhook","msg":"Registering webhook","path":"/resource-validation"}
{"severity":"info","timestamp":"2026-03-06T19:13:51.270Z","logger":"controller-runtime.webhook","msg":"Registering webhook","path":"/state-into-spec-validation"}
    harness.go:762: waiting for webhook to start (webhook server has not been started yet)
{"severity":"info","timestamp":"2026-03-06T19:13:51.270Z","logger":"controller-runtime.webhook","msg":"Starting webhook server"}
{"severity":"info","timestamp":"2026-03-06T19:13:51.271Z","logger":"controller-runtime.certwatcher","msg":"Updated current TLS certificate"}
{"severity":"info","timestamp":"2026-03-06T19:13:51.272Z","logger":"controller-runtime.webhook","msg":"Serving webhook server","host":"127.0.0.1","port":45987}
{"severity":"info","timestamp":"2026-03-06T19:13:51.272Z","logger":"controller-runtime.certwatcher","msg":"Starting certificate poll+watcher","interval":"10s"}
    script_test.go:129: ***/Step 0: APPLY StorageBucket mock-project/backup-bucket-srtjsevubzporma
{"severity":"info","timestamp":"2026-03-06T19:13:51.656Z","msg":"processing request","operation":"CREATE","handler":"container annotation handler","kind":"StorageBucket","resource":{"name":"backup-bucket-srtjsevubzporma","namespace":"mock-project"}}
{"severity":"info","timestamp":"2026-03-06T19:13:51.659Z","msg":"done processing request","operation":"CREATE","handler":"container annotation handler","kind":"StorageBucket","resource":{"name":"backup-bucket-srtjsevubzporma","namespace":"mock-project"}}
{"severity":"info","timestamp":"2026-03-06T19:13:51.661Z","msg":"processing request","operation":"CREATE","handler":"generic defaulter","kind":"StorageBucket","resource":{"name":"backup-bucket-srtjsevubzporma","namespace":"mock-project"}}
{"severity":"info","timestamp":"2026-03-06T19:13:51.661Z","msg":"done processing request","operation":"CREATE","handler":"generic defaulter","kind":"StorageBucket","resource":{"name":"backup-bucket-srtjsevubzporma","namespace":"mock-project"},"result-code":200,"result-reason":""}
{"severity":"info","timestamp":"2026-03-06T19:13:51.663Z","msg":"processing request","operation":"CREATE","handler":"management conflict annotation defaulter","kind":"StorageBucket","resource":{"name":"backup-bucket-srtjsevubzporma","namespace":"mock-project"}}
{"severity":"info","timestamp":"2026-03-06T19:13:51.666Z","msg":"done processing request","operation":"CREATE","handler":"management conflict annotation defaulter","kind":"StorageBucket","resource":{"name":"backup-bucket-srtjsevubzporma","namespace":"mock-project"}}
{"severity":"info","timestamp":"2026-03-06T19:13:51.672Z","msg":"processing request","operation":"CREATE","handler":"state-into-spec validation","kind":"StorageBucket","resource":{"name":"backup-bucket-srtjsevubzporma","namespace":"mock-project"}}
{"severity":"info","timestamp":"2026-03-06T19:13:51.672Z","msg":"processing request","operation":"CREATE","handler":"unknown fields validation","kind":"StorageBucket","resource":{"name":"backup-bucket-srtjsevubzporma","namespace":"mock-project"}}
{"severity":"info","timestamp":"2026-03-06T19:13:51.672Z","msg":"done processing request","operation":"CREATE","handler":"state-into-spec validation","kind":"StorageBucket","resource":{"name":"backup-bucket-srtjsevubzporma","namespace":"mock-project"},"result-code":200,"result-reason":""}
{"severity":"info","timestamp":"2026-03-06T19:13:51.772Z","msg":"done processing request","operation":"CREATE","handler":"unknown fields validation","kind":"StorageBucket","resource":{"name":"backup-bucket-srtjsevubzporma","namespace":"mock-project"},"result-code":200,"result-reason":""}
{"severity":"error","timestamp":"2026-03-06T19:13:51.774Z","msg":"skipping controller registration","group":"bigtable.cnrm.cloud.google.com","version":"v1alpha1","kind":"BigtableAuthorizedView","error":"unrecognized CRD: BigtableAuthorizedView"}
{"severity":"error","timestamp":"2026-03-06T19:13:51.781Z","msg":"skipping controller registration","group":"analytics.cnrm.cloud.google.com","version":"v1alpha1","kind":"AnalyticsAccount","error":"unrecognized CRD: AnalyticsAccount"}
{"severity":"error","timestamp":"2026-03-06T19:13:51.782Z","msg":"skipping controller registration","group":"compute.cnrm.cloud.google.com","version":"v1alpha1","kind":"ComputeInterconnect","error":"unrecognized CRD: ComputeInterconnect"}
{"severity":"error","timestamp":"2026-03-06T19:13:51.785Z","msg":"skipping controller registration","group":"billing.cnrm.cloud.google.com","version":"v1alpha1","kind":"BillingAccount","error":"unrecognized CRD: BillingAccount"}
{"severity":"error","timestamp":"2026-03-06T19:13:51.786Z","msg":"skipping controller registration","group":"parametermanager.cnrm.cloud.google.com","version":"v1alpha1","kind":"ParameterManagerParameter","error":"unrecognized CRD: ParameterManagerParameter"}
{"severity":"error","timestamp":"2026-03-06T19:13:51.790Z","msg":"skipping controller registration","group":"iam.cnrm.cloud.google.com","version":"v1alpha1","kind":"IAMDenyPolicy","error":"unrecognized CRD: IAMDenyPolicy"}
{"severity":"error","timestamp":"2026-03-06T19:13:51.793Z","msg":"skipping controller registration","group":"bigquerybiglake.cnrm.cloud.google.com","version":"v1alpha1","kind":"BigLakeDatabase","error":"unrecognized CRD: BigLakeDatabase"}
{"severity":"error","timestamp":"2026-03-06T19:13:51.793Z","msg":"skipping controller registration","group":"discoveryengine.cnrm.cloud.google.com","version":"v1alpha1","kind":"DiscoveryEngineEngine","error":"unrecognized CRD: DiscoveryEngineEngine"}
{"severity":"error","timestamp":"2026-03-06T19:13:51.800Z","msg":"skipping controller registration","group":"clouddeploy.cnrm.cloud.google.com","version":"v1alpha1","kind":"DeployCustomTargetType","error":"unrecognized CRD: DeployCustomTargetType"}
{"severity":"error","timestamp":"2026-03-06T19:13:51.811Z","msg":"skipping controller registration","group":"assuredworkloads.cnrm.cloud.google.com","version":"v1alpha1","kind":"AssuredWorkloadsWorkload","error":"unrecognized CRD: AssuredWorkloadsWorkload"}
{"severity":"error","timestamp":"2026-03-06T19:13:51.844Z","msg":"skipping controller registration","group":"storage.cnrm.cloud.google.com","version":"v1alpha1","kind":"StorageManagedFolder","error":"unrecognized CRD: StorageManagedFolder"}
{"severity":"info","timestamp":"2026-03-06T19:13:51.853Z","msg":"registering the GSA-Key-to-Secret generation controller"}
{"severity":"error","timestamp":"2026-03-06T19:13:51.857Z","msg":"skipping controller registration","group":"clouddms.cnrm.cloud.google.com","version":"v1alpha1","kind":"CloudDMSPrivateConnection","error":"unrecognized CRD: CloudDMSPrivateConnection"}
{"severity":"info","timestamp":"2026-03-06T19:13:51.857Z","msg":"resource does not yet have status","kind":"StorageBucket","name":"backup-bucket-srtjsevubzporma"}
{"severity":"error","timestamp":"2026-03-06T19:13:51.859Z","msg":"skipping controller registration","group":"configdelivery.cnrm.cloud.google.com","version":"v1alpha1","kind":"ConfigDeliveryResourceBundle","error":"unrecognized CRD: ConfigDeliveryResourceBundle"}
{"severity":"error","timestamp":"2026-03-06T19:13:51.859Z","msg":"skipping controller registration","group":"clouddeploy.cnrm.cloud.google.com","version":"v1alpha1","kind":"CloudDeployDeployPolicy","error":"unrecognized CRD: CloudDeployDeployPolicy"}
{"severity":"error","timestamp":"2026-03-06T19:13:51.859Z","msg":"skipping controller registration","group":"apphub.cnrm.cloud.google.com","version":"v1alpha1","kind":"AppHubDiscoveredWorkload","error":"unrecognized CRD: AppHubDiscoveredWorkload"}
{"severity":"error","timestamp":"2026-03-06T19:13:51.874Z","msg":"skipping controller registration","group":"certificatemanager.cnrm.cloud.google.com","version":"v1alpha1","kind":"CertificateManagerCertificateIssuanceConfig","error":"unrecognized CRD: CertificateManagerCertificateIssuanceConfig"}
{"severity":"error","timestamp":"2026-03-06T19:13:51.874Z","msg":"skipping controller registration","group":"netapp.cnrm.cloud.google.com","version":"v1alpha1","kind":"NetAppBackupVault","error":"unrecognized CRD: NetAppBackupVault"}
{"severity":"error","timestamp":"2026-03-06T19:13:51.877Z","msg":"skipping controller registration","group":"bigquerybiglake.cnrm.cloud.google.com","version":"v1alpha1","kind":"BigLakeCatalog","error":"unrecognized CRD: BigLakeCatalog"}
{"severity":"error","timestamp":"2026-03-06T19:13:51.885Z","msg":"skipping controller registration","group":"discoveryengine.cnrm.cloud.google.com","version":"v1alpha1","kind":"DiscoveryEngineDataStoreTargetSite","error":"unrecognized CRD: DiscoveryEngineDataStoreTargetSite"}
{"severity":"error","timestamp":"2026-03-06T19:13:51.981Z","msg":"skipping controller registration","group":"dataproc.cnrm.cloud.google.com","version":"v1alpha1","kind":"DataprocNodeGroup","error":"unrecognized CRD: DataprocNodeGroup"}
{"severity":"error","timestamp":"2026-03-06T19:13:52.055Z","msg":"skipping controller registration","group":"managedkafka.cnrm.cloud.google.com","version":"v1alpha1","kind":"ManagedKafkaConsumerGroup","error":"unrecognized CRD: ManagedKafkaConsumerGroup"}
{"severity":"error","timestamp":"2026-03-06T19:13:52.061Z","msg":"skipping controller registration","group":"apphub.cnrm.cloud.google.com","version":"v1alpha1","kind":"AppHubDiscoveredService","error":"unrecognized CRD: AppHubDiscoveredService"}
{"severity":"error","timestamp":"2026-03-06T19:13:52.062Z","msg":"skipping controller registration","group":"bigtable.cnrm.cloud.google.com","version":"v1alpha1","kind":"BigtableBackup","error":"unrecognized CRD: BigtableBackup"}
{"severity":"error","timestamp":"2026-03-06T19:13:52.062Z","msg":"skipping controller registration","group":"clouddms.cnrm.cloud.google.com","version":"v1alpha1","kind":"CloudDMSMigrationJob","error":"unrecognized CRD: CloudDMSMigrationJob"}
{"severity":"error","timestamp":"2026-03-06T19:13:52.062Z","msg":"skipping controller registration","group":"aiplatform.cnrm.cloud.google.com","version":"v1alpha1","kind":"AIPlatformModel","error":"unrecognized CRD: AIPlatformModel"}
{"severity":"error","timestamp":"2026-03-06T19:13:52.064Z","msg":"skipping controller registration","group":"tpu.cnrm.cloud.google.com","version":"v1alpha1","kind":"TPUVirtualMachine","error":"unrecognized CRD: TPUVirtualMachine"}
{"severity":"error","timestamp":"2026-03-06T19:13:52.068Z","msg":"skipping controller registration","group":"batch.cnrm.cloud.google.com","version":"v1alpha1","kind":"BatchTask","error":"unrecognized CRD: BatchTask"}
{"severity":"error","timestamp":"2026-03-06T19:13:52.068Z","msg":"skipping controller registration","group":"clouddms.cnrm.cloud.google.com","version":"v1alpha1","kind":"CloudDMSConversionWorkspace","error":"unrecognized CRD: CloudDMSConversionWorkspace"}
{"severity":"error","timestamp":"2026-03-06T19:13:52.072Z","msg":"skipping controller registration","group":"edgecontainer.cnrm.cloud.google.com","version":"v1alpha1","kind":"EdgeContainerMachine","error":"unrecognized CRD: EdgeContainerMachine"}
{"severity":"error","timestamp":"2026-03-06T19:13:52.076Z","msg":"skipping controller registration","group":"firestore.cnrm.cloud.google.com","version":"v1alpha1","kind":"FirestoreBackupSchedule","error":"unrecognized CRD: FirestoreBackupSchedule"}
{"severity":"error","timestamp":"2026-03-06T19:13:52.076Z","msg":"skipping controller registration","group":"bigquerydatapolicy.cnrm.cloud.google.com","version":"v1alpha1","kind":"BigQueryDataPolicy","error":"unrecognized CRD: BigQueryDataPolicy"}
{"severity":"error","timestamp":"2026-03-06T19:13:52.076Z","msg":"skipping controller registration","group":"bigtable.cnrm.cloud.google.com","version":"v1alpha1","kind":"BigtableCluster","error":"unrecognized CRD: BigtableCluster"}
{"severity":"info","timestamp":"2026-03-06T19:13:52.860Z","msg":"resource does not yet have status","kind":"StorageBucket","name":"backup-bucket-srtjsevubzporma"}
{"severity":"info","timestamp":"2026-03-06T19:13:53.861Z","msg":"resource does not yet have status","kind":"StorageBucket","name":"backup-bucket-srtjsevubzporma"}
{"severity":"info","timestamp":"2026-03-06T19:13:54.860Z","msg":"resource does not yet have status","kind":"StorageBucket","name":"backup-bucket-srtjsevubzporma"}
{"severity":"info","timestamp":"2026-03-06T19:13:56.182Z","msg":"resource does not yet have status","kind":"StorageBucket","name":"backup-bucket-srtjsevubzporma"}
I0306 19:13:56.283559   32114 kccstate.go:38] configconnector.core.cnrm.cloud.google.com object is not found
{"severity":"info","timestamp":"2026-03-06T19:13:56.286Z","msg":"structuredreporting OnReconcileStart","controller":"storagebucket-parent-controller","controllerGroup":"storage.cnrm.cloud.google.com","controllerKind":"StorageBucket","StorageBucket":{"name":"backup-bucket-srtjsevubzporma","namespace":"mock-project"},"namespace":"mock-project","name":"backup-bucket-srtjsevubzporma","reconcileID":"2f961d63-ffb7-4629-80e7-8129687c1569","object.kind":"StorageBucket","object.name":"backup-bucket-srtjsevubzporma"}
I0306 19:13:56.286502   32114 kccstate.go:38] configconnector.core.cnrm.cloud.google.com object is not found
{"severity":"info","timestamp":"2026-03-06T19:13:56.289Z","msg":"processing request","operation":"UPDATE","handler":"unknown fields validation","kind":"StorageBucket","resource":{"name":"backup-bucket-srtjsevubzporma","namespace":"mock-project"}}
{"severity":"info","timestamp":"2026-03-06T19:13:56.289Z","msg":"processing request","operation":"UPDATE","handler":"state-into-spec validation","kind":"StorageBucket","resource":{"name":"backup-bucket-srtjsevubzporma","namespace":"mock-project"}}
{"severity":"info","timestamp":"2026-03-06T19:13:56.289Z","msg":"done processing request","operation":"UPDATE","handler":"state-into-spec validation","kind":"StorageBucket","resource":{"name":"backup-bucket-srtjsevubzporma","namespace":"mock-project"},"result-code":200,"result-reason":""}
{"severity":"info","timestamp":"2026-03-06T19:13:56.290Z","msg":"done processing request","operation":"UPDATE","handler":"unknown fields validation","kind":"StorageBucket","resource":{"name":"backup-bucket-srtjsevubzporma","namespace":"mock-project"},"result-code":200,"result-reason":""}
I0306 19:13:56.296736   32114 kccstate.go:38] configconnector.core.cnrm.cloud.google.com object is not found
2026/03/06 19:13:56 [INFO] Instantiating Google Storage client for path https://storage.googleapis.com/storage/v1/
2026/03/06 19:13:56 [DEBUG] Retry Transport: starting RoundTrip retry loop
2026/03/06 19:13:56 [DEBUG] Retry Transport: request attempt 0
I0306 19:13:56.298318   32114 mockgcp_http.go:291] mockgcp request: GET https://storage.googleapis.com/storage/v1/b/backup-bucket-srtjsevubzporma?alt=json&prettyPrint=false
I0306 19:13:56.299879   32114 mockgcp_http.go:320] mockgcp response: GET https://storage.googleapis.com/storage/v1/b/backup-bucket-srtjsevubzporma?alt=json&prettyPrint=false => 404
2026/03/06 19:13:56 [DEBUG] Retry Transport: Stopping retries, last request failed with non-retryable error: googleapi: got HTTP response code 404 with body: HTTP/0.0 404 Not Found
Cache-Control: no-cache, no-store, max-age=0, must-revalidate
Content-Type: application/json; charset=UTF-8
Expires: Mon, 01 Jan 1990 00:00:00 GMT
Pragma: no-cache
Server: UploadServer
Vary: Origin
Vary: X-Origin

{"error":{"code":404,"message":"The specified bucket does not exist.","errors":[{"domain":"global","message":"The specified bucket does not exist.","reason":"notFound"}]}}
2026/03/06 19:13:56 [DEBUG] Retry Transport: Returning after 1 attempts
2026/03/06 19:13:56 [WARN] Removing Storage Bucket "backup-bucket-srtjsevubzporma" because it's gone
{"severity":"info","timestamp":"2026-03-06T19:13:56.307Z","msg":"processing request","operation":"UPDATE","handler":"state-into-spec validation","kind":"StorageBucket","resource":{"name":"backup-bucket-srtjsevubzporma","namespace":"mock-project"}}
{"severity":"info","timestamp":"2026-03-06T19:13:56.307Z","msg":"processing request","operation":"UPDATE","handler":"unknown fields validation","kind":"StorageBucket","resource":{"name":"backup-bucket-srtjsevubzporma","namespace":"mock-project"}}
{"severity":"info","timestamp":"2026-03-06T19:13:56.307Z","msg":"done processing request","operation":"UPDATE","handler":"state-into-spec validation","kind":"StorageBucket","resource":{"name":"backup-bucket-srtjsevubzporma","namespace":"mock-project"},"result-code":200,"result-reason":""}
{"severity":"info","timestamp":"2026-03-06T19:13:56.308Z","msg":"done processing request","operation":"UPDATE","handler":"unknown fields validation","kind":"StorageBucket","resource":{"name":"backup-bucket-srtjsevubzporma","namespace":"mock-project"},"result-code":200,"result-reason":""}
{"severity":"info","timestamp":"2026-03-06T19:13:56.317Z","msg":"structuredreporting OnDiff","controller":"storagebucket-parent-controller","controllerGroup":"storage.cnrm.cloud.google.com","controllerKind":"StorageBucket","StorageBucket":{"name":"backup-bucket-srtjsevubzporma","namespace":"mock-project"},"namespace":"mock-project","name":"backup-bucket-srtjsevubzporma","reconcileID":"2f961d63-ffb7-4629-80e7-8129687c1569","diff.fields":[{"ID":"public_access_prevention","Old":"","New":""},{"ID":"name","Old":"","New":"backup-bucket-srtjsevubzporma"},{"ID":"soft_delete_policy.#","Old":"","New":""},{"ID":"website.#","Old":"","New":""},{"ID":"project","Old":"","New":"mock-project"},{"ID":"url","Old":"","New":""},{"ID":"force_destroy","Old":"","New":"false"},{"ID":"versioning.#","Old":"","New":""},{"ID":"labels.managed-by-cnrm","Old":"","New":"true"},{"ID":"location","Old":"","New":"US-CENTRAL1"},{"ID":"self_link","Old":"","New":""},{"ID":"storage_class","Old":"","New":"STANDARD"},{"ID":"uniform_bucket_level_access","Old":"","New":""}],"diff.isNewObject":true}
2026/03/06 19:13:56 [DEBUG] Waiting for state to become: [success]
2026/03/06 19:13:56 [INFO] Instantiating Google Storage client for path https://storage.googleapis.com/storage/v1/
2026/03/06 19:13:56 [DEBUG] Retry Transport: starting RoundTrip retry loop
2026/03/06 19:13:56 [DEBUG] Retry Transport: request attempt 0
I0306 19:13:56.325419   32114 mockgcp_http.go:291] mockgcp request: POST https://storage.googleapis.com/storage/v1/b?alt=json&prettyPrint=false&project=mock-project
I0306 19:13:56.327158   32114 mockgcp_http.go:320] mockgcp response: POST https://storage.googleapis.com/storage/v1/b?alt=json&prettyPrint=false&project=mock-project => 200
2026/03/06 19:13:56 [DEBUG] Retry Transport: Stopping retries, last request was successful
2026/03/06 19:13:56 [DEBUG] Retry Transport: Returning after 1 attempts
2026/03/06 19:13:56 [DEBUG] Created bucket backup-bucket-srtjsevubzporma at location https://www.googleapis.com/storage/v1/b/backup-bucket-srtjsevubzporma

2026/03/06 19:13:56 [DEBUG] Waiting for state to become: [success]
2026/03/06 19:13:56 [INFO] Instantiating Google Storage client for path https://storage.googleapis.com/storage/v1/
2026/03/06 19:13:56 [DEBUG] Retry Transport: starting RoundTrip retry loop
2026/03/06 19:13:56 [DEBUG] Retry Transport: request attempt 0
I0306 19:13:56.328913   32114 mockgcp_http.go:291] mockgcp request: GET https://storage.googleapis.com/storage/v1/b/backup-bucket-srtjsevubzporma?alt=json&prettyPrint=false
I0306 19:13:56.330465   32114 mockgcp_http.go:320] mockgcp response: GET https://storage.googleapis.com/storage/v1/b/backup-bucket-srtjsevubzporma?alt=json&prettyPrint=false => 200
2026/03/06 19:13:56 [DEBUG] Retry Transport: Stopping retries, last request was successful
2026/03/06 19:13:56 [DEBUG] Retry Transport: Returning after 1 attempts
2026/03/06 19:13:56 [INFO] Instantiating Google Storage client for path https://storage.googleapis.com/storage/v1/
2026/03/06 19:13:56 [DEBUG] Retry Transport: starting RoundTrip retry loop
2026/03/06 19:13:56 [DEBUG] Retry Transport: request attempt 0
I0306 19:13:56.330877   32114 mockgcp_http.go:291] mockgcp request: GET https://storage.googleapis.com/storage/v1/b/backup-bucket-srtjsevubzporma?alt=json&prettyPrint=false
I0306 19:13:56.331474   32114 mockgcp_http.go:320] mockgcp response: GET https://storage.googleapis.com/storage/v1/b/backup-bucket-srtjsevubzporma?alt=json&prettyPrint=false => 200
2026/03/06 19:13:56 [DEBUG] Retry Transport: Stopping retries, last request was successful
2026/03/06 19:13:56 [DEBUG] Retry Transport: Returning after 1 attempts
2026/03/06 19:13:56 [DEBUG] Read bucket backup-bucket-srtjsevubzporma at location https://www.googleapis.com/storage/v1/b/backup-bucket-srtjsevubzporma

{"severity":"info","timestamp":"2026-03-06T19:13:56.337Z","msg":"processing request","operation":"UPDATE","handler":"unknown fields validation","kind":"StorageBucket","resource":{"name":"backup-bucket-srtjsevubzporma","namespace":"mock-project"}}
{"severity":"info","timestamp":"2026-03-06T19:13:56.337Z","msg":"done processing request","operation":"UPDATE","handler":"unknown fields validation","kind":"StorageBucket","resource":{"name":"backup-bucket-srtjsevubzporma","namespace":"mock-project"},"result-code":200,"result-reason":""}
{"severity":"info","timestamp":"2026-03-06T19:13:56.337Z","msg":"processing request","operation":"UPDATE","handler":"state-into-spec validation","kind":"StorageBucket","resource":{"name":"backup-bucket-srtjsevubzporma","namespace":"mock-project"}}
{"severity":"info","timestamp":"2026-03-06T19:13:56.337Z","msg":"done processing request","operation":"UPDATE","handler":"state-into-spec validation","kind":"StorageBucket","resource":{"name":"backup-bucket-srtjsevubzporma","namespace":"mock-project"},"result-code":200,"result-reason":""}
{"severity":"info","timestamp":"2026-03-06T19:13:56.351Z","msg":"structuredreporting OnReconcileEnd","controller":"storagebucket-parent-controller","controllerGroup":"storage.cnrm.cloud.google.com","controllerKind":"StorageBucket","StorageBucket":{"name":"backup-bucket-srtjsevubzporma","namespace":"mock-project"},"namespace":"mock-project","name":"backup-bucket-srtjsevubzporma","reconcileID":"2f961d63-ffb7-4629-80e7-8129687c1569","object.kind":"StorageBucket","object.name":"backup-bucket-srtjsevubzporma","result":{"Requeue":false,"RequeueAfter":0},"error":null}
I0306 19:13:56.355326   32114 kccstate.go:38] configconnector.core.cnrm.cloud.google.com object is not found
{"severity":"info","timestamp":"2026-03-06T19:13:56.358Z","msg":"structuredreporting OnReconcileStart","controller":"storagebucket-parent-controller","controllerGroup":"storage.cnrm.cloud.google.com","controllerKind":"StorageBucket","StorageBucket":{"name":"backup-bucket-srtjsevubzporma","namespace":"mock-project"},"namespace":"mock-project","name":"backup-bucket-srtjsevubzporma","reconcileID":"16d96d18-a64d-4bba-863c-fd1446ad55af","object.kind":"StorageBucket","object.name":"backup-bucket-srtjsevubzporma"}
I0306 19:13:56.362061   32114 kccstate.go:38] configconnector.core.cnrm.cloud.google.com object is not found
2026/03/06 19:13:56 [INFO] Instantiating Google Storage client for path https://storage.googleapis.com/storage/v1/
2026/03/06 19:13:56 [DEBUG] Retry Transport: starting RoundTrip retry loop
2026/03/06 19:13:56 [DEBUG] Retry Transport: request attempt 0
I0306 19:13:56.363472   32114 mockgcp_http.go:291] mockgcp request: GET https://storage.googleapis.com/storage/v1/b/backup-bucket-srtjsevubzporma?alt=json&prettyPrint=false
I0306 19:13:56.364308   32114 mockgcp_http.go:320] mockgcp response: GET https://storage.googleapis.com/storage/v1/b/backup-bucket-srtjsevubzporma?alt=json&prettyPrint=false => 200
2026/03/06 19:13:56 [DEBUG] Retry Transport: Stopping retries, last request was successful
2026/03/06 19:13:56 [DEBUG] Retry Transport: Returning after 1 attempts
2026/03/06 19:13:56 [DEBUG] Read bucket backup-bucket-srtjsevubzporma at location https://www.googleapis.com/storage/v1/b/backup-bucket-srtjsevubzporma

{"severity":"info","timestamp":"2026-03-06T19:13:56.372Z","msg":"processing request","operation":"UPDATE","handler":"state-into-spec validation","kind":"StorageBucket","resource":{"name":"backup-bucket-srtjsevubzporma","namespace":"mock-project"}}
{"severity":"info","timestamp":"2026-03-06T19:13:56.372Z","msg":"processing request","operation":"UPDATE","handler":"unknown fields validation","kind":"StorageBucket","resource":{"name":"backup-bucket-srtjsevubzporma","namespace":"mock-project"}}
{"severity":"info","timestamp":"2026-03-06T19:13:56.372Z","msg":"done processing request","operation":"UPDATE","handler":"state-into-spec validation","kind":"StorageBucket","resource":{"name":"backup-bucket-srtjsevubzporma","namespace":"mock-project"},"result-code":200,"result-reason":""}
{"severity":"info","timestamp":"2026-03-06T19:13:56.372Z","msg":"done processing request","operation":"UPDATE","handler":"unknown fields validation","kind":"StorageBucket","resource":{"name":"backup-bucket-srtjsevubzporma","namespace":"mock-project"},"result-code":200,"result-reason":""}
{"severity":"info","timestamp":"2026-03-06T19:13:56.382Z","msg":"structuredreporting OnReconcileEnd","controller":"storagebucket-parent-controller","controllerGroup":"storage.cnrm.cloud.google.com","controllerKind":"StorageBucket","StorageBucket":{"name":"backup-bucket-srtjsevubzporma","namespace":"mock-project"},"namespace":"mock-project","name":"backup-bucket-srtjsevubzporma","reconcileID":"16d96d18-a64d-4bba-863c-fd1446ad55af","object.kind":"StorageBucket","object.name":"backup-bucket-srtjsevubzporma","result":{"Requeue":false,"RequeueAfter":0},"error":null}
{"severity":"info","timestamp":"2026-03-06T19:13:56.861Z","msg":"resource is ready","kind":"StorageBucket","name":"backup-bucket-srtjsevubzporma"}
    script_test.go:363: ignoring failure to export resource of gvk storage.cnrm.cloud.google.com/v1beta1, Kind=StorageBucket
    script_test.go:129: ***/Step 1: APPLY ComputeNetwork mock-project/backup-test-network-srtjsevubzporma
{"severity":"info","timestamp":"2026-03-06T19:13:56.874Z","msg":"processing request","operation":"CREATE","handler":"container annotation handler","kind":"ComputeNetwork","resource":{"name":"backup-test-network-srtjsevubzporma","namespace":"mock-project"}}
{"severity":"info","timestamp":"2026-03-06T19:13:56.877Z","msg":"done processing request","operation":"CREATE","handler":"container annotation handler","kind":"ComputeNetwork","resource":{"name":"backup-test-network-srtjsevubzporma","namespace":"mock-project"}}
{"severity":"info","timestamp":"2026-03-06T19:13:56.878Z","msg":"processing request","operation":"CREATE","handler":"generic defaulter","kind":"ComputeNetwork","resource":{"name":"backup-test-network-srtjsevubzporma","namespace":"mock-project"}}
{"severity":"info","timestamp":"2026-03-06T19:13:56.878Z","msg":"done processing request","operation":"CREATE","handler":"generic defaulter","kind":"ComputeNetwork","resource":{"name":"backup-test-network-srtjsevubzporma","namespace":"mock-project"},"result-code":200,"result-reason":""}
{"severity":"info","timestamp":"2026-03-06T19:13:56.879Z","msg":"processing request","operation":"CREATE","handler":"management conflict annotation defaulter","kind":"ComputeNetwork","resource":{"name":"backup-test-network-srtjsevubzporma","namespace":"mock-project"}}
{"severity":"info","timestamp":"2026-03-06T19:13:56.882Z","msg":"done processing request","operation":"CREATE","handler":"management conflict annotation defaulter","kind":"ComputeNetwork","resource":{"name":"backup-test-network-srtjsevubzporma","namespace":"mock-project"}}
{"severity":"info","timestamp":"2026-03-06T19:13:56.884Z","msg":"processing request","operation":"CREATE","handler":"state-into-spec validation","kind":"ComputeNetwork","resource":{"name":"backup-test-network-srtjsevubzporma","namespace":"mock-project"}}
{"severity":"info","timestamp":"2026-03-06T19:13:56.884Z","msg":"processing request","operation":"CREATE","handler":"unknown fields validation","kind":"ComputeNetwork","resource":{"name":"backup-test-network-srtjsevubzporma","namespace":"mock-project"}}
{"severity":"info","timestamp":"2026-03-06T19:13:56.884Z","msg":"done processing request","operation":"CREATE","handler":"state-into-spec validation","kind":"ComputeNetwork","resource":{"name":"backup-test-network-srtjsevubzporma","namespace":"mock-project"},"result-code":200,"result-reason":""}
{"severity":"info","timestamp":"2026-03-06T19:13:56.884Z","msg":"done processing request","operation":"CREATE","handler":"unknown fields validation","kind":"ComputeNetwork","resource":{"name":"backup-test-network-srtjsevubzporma","namespace":"mock-project"},"result-code":200,"result-reason":""}
I0306 19:13:56.890055   32114 kccstate.go:38] configconnector.core.cnrm.cloud.google.com object is not found
{"severity":"info","timestamp":"2026-03-06T19:13:56.890Z","msg":"resource does not yet have status","kind":"ComputeNetwork","name":"backup-test-network-srtjsevubzporma"}
{"severity":"info","timestamp":"2026-03-06T19:13:56.892Z","msg":"structuredreporting OnReconcileStart","controller":"computenetwork-parent-controller","controllerGroup":"compute.cnrm.cloud.google.com","controllerKind":"ComputeNetwork","ComputeNetwork":{"name":"backup-test-network-srtjsevubzporma","namespace":"mock-project"},"namespace":"mock-project","name":"backup-test-network-srtjsevubzporma","reconcileID":"8a31307e-88eb-45d1-9282-9eb1901d9d35","object.kind":"ComputeNetwork","object.name":"backup-test-network-srtjsevubzporma"}
I0306 19:13:56.892379   32114 kccstate.go:38] configconnector.core.cnrm.cloud.google.com object is not found
{"severity":"info","timestamp":"2026-03-06T19:13:56.895Z","msg":"processing request","operation":"UPDATE","handler":"unknown fields validation","kind":"ComputeNetwork","resource":{"name":"backup-test-network-srtjsevubzporma","namespace":"mock-project"}}
{"severity":"info","timestamp":"2026-03-06T19:13:56.895Z","msg":"processing request","operation":"UPDATE","handler":"state-into-spec validation","kind":"ComputeNetwork","resource":{"name":"backup-test-network-srtjsevubzporma","namespace":"mock-project"}}
{"severity":"info","timestamp":"2026-03-06T19:13:56.895Z","msg":"done processing request","operation":"UPDATE","handler":"state-into-spec validation","kind":"ComputeNetwork","resource":{"name":"backup-test-network-srtjsevubzporma","namespace":"mock-project"},"result-code":200,"result-reason":""}
{"severity":"info","timestamp":"2026-03-06T19:13:56.895Z","msg":"done processing request","operation":"UPDATE","handler":"unknown fields validation","kind":"ComputeNetwork","resource":{"name":"backup-test-network-srtjsevubzporma","namespace":"mock-project"},"result-code":200,"result-reason":""}
I0306 19:13:56.900903   32114 kccstate.go:38] configconnector.core.cnrm.cloud.google.com object is not found
2026/03/06 19:13:56 [DEBUG] matching ID projects/mock-project/global/networks/backup-test-network-srtjsevubzporma to regex projects/(?P<project>[^/]+)/global/networks/(?P<name>[^/]+).
2026/03/06 19:13:56 [DEBUG] importing project = mock-project
2026/03/06 19:13:56 [DEBUG] importing name = backup-test-network-srtjsevubzporma
2026/03/06 19:13:56 [DEBUG] Waiting for state to become: [success]
2026/03/06 19:13:56 [DEBUG] Retry Transport: starting RoundTrip retry loop
2026/03/06 19:13:56 [DEBUG] Retry Transport: request attempt 0
I0306 19:13:56.902046   32114 mockgcp_http.go:291] mockgcp request: GET https://compute.googleapis.com/compute/beta/projects/mock-project/global/networks/backup-test-network-srtjsevubzporma?alt=json
I0306 19:13:56.902859   32114 mockgcp_http.go:320] mockgcp response: GET https://compute.googleapis.com/compute/beta/projects/mock-project/global/networks/backup-test-network-srtjsevubzporma?alt=json => 404
2026/03/06 19:13:56 [DEBUG] Retry Transport: Stopping retries, last request failed with non-retryable error: googleapi: got HTTP response code 404 with body: HTTP/0.0 404 Not Found
Content-Type: application/json; charset=UTF-8
Server: ESF
Vary: Origin
Vary: X-Origin
Vary: Referer
X-Content-Type-Options: nosniff
X-Frame-Options: SAMEORIGIN
X-Xss-Protection: 0

{"error":{"code":404,"message":"The resource 'projects/mock-project/global/networks/backup-test-network-srtjsevubzporma' was not found","errors":[{"domain":"global","message":"The resource 'projects/mock-project/global/networks/backup-test-network-srtjsevubzporma' was not found","reason":"notFound"}]}}
2026/03/06 19:13:56 [DEBUG] Retry Transport: Returning after 1 attempts
2026/03/06 19:13:56 [WARN] Removing ComputeNetwork "projects/mock-project/global/networks/backup-test-network-srtjsevubzporma" because it's gone
{"severity":"info","timestamp":"2026-03-06T19:13:56.906Z","msg":"processing request","operation":"UPDATE","handler":"unknown fields validation","kind":"ComputeNetwork","resource":{"name":"backup-test-network-srtjsevubzporma","namespace":"mock-project"}}
{"severity":"info","timestamp":"2026-03-06T19:13:56.906Z","msg":"processing request","operation":"UPDATE","handler":"state-into-spec validation","kind":"ComputeNetwork","resource":{"name":"backup-test-network-srtjsevubzporma","namespace":"mock-project"}}
{"severity":"info","timestamp":"2026-03-06T19:13:56.907Z","msg":"done processing request","operation":"UPDATE","handler":"unknown fields validation","kind":"ComputeNetwork","resource":{"name":"backup-test-network-srtjsevubzporma","namespace":"mock-project"},"result-code":200,"result-reason":""}
{"severity":"info","timestamp":"2026-03-06T19:13:56.907Z","msg":"done processing request","operation":"UPDATE","handler":"state-into-spec validation","kind":"ComputeNetwork","resource":{"name":"backup-test-network-srtjsevubzporma","namespace":"mock-project"},"result-code":200,"result-reason":""}
{"severity":"info","timestamp":"2026-03-06T19:13:56.915Z","msg":"structuredreporting OnDiff","controller":"computenetwork-parent-controller","controllerGroup":"compute.cnrm.cloud.google.com","controllerKind":"ComputeNetwork","ComputeNetwork":{"name":"backup-test-network-srtjsevubzporma","namespace":"mock-project"},"namespace":"mock-project","name":"backup-test-network-srtjsevubzporma","reconcileID":"8a31307e-88eb-45d1-9282-9eb1901d9d35","diff.fields":[{"ID":"mtu","Old":"","New":""},{"ID":"network_firewall_policy_enforcement_order","Old":"","New":"AFTER_CLASSIC_FIREWALL"},{"ID":"delete_default_routes_on_create","Old":"","New":"false"},{"ID":"name","Old":"","New":"backup-test-network-srtjsevubzporma"},{"ID":"auto_create_subnetworks","Old":"","New":"false"},{"ID":"gateway_ipv4","Old":"","New":""},{"ID":"project","Old":"","New":"mock-project"},{"ID":"internal_ipv6_range","Old":"","New":""},{"ID":"routing_mode","Old":"","New":""},{"ID":"self_link","Old":"","New":""}],"diff.isNewObject":true}
2026/03/06 19:13:56 [DEBUG] Creating new Network: map[string]interface {}{"autoCreateSubnetworks":false, "name":"backup-test-network-srtjsevubzporma", "networkFirewallPolicyEnforcementOrder":"AFTER_CLASSIC_FIREWALL"}
2026/03/06 19:13:56 [DEBUG] Waiting for state to become: [success]
2026/03/06 19:13:56 [DEBUG] Retry Transport: starting RoundTrip retry loop
2026/03/06 19:13:56 [DEBUG] Retry Transport: request attempt 0
I0306 19:13:56.922119   32114 mockgcp_http.go:291] mockgcp request: POST https://compute.googleapis.com/compute/beta/projects/mock-project/global/networks?alt=json
I0306 19:13:56.922928   32114 operations.go:121] "storing operation" fqn="projects/mock-project/global/operations/operation-1772824436922-6fe3dbd4-1802-4bcb-9ee4-6229eabe5f11"
I0306 19:13:56.923204   32114 mockgcp_http.go:320] mockgcp response: POST https://compute.googleapis.com/compute/beta/projects/mock-project/global/networks?alt=json => 200
2026/03/06 19:13:56 [DEBUG] Retry Transport: Stopping retries, last request was successful
2026/03/06 19:13:56 [DEBUG] Retry Transport: Returning after 1 attempts
I0306 19:13:56.923420   32114 mockgcp_http.go:291] mockgcp request: POST https://compute.googleapis.com/compute/v1/projects/mock-project/global/routes
2026/03/06 19:13:56 [INFO] Instantiating GCE client for path https://compute.googleapis.com/compute/beta/
2026/03/06 19:13:56 [DEBUG] Waiting for state to become: [DONE]
2026/03/06 19:13:56 [DEBUG] Retry Transport: starting RoundTrip retry loop
2026/03/06 19:13:56 [DEBUG] Retry Transport: request attempt 0
I0306 19:13:56.923949   32114 mockgcp_http.go:291] mockgcp request: GET https://compute.googleapis.com/compute/beta/projects/mock-project/global/operations/operation-1772824436922-6fe3dbd4-1802-4bcb-9ee4-6229eabe5f11?alt=json&prettyPrint=false
I0306 19:13:56.924308   32114 operations.go:121] "storing operation" fqn="projects/mock-project/global/operations/operation-1772824436924-a632b281-36fb-4ac6-81fe-47a6465065e8"
I0306 19:13:56.924636   32114 mockgcp_http.go:320] mockgcp response: POST https://compute.googleapis.com/compute/v1/projects/mock-project/global/routes => 200
I0306 19:13:56.924637   32114 mockgcp_http.go:320] mockgcp response: GET https://compute.googleapis.com/compute/beta/projects/mock-project/global/operations/operation-1772824436922-6fe3dbd4-1802-4bcb-9ee4-6229eabe5f11?alt=json&prettyPrint=false => 200
I0306 19:13:56.924777   32114 mockgcp_http.go:291] mockgcp request: GET https://compute.googleapis.com/compute/v1/projects/mock-project/global/operations/operation-1772824436924-a632b281-36fb-4ac6-81fe-47a6465065e8
2026/03/06 19:13:56 [DEBUG] Retry Transport: Stopping retries, last request was successful
2026/03/06 19:13:56 [DEBUG] Retry Transport: Returning after 1 attempts
2026/03/06 19:13:56 [DEBUG] Got RUNNING while polling for operation operation-1772824436922-6fe3dbd4-1802-4bcb-9ee4-6229eabe5f11's status
2026/03/06 19:13:56 [TRACE] Waiting 10s before next try
I0306 19:13:56.925399   32114 mockgcp_http.go:320] mockgcp response: GET https://compute.googleapis.com/compute/v1/projects/mock-project/global/operations/operation-1772824436924-a632b281-36fb-4ac6-81fe-47a6465065e8 => 200
I0306 19:13:56.925526   32114 mockgcp_http.go:291] mockgcp request: GET https://compute.googleapis.com/compute/v1/projects/mock-project/aggregated/subnetworks
I0306 19:13:56.929095   32114 mockgcp_http.go:320] mockgcp response: GET https://compute.googleapis.com/compute/v1/projects/mock-project/aggregated/subnetworks => 200
{"severity":"info","timestamp":"2026-03-06T19:13:57.895Z","msg":"resource is not ready","kind":"ComputeNetwork","name":"backup-test-network-srtjsevubzporma","conditions":[{"lastTransitionTime":"2026-03-06T19:13:56Z","message":"Update in progress","reason":"Updating","status":"False","type":"Ready"}]}
{"severity":"info","timestamp":"2026-03-06T19:13:58.894Z","msg":"resource is not ready","kind":"ComputeNetwork","name":"backup-test-network-srtjsevubzporma","conditions":[{"lastTransitionTime":"2026-03-06T19:13:56Z","message":"Update in progress","reason":"Updating","status":"False","type":"Ready"}]}
{"severity":"info","timestamp":"2026-03-06T19:13:59.894Z","msg":"resource is not ready","kind":"ComputeNetwork","name":"backup-test-network-srtjsevubzporma","conditions":[{"lastTransitionTime":"2026-03-06T19:13:56Z","message":"Update in progress","reason":"Updating","status":"False","type":"Ready"}]}
{"severity":"info","timestamp":"2026-03-06T19:14:00.894Z","msg":"resource is not ready","kind":"ComputeNetwork","name":"backup-test-network-srtjsevubzporma","conditions":[{"lastTransitionTime":"2026-03-06T19:13:56Z","message":"Update in progress","reason":"Updating","status":"False","type":"Ready"}]}
{"severity":"info","timestamp":"2026-03-06T19:14:01.894Z","msg":"resource is not ready","kind":"ComputeNetwork","name":"backup-test-network-srtjsevubzporma","conditions":[{"lastTransitionTime":"2026-03-06T19:13:56Z","message":"Update in progress","reason":"Updating","status":"False","type":"Ready"}]}
{"severity":"info","timestamp":"2026-03-06T19:14:02.894Z","msg":"resource is not ready","kind":"ComputeNetwork","name":"backup-test-network-srtjsevubzporma","conditions":[{"lastTransitionTime":"2026-03-06T19:13:56Z","message":"Update in progress","reason":"Updating","status":"False","type":"Ready"}]}
{"severity":"info","timestamp":"2026-03-06T19:14:03.894Z","msg":"resource is not ready","kind":"ComputeNetwork","name":"backup-test-network-srtjsevubzporma","conditions":[{"lastTransitionTime":"2026-03-06T19:13:56Z","message":"Update in progress","reason":"Updating","status":"False","type":"Ready"}]}
{"severity":"info","timestamp":"2026-03-06T19:14:04.894Z","msg":"resource is not ready","kind":"ComputeNetwork","name":"backup-test-network-srtjsevubzporma","conditions":[{"lastTransitionTime":"2026-03-06T19:13:56Z","message":"Update in progress","reason":"Updating","status":"False","type":"Ready"}]}
{"severity":"info","timestamp":"2026-03-06T19:14:05.894Z","msg":"resource is not ready","kind":"ComputeNetwork","name":"backup-test-network-srtjsevubzporma","conditions":[{"lastTransitionTime":"2026-03-06T19:13:56Z","message":"Update in progress","reason":"Updating","status":"False","type":"Ready"}]}
{"severity":"info","timestamp":"2026-03-06T19:14:06.894Z","msg":"resource is not ready","kind":"ComputeNetwork","name":"backup-test-network-srtjsevubzporma","conditions":[{"lastTransitionTime":"2026-03-06T19:13:56Z","message":"Update in progress","reason":"Updating","status":"False","type":"Ready"}]}
2026/03/06 19:14:06 [DEBUG] Retry Transport: starting RoundTrip retry loop
2026/03/06 19:14:06 [DEBUG] Retry Transport: request attempt 0
I0306 19:14:06.926244   32114 mockgcp_http.go:291] mockgcp request: GET https://compute.googleapis.com/compute/beta/projects/mock-project/global/operations/operation-1772824436922-6fe3dbd4-1802-4bcb-9ee4-6229eabe5f11?alt=json&prettyPrint=false
I0306 19:14:06.927408   32114 mockgcp_http.go:320] mockgcp response: GET https://compute.googleapis.com/compute/beta/projects/mock-project/global/operations/operation-1772824436922-6fe3dbd4-1802-4bcb-9ee4-6229eabe5f11?alt=json&prettyPrint=false => 200
2026/03/06 19:14:06 [DEBUG] Retry Transport: Stopping retries, last request was successful
2026/03/06 19:14:06 [DEBUG] Retry Transport: Returning after 1 attempts
2026/03/06 19:14:06 [DEBUG] Got DONE while polling for operation operation-1772824436922-6fe3dbd4-1802-4bcb-9ee4-6229eabe5f11's status
2026/03/06 19:14:06 [DEBUG] Finished creating Network "projects/mock-project/global/networks/backup-test-network-srtjsevubzporma": map[string]interface {}{"id":"1772824436922888041", "insertTime":"2026-03-06T19:13:56Z", "kind":"compute#operation", "name":"operation-1772824436922-6fe3dbd4-1802-4bcb-9ee4-6229eabe5f11", "operationType":"insert", "progress":0, "selfLink":"https://www.googleapis.com/compute/beta/projects/mock-project/global/operations/operation-1772824436922-6fe3dbd4-1802-4bcb-9ee4-6229eabe5f11", "startTime":"2026-03-06T19:13:56Z", "status":"RUNNING", "targetId":"1772824436922855381", "targetLink":"https://www.googleapis.com/compute/beta/projects/mock-project/global/networks/backup-test-network-srtjsevubzporma", "user":"user@example.com"}
2026/03/06 19:14:06 [DEBUG] Waiting for state to become: [success]
2026/03/06 19:14:06 [DEBUG] Retry Transport: starting RoundTrip retry loop
2026/03/06 19:14:06 [DEBUG] Retry Transport: request attempt 0
I0306 19:14:06.928075   32114 mockgcp_http.go:291] mockgcp request: GET https://compute.googleapis.com/compute/beta/projects/mock-project/global/networks/backup-test-network-srtjsevubzporma?alt=json
I0306 19:14:06.928814   32114 mockgcp_http.go:320] mockgcp response: GET https://compute.googleapis.com/compute/beta/projects/mock-project/global/networks/backup-test-network-srtjsevubzporma?alt=json => 200
2026/03/06 19:14:06 [DEBUG] Retry Transport: Stopping retries, last request was successful
2026/03/06 19:14:06 [DEBUG] Retry Transport: Returning after 1 attempts
{"severity":"info","timestamp":"2026-03-06T19:14:06.935Z","msg":"processing request","operation":"UPDATE","handler":"state-into-spec validation","kind":"ComputeNetwork","resource":{"name":"backup-test-network-srtjsevubzporma","namespace":"mock-project"}}
{"severity":"info","timestamp":"2026-03-06T19:14:06.935Z","msg":"done processing request","operation":"UPDATE","handler":"state-into-spec validation","kind":"ComputeNetwork","resource":{"name":"backup-test-network-srtjsevubzporma","namespace":"mock-project"},"result-code":200,"result-reason":""}
{"severity":"info","timestamp":"2026-03-06T19:14:06.935Z","msg":"processing request","operation":"UPDATE","handler":"unknown fields validation","kind":"ComputeNetwork","resource":{"name":"backup-test-network-srtjsevubzporma","namespace":"mock-project"}}
{"severity":"info","timestamp":"2026-03-06T19:14:06.936Z","msg":"done processing request","operation":"UPDATE","handler":"unknown fields validation","kind":"ComputeNetwork","resource":{"name":"backup-test-network-srtjsevubzporma","namespace":"mock-project"},"result-code":200,"result-reason":""}
{"severity":"info","timestamp":"2026-03-06T19:14:06.947Z","msg":"structuredreporting OnReconcileEnd","controller":"computenetwork-parent-controller","controllerGroup":"compute.cnrm.cloud.google.com","controllerKind":"ComputeNetwork","ComputeNetwork":{"name":"backup-test-network-srtjsevubzporma","namespace":"mock-project"},"namespace":"mock-project","name":"backup-test-network-srtjsevubzporma","reconcileID":"8a31307e-88eb-45d1-9282-9eb1901d9d35","object.kind":"ComputeNetwork","object.name":"backup-test-network-srtjsevubzporma","result":{"Requeue":false,"RequeueAfter":0},"error":null}
I0306 19:14:06.951111   32114 kccstate.go:38] configconnector.core.cnrm.cloud.google.com object is not found
{"severity":"info","timestamp":"2026-03-06T19:14:06.953Z","msg":"structuredreporting OnReconcileStart","controller":"computenetwork-parent-controller","controllerGroup":"compute.cnrm.cloud.google.com","controllerKind":"ComputeNetwork","ComputeNetwork":{"name":"backup-test-network-srtjsevubzporma","namespace":"mock-project"},"namespace":"mock-project","name":"backup-test-network-srtjsevubzporma","reconcileID":"7ead02a5-b277-42dc-95bf-9bbea8e5c68e","object.kind":"ComputeNetwork","object.name":"backup-test-network-srtjsevubzporma"}
I0306 19:14:06.956515   32114 kccstate.go:38] configconnector.core.cnrm.cloud.google.com object is not found
2026/03/06 19:14:06 [DEBUG] matching ID projects/mock-project/global/networks/backup-test-network-srtjsevubzporma to regex projects/(?P<project>[^/]+)/global/networks/(?P<name>[^/]+).
2026/03/06 19:14:06 [DEBUG] importing project = mock-project
2026/03/06 19:14:06 [DEBUG] importing name = backup-test-network-srtjsevubzporma
2026/03/06 19:14:06 [DEBUG] Waiting for state to become: [success]
2026/03/06 19:14:06 [DEBUG] Retry Transport: starting RoundTrip retry loop
2026/03/06 19:14:06 [DEBUG] Retry Transport: request attempt 0
I0306 19:14:06.957714   32114 mockgcp_http.go:291] mockgcp request: GET https://compute.googleapis.com/compute/beta/projects/mock-project/global/networks/backup-test-network-srtjsevubzporma?alt=json
I0306 19:14:06.958575   32114 mockgcp_http.go:320] mockgcp response: GET https://compute.googleapis.com/compute/beta/projects/mock-project/global/networks/backup-test-network-srtjsevubzporma?alt=json => 200
2026/03/06 19:14:06 [DEBUG] Retry Transport: Stopping retries, last request was successful
2026/03/06 19:14:06 [DEBUG] Retry Transport: Returning after 1 attempts
{"severity":"info","timestamp":"2026-03-06T19:14:06.963Z","msg":"processing request","operation":"UPDATE","handler":"unknown fields validation","kind":"ComputeNetwork","resource":{"name":"backup-test-network-srtjsevubzporma","namespace":"mock-project"}}
{"severity":"info","timestamp":"2026-03-06T19:14:06.963Z","msg":"done processing request","operation":"UPDATE","handler":"unknown fields validation","kind":"ComputeNetwork","resource":{"name":"backup-test-network-srtjsevubzporma","namespace":"mock-project"},"result-code":200,"result-reason":""}
{"severity":"info","timestamp":"2026-03-06T19:14:06.963Z","msg":"processing request","operation":"UPDATE","handler":"state-into-spec validation","kind":"ComputeNetwork","resource":{"name":"backup-test-network-srtjsevubzporma","namespace":"mock-project"}}
{"severity":"info","timestamp":"2026-03-06T19:14:06.963Z","msg":"done processing request","operation":"UPDATE","handler":"state-into-spec validation","kind":"ComputeNetwork","resource":{"name":"backup-test-network-srtjsevubzporma","namespace":"mock-project"},"result-code":200,"result-reason":""}
{"severity":"info","timestamp":"2026-03-06T19:14:06.971Z","msg":"structuredreporting OnReconcileEnd","controller":"computenetwork-parent-controller","controllerGroup":"compute.cnrm.cloud.google.com","controllerKind":"ComputeNetwork","ComputeNetwork":{"name":"backup-test-network-srtjsevubzporma","namespace":"mock-project"},"namespace":"mock-project","name":"backup-test-network-srtjsevubzporma","reconcileID":"7ead02a5-b277-42dc-95bf-9bbea8e5c68e","object.kind":"ComputeNetwork","object.name":"backup-test-network-srtjsevubzporma","result":{"Requeue":false,"RequeueAfter":0},"error":null}
{"severity":"info","timestamp":"2026-03-06T19:14:07.894Z","msg":"resource is ready","kind":"ComputeNetwork","name":"backup-test-network-srtjsevubzporma"}
    script_test.go:363: ignoring failure to export resource of gvk compute.cnrm.cloud.google.com/v1beta1, Kind=ComputeNetwork
    script_test.go:129: ***/Step 2: APPLY RunCLI mock-project/
    script_test.go:791: running cli with args [config-connector backup create --project mock-project --bucket backup-bucket-srtjsevubzporma --kubeconfig=/workspaces/.tmp/TestE2EScriptscenariosbackup-restore848383778/001/kubeconfig --as=admin --as-group=system:masters]
    script_test.go:793: cli execution (args=[config-connector backup create --project mock-project --bucket backup-bucket-srtjsevubzporma --kubeconfig=/workspaces/.tmp/TestE2EScriptscenariosbackup-restore848383778/001/kubeconfig --as=admin --as-group=system:masters]) failed: unknown flag: --kubeconfig
    script_test.go:797: stdout: Usage:
          config-connector backup create [flags]
        
        Flags:
              --bucket string      GCS bucket name for backups
              --cluster string     Name of the cluster
          -h, --help               help for create
              --location string    Region of the cluster
              --namespace string   Namespace where Config Connector is installed (default "cnrm-system")
              --project string     GCP project ID
        
        Global Flags:
          -v, --verbose   enable verbose logging (disabled by default)
        
    script_test.go:803: stderr: unknown flag: --kubeconfig
    script_test.go:129: ***/Step 3: APPLY RunCLI mock-project/
    script_test.go:791: running cli with args [config-connector backup status --project mock-project --bucket backup-bucket-srtjsevubzporma --kubeconfig=/workspaces/.tmp/TestE2EScriptscenariosbackup-restore848383778/002/kubeconfig --as=admin --as-group=system:masters]
    script_test.go:793: cli execution (args=[config-connector backup status --project mock-project --bucket backup-bucket-srtjsevubzporma --kubeconfig=/workspaces/.tmp/TestE2EScriptscenariosbackup-restore848383778/002/kubeconfig --as=admin --as-group=system:masters]) failed: unknown flag: --kubeconfig
    script_test.go:797: stdout: Usage:
          config-connector backup status [flags]
        
        Flags:
              --bucket string      GCS bucket name for backups
              --cluster string     Name of the cluster
          -h, --help               help for status
              --location string    Region of the cluster
              --namespace string   Namespace where Config Connector is installed (default "cnrm-system")
              --project string     GCP project ID
        
        Global Flags:
          -v, --verbose   enable verbose logging (disabled by default)
        
    script_test.go:803: stderr: unknown flag: --kubeconfig
    script_test.go:429: ***/Finished Steps
{"severity":"info","timestamp":"2026-03-06T19:14:07.910Z","msg":"Deleting resource","kind":"ComputeNetwork","name":"backup-test-network-srtjsevubzporma"}
{"severity":"info","timestamp":"2026-03-06T19:14:07.916Z","msg":"Deleting resource","kind":"StorageBucket","name":"backup-bucket-srtjsevubzporma"}
{"severity":"info","timestamp":"2026-03-06T19:14:07.920Z","logger":"computenetwork-deletion-defender-controller","msg":"starting deletion defender finalization","resource":{"name":"backup-test-network-srtjsevubzporma","namespace":"mock-project"}}
I0306 19:14:07.923491   32114 kccstate.go:38] configconnector.core.cnrm.cloud.google.com object is not found
I0306 19:14:07.926668   32114 kccstate.go:38] configconnector.core.cnrm.cloud.google.com object is not found
{"severity":"info","timestamp":"2026-03-06T19:14:07.927Z","msg":"structuredreporting OnReconcileStart","controller":"computenetwork-parent-controller","controllerGroup":"compute.cnrm.cloud.google.com","controllerKind":"ComputeNetwork","ComputeNetwork":{"name":"backup-test-network-srtjsevubzporma","namespace":"mock-project"},"namespace":"mock-project","name":"backup-test-network-srtjsevubzporma","reconcileID":"1c22c075-9043-4c1a-a196-11ed2bee942f","object.kind":"ComputeNetwork","object.name":"backup-test-network-srtjsevubzporma"}
{"severity":"info","timestamp":"2026-03-06T19:14:07.928Z","logger":"storagebucket-deletion-defender-controller","msg":"starting deletion defender finalization","resource":{"name":"backup-bucket-srtjsevubzporma","namespace":"mock-project"}}
{"severity":"info","timestamp":"2026-03-06T19:14:07.929Z","msg":"structuredreporting OnReconcileStart","controller":"storagebucket-parent-controller","controllerGroup":"storage.cnrm.cloud.google.com","controllerKind":"StorageBucket","StorageBucket":{"name":"backup-bucket-srtjsevubzporma","namespace":"mock-project"},"namespace":"mock-project","name":"backup-bucket-srtjsevubzporma","reconcileID":"d7d4f15c-59af-4993-9741-471a3ecee4cc","object.kind":"StorageBucket","object.name":"backup-bucket-srtjsevubzporma"}
I0306 19:14:07.930397   32114 kccstate.go:38] configconnector.core.cnrm.cloud.google.com object is not found
{"severity":"info","timestamp":"2026-03-06T19:14:07.930Z","logger":"computenetwork-controller","msg":"finalizing resource deletion","controllerType":"terraform","resource":{"name":"backup-test-network-srtjsevubzporma","namespace":"mock-project"}}
{"severity":"info","timestamp":"2026-03-06T19:14:07.930Z","logger":"computenetwork-controller","msg":"deletion defender has not yet been finalized; requeuing","controllerType":"terraform","resource":{"name":"backup-test-network-srtjsevubzporma","namespace":"mock-project"}}
{"severity":"info","timestamp":"2026-03-06T19:14:07.930Z","msg":"structuredreporting OnReconcileEnd","controller":"computenetwork-parent-controller","controllerGroup":"compute.cnrm.cloud.google.com","controllerKind":"ComputeNetwork","ComputeNetwork":{"name":"backup-test-network-srtjsevubzporma","namespace":"mock-project"},"namespace":"mock-project","name":"backup-test-network-srtjsevubzporma","reconcileID":"1c22c075-9043-4c1a-a196-11ed2bee942f","object.kind":"ComputeNetwork","object.name":"backup-test-network-srtjsevubzporma","result":{"Requeue":false,"RequeueAfter":0},"error":null}
I0306 19:14:07.932197   32114 kccstate.go:38] configconnector.core.cnrm.cloud.google.com object is not found
{"severity":"info","timestamp":"2026-03-06T19:14:07.932Z","logger":"storagebucket-controller","msg":"finalizing resource deletion","controllerType":"terraform","resource":{"name":"backup-bucket-srtjsevubzporma","namespace":"mock-project"}}
{"severity":"info","timestamp":"2026-03-06T19:14:07.932Z","logger":"storagebucket-controller","msg":"deletion defender has not yet been finalized; requeuing","controllerType":"terraform","resource":{"name":"backup-bucket-srtjsevubzporma","namespace":"mock-project"}}
{"severity":"info","timestamp":"2026-03-06T19:14:07.932Z","msg":"structuredreporting OnReconcileEnd","controller":"storagebucket-parent-controller","controllerGroup":"storage.cnrm.cloud.google.com","controllerKind":"StorageBucket","StorageBucket":{"name":"backup-bucket-srtjsevubzporma","namespace":"mock-project"},"namespace":"mock-project","name":"backup-bucket-srtjsevubzporma","reconcileID":"d7d4f15c-59af-4993-9741-471a3ecee4cc","object.kind":"StorageBucket","object.name":"backup-bucket-srtjsevubzporma","result":{"Requeue":false,"RequeueAfter":0},"error":null}
{"severity":"info","timestamp":"2026-03-06T19:14:07.936Z","msg":"processing request","operation":"UPDATE","handler":"unknown fields validation","kind":"ComputeNetwork","resource":{"name":"backup-test-network-srtjsevubzporma","namespace":"mock-project"}}
{"severity":"info","timestamp":"2026-03-06T19:14:07.937Z","msg":"processing request","operation":"UPDATE","handler":"state-into-spec validation","kind":"ComputeNetwork","resource":{"name":"backup-test-network-srtjsevubzporma","namespace":"mock-project"}}
{"severity":"info","timestamp":"2026-03-06T19:14:07.937Z","msg":"done processing request","operation":"UPDATE","handler":"unknown fields validation","kind":"ComputeNetwork","resource":{"name":"backup-test-network-srtjsevubzporma","namespace":"mock-project"},"result-code":200,"result-reason":""}
{"severity":"info","timestamp":"2026-03-06T19:14:07.937Z","msg":"done processing request","operation":"UPDATE","handler":"state-into-spec validation","kind":"ComputeNetwork","resource":{"name":"backup-test-network-srtjsevubzporma","namespace":"mock-project"},"result-code":200,"result-reason":""}
{"severity":"info","timestamp":"2026-03-06T19:14:07.943Z","msg":"processing request","operation":"UPDATE","handler":"state-into-spec validation","kind":"StorageBucket","resource":{"name":"backup-bucket-srtjsevubzporma","namespace":"mock-project"}}
{"severity":"info","timestamp":"2026-03-06T19:14:07.943Z","msg":"done processing request","operation":"UPDATE","handler":"state-into-spec validation","kind":"StorageBucket","resource":{"name":"backup-bucket-srtjsevubzporma","namespace":"mock-project"},"result-code":200,"result-reason":""}
{"severity":"info","timestamp":"2026-03-06T19:14:07.944Z","logger":"computenetwork-deletion-defender-controller","msg":"successfully finalized deletion defense","resource":{"name":"backup-test-network-srtjsevubzporma","namespace":"mock-project"}}
{"severity":"info","timestamp":"2026-03-06T19:14:07.944Z","msg":"processing request","operation":"UPDATE","handler":"unknown fields validation","kind":"StorageBucket","resource":{"name":"backup-bucket-srtjsevubzporma","namespace":"mock-project"}}
{"severity":"info","timestamp":"2026-03-06T19:14:07.945Z","msg":"done processing request","operation":"UPDATE","handler":"unknown fields validation","kind":"StorageBucket","resource":{"name":"backup-bucket-srtjsevubzporma","namespace":"mock-project"},"result-code":200,"result-reason":""}
{"severity":"info","timestamp":"2026-03-06T19:14:07.948Z","logger":"storagebucket-deletion-defender-controller","msg":"successfully finalized deletion defense","resource":{"name":"backup-bucket-srtjsevubzporma","namespace":"mock-project"}}
I0306 19:14:07.948406   32114 kccstate.go:38] configconnector.core.cnrm.cloud.google.com object is not found
{"severity":"info","timestamp":"2026-03-06T19:14:07.953Z","msg":"structuredreporting OnReconcileStart","controller":"computenetwork-parent-controller","controllerGroup":"compute.cnrm.cloud.google.com","controllerKind":"ComputeNetwork","ComputeNetwork":{"name":"backup-test-network-srtjsevubzporma","namespace":"mock-project"},"namespace":"mock-project","name":"backup-test-network-srtjsevubzporma","reconcileID":"365fa204-abe8-4836-a0f2-ee1002089ec3","object.kind":"ComputeNetwork","object.name":"backup-test-network-srtjsevubzporma"}
I0306 19:14:07.953177   32114 kccstate.go:38] configconnector.core.cnrm.cloud.google.com object is not found
{"severity":"info","timestamp":"2026-03-06T19:14:07.957Z","msg":"structuredreporting OnReconcileStart","controller":"storagebucket-parent-controller","controllerGroup":"storage.cnrm.cloud.google.com","controllerKind":"StorageBucket","StorageBucket":{"name":"backup-bucket-srtjsevubzporma","namespace":"mock-project"},"namespace":"mock-project","name":"backup-bucket-srtjsevubzporma","reconcileID":"9625ba22-c497-4b53-b8dd-7ba52a0205f5","object.kind":"StorageBucket","object.name":"backup-bucket-srtjsevubzporma"}
I0306 19:14:07.957736   32114 kccstate.go:38] configconnector.core.cnrm.cloud.google.com object is not found
{"severity":"info","timestamp":"2026-03-06T19:14:07.957Z","logger":"computenetwork-controller","msg":"finalizing resource deletion","controllerType":"terraform","resource":{"name":"backup-test-network-srtjsevubzporma","namespace":"mock-project"}}
I0306 19:14:07.959852   32114 kccstate.go:38] configconnector.core.cnrm.cloud.google.com object is not found
{"severity":"info","timestamp":"2026-03-06T19:14:07.959Z","logger":"storagebucket-controller","msg":"finalizing resource deletion","controllerType":"terraform","resource":{"name":"backup-bucket-srtjsevubzporma","namespace":"mock-project"}}
2026/03/06 19:14:07 [DEBUG] matching ID projects/mock-project/global/networks/backup-test-network-srtjsevubzporma to regex projects/(?P<project>[^/]+)/global/networks/(?P<name>[^/]+).
2026/03/06 19:14:07 [DEBUG] importing project = mock-project
2026/03/06 19:14:07 [DEBUG] importing name = backup-test-network-srtjsevubzporma
2026/03/06 19:14:07 [DEBUG] Waiting for state to become: [success]
2026/03/06 19:14:07 [DEBUG] Retry Transport: starting RoundTrip retry loop
2026/03/06 19:14:07 [DEBUG] Retry Transport: request attempt 0
I0306 19:14:07.964813   32114 mockgcp_http.go:291] mockgcp request: GET https://compute.googleapis.com/compute/beta/projects/mock-project/global/networks/backup-test-network-srtjsevubzporma?alt=json
I0306 19:14:07.965508   32114 mockgcp_http.go:320] mockgcp response: GET https://compute.googleapis.com/compute/beta/projects/mock-project/global/networks/backup-test-network-srtjsevubzporma?alt=json => 200
2026/03/06 19:14:07 [DEBUG] Retry Transport: Stopping retries, last request was successful
2026/03/06 19:14:07 [DEBUG] Retry Transport: Returning after 1 attempts
{"severity":"info","timestamp":"2026-03-06T19:14:07.965Z","logger":"computenetwork-controller","msg":"deleting underlying resource","controllerType":"terraform","resource":{"name":"backup-test-network-srtjsevubzporma","namespace":"mock-project"}}
2026/03/06 19:14:07 [DEBUG] Deleting Network "projects/mock-project/global/networks/backup-test-network-srtjsevubzporma"
2026/03/06 19:14:07 [DEBUG] Waiting for state to become: [success]
2026/03/06 19:14:07 [DEBUG] Retry Transport: starting RoundTrip retry loop
2026/03/06 19:14:07 [DEBUG] Retry Transport: request attempt 0
I0306 19:14:07.966278   32114 mockgcp_http.go:291] mockgcp request: DELETE https://compute.googleapis.com/compute/beta/projects/mock-project/global/networks/backup-test-network-srtjsevubzporma?alt=json
I0306 19:14:07.966880   32114 operations.go:121] "storing operation" fqn="projects/mock-project/global/operations/operation-1772824447966-c184b3a9-1d6f-4710-b55d-9882cbcb394e"
I0306 19:14:07.967142   32114 mockgcp_http.go:320] mockgcp response: DELETE https://compute.googleapis.com/compute/beta/projects/mock-project/global/networks/backup-test-network-srtjsevubzporma?alt=json => 200
2026/03/06 19:14:07 [DEBUG] Retry Transport: Stopping retries, last request was successful
2026/03/06 19:14:07 [DEBUG] Retry Transport: Returning after 1 attempts
2026/03/06 19:14:07 [INFO] Instantiating GCE client for path https://compute.googleapis.com/compute/beta/
2026/03/06 19:14:07 [DEBUG] Waiting for state to become: [DONE]
2026/03/06 19:14:07 [DEBUG] Retry Transport: starting RoundTrip retry loop
2026/03/06 19:14:07 [DEBUG] Retry Transport: request attempt 0
I0306 19:14:07.967725   32114 mockgcp_http.go:291] mockgcp request: GET https://compute.googleapis.com/compute/beta/projects/mock-project/global/operations/operation-1772824447966-c184b3a9-1d6f-4710-b55d-9882cbcb394e?alt=json&prettyPrint=false
2026/03/06 19:14:07 [INFO] Instantiating Google Storage client for path https://storage.googleapis.com/storage/v1/
I0306 19:14:07.968378   32114 mockgcp_http.go:320] mockgcp response: GET https://compute.googleapis.com/compute/beta/projects/mock-project/global/operations/operation-1772824447966-c184b3a9-1d6f-4710-b55d-9882cbcb394e?alt=json&prettyPrint=false => 200
2026/03/06 19:14:07 [DEBUG] Retry Transport: starting RoundTrip retry loop
2026/03/06 19:14:07 [DEBUG] Retry Transport: request attempt 0
2026/03/06 19:14:07 [DEBUG] Retry Transport: Stopping retries, last request was successful
2026/03/06 19:14:07 [DEBUG] Retry Transport: Returning after 1 attempts
2026/03/06 19:14:07 [DEBUG] Got DONE while polling for operation operation-1772824447966-c184b3a9-1d6f-4710-b55d-9882cbcb394e's status
I0306 19:14:07.968542   32114 mockgcp_http.go:291] mockgcp request: GET https://storage.googleapis.com/storage/v1/b/backup-bucket-srtjsevubzporma?alt=json&prettyPrint=false
2026/03/06 19:14:07 [DEBUG] Finished deleting Network "projects/mock-project/global/networks/backup-test-network-srtjsevubzporma": map[string]interface {}{"id":"1772824447966834063", "insertTime":"2026-03-06T19:14:07Z", "kind":"compute#operation", "name":"operation-1772824447966-c184b3a9-1d6f-4710-b55d-9882cbcb394e", "operationType":"delete", "progress":0, "selfLink":"https://www.googleapis.com/compute/beta/projects/mock-project/global/operations/operation-1772824447966-c184b3a9-1d6f-4710-b55d-9882cbcb394e", "startTime":"2026-03-06T19:14:07Z", "status":"RUNNING", "targetId":"1772824436922855381", "targetLink":"https://www.googleapis.com/compute/beta/projects/mock-project/global/networks/backup-test-network-srtjsevubzporma", "user":"user@example.com"}
I0306 19:14:07.969194   32114 mockgcp_http.go:320] mockgcp response: GET https://storage.googleapis.com/storage/v1/b/backup-bucket-srtjsevubzporma?alt=json&prettyPrint=false => 200
2026/03/06 19:14:07 [DEBUG] Retry Transport: Stopping retries, last request was successful
2026/03/06 19:14:07 [DEBUG] Retry Transport: Returning after 1 attempts
2026/03/06 19:14:07 [DEBUG] Read bucket backup-bucket-srtjsevubzporma at location https://www.googleapis.com/storage/v1/b/backup-bucket-srtjsevubzporma

{"severity":"info","timestamp":"2026-03-06T19:14:07.969Z","logger":"storagebucket-controller","msg":"deleting underlying resource","controllerType":"terraform","resource":{"name":"backup-bucket-srtjsevubzporma","namespace":"mock-project"}}
2026/03/06 19:14:07 [INFO] Instantiating Google Storage client for path https://storage.googleapis.com/storage/v1/
2026/03/06 19:14:07 [DEBUG] Retry Transport: starting RoundTrip retry loop
2026/03/06 19:14:07 [DEBUG] Retry Transport: request attempt 0
I0306 19:14:07.969965   32114 mockgcp_http.go:291] mockgcp request: GET https://storage.googleapis.com/storage/v1/b/backup-bucket-srtjsevubzporma/o?alt=json&prettyPrint=false&versions=true
I0306 19:14:07.970710   32114 mockgcp_http.go:320] mockgcp response: GET https://storage.googleapis.com/storage/v1/b/backup-bucket-srtjsevubzporma/o?alt=json&prettyPrint=false&versions=true => 200
2026/03/06 19:14:07 [DEBUG] Retry Transport: Stopping retries, last request was successful
2026/03/06 19:14:07 [DEBUG] Retry Transport: Returning after 1 attempts
2026/03/06 19:14:07 [DEBUG] Waiting for state to become: [success]
2026/03/06 19:14:07 [INFO] Instantiating Google Storage client for path https://storage.googleapis.com/storage/v1/
2026/03/06 19:14:07 [DEBUG] Retry Transport: starting RoundTrip retry loop
2026/03/06 19:14:07 [DEBUG] Retry Transport: request attempt 0
I0306 19:14:07.971235   32114 mockgcp_http.go:291] mockgcp request: DELETE https://storage.googleapis.com/storage/v1/b/backup-bucket-srtjsevubzporma?alt=json&prettyPrint=false
I0306 19:14:07.972052   32114 mockgcp_http.go:320] mockgcp response: DELETE https://storage.googleapis.com/storage/v1/b/backup-bucket-srtjsevubzporma?alt=json&prettyPrint=false => 204
2026/03/06 19:14:07 [DEBUG] Retry Transport: Stopping retries, last request was successful
2026/03/06 19:14:07 [DEBUG] Retry Transport: Returning after 1 attempts
2026/03/06 19:14:07 [DEBUG] Deleted bucket backup-bucket-srtjsevubzporma

{"severity":"info","timestamp":"2026-03-06T19:14:07.979Z","msg":"processing request","operation":"UPDATE","handler":"unknown fields validation","kind":"ComputeNetwork","resource":{"name":"backup-test-network-srtjsevubzporma","namespace":"mock-project"}}
{"severity":"info","timestamp":"2026-03-06T19:14:07.979Z","msg":"processing request","operation":"UPDATE","handler":"state-into-spec validation","kind":"ComputeNetwork","resource":{"name":"backup-test-network-srtjsevubzporma","namespace":"mock-project"}}
{"severity":"info","timestamp":"2026-03-06T19:14:07.979Z","msg":"done processing request","operation":"UPDATE","handler":"state-into-spec validation","kind":"ComputeNetwork","resource":{"name":"backup-test-network-srtjsevubzporma","namespace":"mock-project"},"result-code":200,"result-reason":""}
{"severity":"info","timestamp":"2026-03-06T19:14:07.979Z","msg":"done processing request","operation":"UPDATE","handler":"unknown fields validation","kind":"ComputeNetwork","resource":{"name":"backup-test-network-srtjsevubzporma","namespace":"mock-project"},"result-code":200,"result-reason":""}
{"severity":"info","timestamp":"2026-03-06T19:14:07.982Z","msg":"processing request","operation":"UPDATE","handler":"unknown fields validation","kind":"StorageBucket","resource":{"name":"backup-bucket-srtjsevubzporma","namespace":"mock-project"}}
{"severity":"info","timestamp":"2026-03-06T19:14:07.983Z","msg":"processing request","operation":"UPDATE","handler":"state-into-spec validation","kind":"StorageBucket","resource":{"name":"backup-bucket-srtjsevubzporma","namespace":"mock-project"}}
{"severity":"info","timestamp":"2026-03-06T19:14:07.983Z","msg":"done processing request","operation":"UPDATE","handler":"state-into-spec validation","kind":"StorageBucket","resource":{"name":"backup-bucket-srtjsevubzporma","namespace":"mock-project"},"result-code":200,"result-reason":""}
{"severity":"info","timestamp":"2026-03-06T19:14:07.983Z","msg":"done processing request","operation":"UPDATE","handler":"unknown fields validation","kind":"StorageBucket","resource":{"name":"backup-bucket-srtjsevubzporma","namespace":"mock-project"},"result-code":200,"result-reason":""}
{"severity":"info","timestamp":"2026-03-06T19:14:07.984Z","msg":"structuredreporting OnReconcileEnd","controller":"computenetwork-parent-controller","controllerGroup":"compute.cnrm.cloud.google.com","controllerKind":"ComputeNetwork","ComputeNetwork":{"name":"backup-test-network-srtjsevubzporma","namespace":"mock-project"},"namespace":"mock-project","name":"backup-test-network-srtjsevubzporma","reconcileID":"365fa204-abe8-4836-a0f2-ee1002089ec3","object.kind":"ComputeNetwork","object.name":"backup-test-network-srtjsevubzporma","result":{"Requeue":false,"RequeueAfter":0},"error":null}
{"severity":"info","timestamp":"2026-03-06T19:14:07.986Z","logger":"computenetwork-deletion-defender-controller","msg":"resource not found in API server; finishing reconcile","resource":{"name":"backup-test-network-srtjsevubzporma","namespace":"mock-project"}}
{"severity":"info","timestamp":"2026-03-06T19:14:07.987Z","msg":"structuredreporting OnReconcileEnd","controller":"storagebucket-parent-controller","controllerGroup":"storage.cnrm.cloud.google.com","controllerKind":"StorageBucket","StorageBucket":{"name":"backup-bucket-srtjsevubzporma","namespace":"mock-project"},"namespace":"mock-project","name":"backup-bucket-srtjsevubzporma","reconcileID":"9625ba22-c497-4b53-b8dd-7ba52a0205f5","object.kind":"StorageBucket","object.name":"backup-bucket-srtjsevubzporma","result":{"Requeue":false,"RequeueAfter":0},"error":null}
{"severity":"info","timestamp":"2026-03-06T19:14:07.988Z","logger":"storagebucket-deletion-defender-controller","msg":"resource not found in API server; finishing reconcile","resource":{"name":"backup-bucket-srtjsevubzporma","namespace":"mock-project"}}
{"severity":"info","timestamp":"2026-03-06T19:14:08.932Z","msg":"Done waiting for resource to delete","kind":"ComputeNetwork","name":"backup-test-network-srtjsevubzporma"}
{"severity":"info","timestamp":"2026-03-06T19:14:08.932Z","msg":"Done waiting for resource to delete","kind":"StorageBucket","name":"backup-bucket-srtjsevubzporma"}
{"severity":"info","timestamp":"2026-03-06T19:14:08.933Z","msg":"Deleting resource","kind":"ComputeNetwork","name":"backup-test-network-srtjsevubzporma"}
{"severity":"info","timestamp":"2026-03-06T19:14:08.936Z","msg":"Deleting resource","kind":"StorageBucket","name":"backup-bucket-srtjsevubzporma"}
{"severity":"info","timestamp":"2026-03-06T19:14:08.942Z","msg":"Done waiting for resource to delete","kind":"ComputeNetwork","name":"backup-test-network-srtjsevubzporma"}
{"severity":"info","timestamp":"2026-03-06T19:14:08.942Z","msg":"Done waiting for resource to delete","kind":"StorageBucket","name":"backup-bucket-srtjsevubzporma"}
2026/03/06 19:14:08 [DEBUG] parent context canceled, cleaning up batcher batches
2026/03/06 19:14:08 [DEBUG] Stopping batcher "IAM"
2026/03/06 19:14:08 [DEBUG] parent context canceled, cleaning up batcher batches
2026/03/06 19:14:08 [DEBUG] Stopping batcher "Service Usage"
{"severity":"info","timestamp":"2026-03-06T19:14:08.942Z","msg":"Stopping and waiting for non leader election runnables"}
{"severity":"info","timestamp":"2026-03-06T19:14:08.942Z","logger":"controller-runtime.webhook","msg":"Shutting down webhook server with timeout of 1 minute"}
I0306 19:14:08.942819   32114 reflector.go:556] "Warning: watch ended with error" reflector="/workspaces/.cache/mod/k8s.io/client-go@v0.33.0/tools/cache/reflector.go:285" type="*v1.PartialObjectMetadata" err="an error on the server (\"unable to decode an event from the watch stream: context canceled\") has prevented the request from succeeding"
I0306 19:14:08.942848   32114 reflector.go:556] "Warning: watch ended with error" reflector="/workspaces/.cache/mod/k8s.io/client-go@v0.33.0/tools/cache/reflector.go:285" type="*v1.PartialObjectMetadata" err="an error on the server (\"unable to decode an event from the watch stream: context canceled\") has prevented the request from succeeding"
I0306 19:14:08.942869   32114 reflector.go:556] "Warning: watch ended with error" reflector="/workspaces/.cache/mod/k8s.io/client-go@v0.33.0/tools/cache/reflector.go:285" type="*v1.PartialObjectMetadata" err="an error on the server (\"unable to decode an event from the watch stream: context canceled\") has prevented the request from succeeding"
I0306 19:14:08.942932   32114 reflector.go:556] "Warning: watch ended with error" reflector="/workspaces/.cache/mod/k8s.io/client-go@v0.33.0/tools/cache/reflector.go:285" type="*v1beta1.ConfigConnector" err="an error on the server (\"unable to decode an event from the watch stream: context canceled\") has prevented the request from succeeding"
I0306 19:14:08.942937   32114 reflector.go:556] "Warning: watch ended with error" reflector="/workspaces/.cache/mod/k8s.io/client-go@v0.33.0/tools/cache/reflector.go:285" type="*v1.PartialObjectMetadata" err="an error on the server (\"unable to decode an event from the watch stream: context canceled\") has prevented the request from succeeding"
I0306 19:14:08.942951   32114 reflector.go:556] "Warning: watch ended with error" reflector="/workspaces/.cache/mod/k8s.io/client-go@v0.33.0/tools/cache/reflector.go:285" type="*v1.PartialObjectMetadata" err="an error on the server (\"unable to decode an event from the watch stream: context canceled\") has prevented the request from succeeding"
I0306 19:14:08.942995   32114 reflector.go:556] "Warning: watch ended with error" reflector="/workspaces/.cache/mod/k8s.io/client-go@v0.33.0/tools/cache/reflector.go:285" type="*v1.PartialObjectMetadata" err="an error on the server (\"unable to decode an event from the watch stream: context canceled\") has prevented the request from succeeding"
I0306 19:14:08.943033   32114 reflector.go:556] "Warning: watch ended with error" reflector="/workspaces/.cache/mod/k8s.io/client-go@v0.33.0/tools/cache/reflector.go:285" type="*v1.PartialObjectMetadata" err="an error on the server (\"unable to decode an event from the watch stream: context canceled\") has prevented the request from succeeding"
I0306 19:14:08.943049   32114 reflector.go:556] "Warning: watch ended with error" reflector="/workspaces/.cache/mod/k8s.io/client-go@v0.33.0/tools/cache/reflector.go:285" type="*v1.PartialObjectMetadata" err="an error on the server (\"unable to decode an event from the watch stream: context canceled\") has prevented the request from succeeding"
I0306 19:14:08.943061   32114 reflector.go:556] "Warning: watch ended with error" reflector="/workspaces/.cache/mod/k8s.io/client-go@v0.33.0/tools/cache/reflector.go:285" type="*v1.PartialObjectMetadata" err="an error on the server (\"unable to decode an event from the watch stream: context canceled\") has prevented the request from succeeding"
I0306 19:14:08.943101   32114 reflector.go:556] "Warning: watch ended with error" reflector="/workspaces/.cache/mod/k8s.io/client-go@v0.33.0/tools/cache/reflector.go:285" type="*v1.PartialObjectMetadata" err="an error on the server (\"unable to decode an event from the watch stream: context canceled\") has prevented the request from succeeding"
I0306 19:14:08.943109   32114 reflector.go:556] "Warning: watch ended with error" reflector="/workspaces/.cache/mod/k8s.io/client-go@v0.33.0/tools/cache/reflector.go:285" type="*v1.PartialObjectMetadata" err="an error on the server (\"unable to decode an event from the watch stream: context canceled\") has prevented the request from succeeding"
I0306 19:14:08.943115   32114 reflector.go:556] "Warning: watch ended with error" reflector="/workspaces/.cache/mod/k8s.io/client-go@v0.33.0/tools/cache/reflector.go:285" type="*v1.PartialObjectMetadata" err="an error on the server (\"unable to decode an event from the watch stream: context canceled\") has prevented the request from succeeding"
I0306 19:14:08.943151   32114 reflector.go:556] "Warning: watch ended with error" reflector="/workspaces/.cache/mod/k8s.io/client-go@v0.33.0/tools/cache/reflector.go:285" type="*v1.PartialObjectMetadata" err="an error on the server (\"unable to decode an event from the watch stream: context canceled\") has prevented the request from succeeding"
I0306 19:14:08.943163   32114 reflector.go:556] "Warning: watch ended with error" reflector="/workspaces/.cache/mod/k8s.io/client-go@v0.33.0/tools/cache/reflector.go:285" type="*v1.PartialObjectMetadata" err="an error on the server (\"unable to decode an event from the watch stream: context canceled\") has prevented the request from succeeding"
I0306 19:14:08.943191   32114 reflector.go:556] "Warning: watch ended with error" reflector="/workspaces/.cache/mod/k8s.io/client-go@v0.33.0/tools/cache/reflector.go:285" type="*v1.PartialObjectMetadata" err="an error on the server (\"unable to decode an event from the watch stream: context canceled\") has prevented the request from succeeding"
I0306 19:14:08.943194   32114 reflector.go:556] "Warning: watch ended with error" reflector="/workspaces/.cache/mod/k8s.io/client-go@v0.33.0/tools/cache/reflector.go:285" type="*v1.PartialObjectMetadata" err="an error on the server (\"unable to decode an event from the watch stream: context canceled\") has prevented the request from succeeding"
I0306 19:14:08.943215   32114 reflector.go:556] "Warning: watch ended with error" reflector="/workspaces/.cache/mod/k8s.io/client-go@v0.33.0/tools/cache/reflector.go:285" type="*v1.PartialObjectMetadata" err="an error on the server (\"unable to decode an event from the watch stream: context canceled\") has prevented the request from succeeding"
I0306 19:14:08.943118   32114 reflector.go:556] "Warning: watch ended with error" reflector="/workspaces/.cache/mod/k8s.io/client-go@v0.33.0/tools/cache/reflector.go:285" type="*v1.PartialObjectMetadata" err="an error on the server (\"unable to decode an event from the watch stream: context canceled\") has prevented the request from succeeding"
I0306 19:14:08.943238   32114 reflector.go:556] "Warning: watch ended with error" reflector="/workspaces/.cache/mod/k8s.io/client-go@v0.33.0/tools/cache/reflector.go:285" type="*v1.PartialObjectMetadata" err="an error on the server (\"unable to decode an event from the watch stream: context canceled\") has prevented the request from succeeding"
I0306 19:14:08.943255   32114 reflector.go:556] "Warning: watch ended with error" reflector="/workspaces/.cache/mod/k8s.io/client-go@v0.33.0/tools/cache/reflector.go:285" type="*v1.PartialObjectMetadata" err="an error on the server (\"unable to decode an event from the watch stream: context canceled\") has prevented the request from succeeding"
I0306 19:14:08.943273   32114 reflector.go:556] "Warning: watch ended with error" reflector="/workspaces/.cache/mod/k8s.io/client-go@v0.33.0/tools/cache/reflector.go:285" type="*v1.PartialObjectMetadata" err="an error on the server (\"unable to decode an event from the watch stream: context canceled\") has prevented the request from succeeding"
I0306 19:14:08.943279   32114 reflector.go:556] "Warning: watch ended with error" reflector="/workspaces/.cache/mod/k8s.io/client-go@v0.33.0/tools/cache/reflector.go:285" type="*v1.PartialObjectMetadata" err="an error on the server (\"unable to decode an event from the watch stream: context canceled\") has prevented the request from succeeding"
I0306 19:14:08.943318   32114 reflector.go:556] "Warning: watch ended with error" reflector="/workspaces/.cache/mod/k8s.io/client-go@v0.33.0/tools/cache/reflector.go:285" type="*v1.PartialObjectMetadata" err="an error on the server (\"unable to decode an event from the watch stream: context canceled\") has prevented the request from succeeding"
I0306 19:14:08.943325   32114 reflector.go:556] "Warning: watch ended with error" reflector="/workspaces/.cache/mod/k8s.io/client-go@v0.33.0/tools/cache/reflector.go:285" type="*v1.PartialObjectMetadata" err="an error on the server (\"unable to decode an event from the watch stream: context canceled\") has prevented the request from succeeding"
I0306 19:14:08.943350   32114 reflector.go:556] "Warning: watch ended with error" reflector="/workspaces/.cache/mod/k8s.io/client-go@v0.33.0/tools/cache/reflector.go:285" type="*v1.PartialObjectMetadata" err="an error on the server (\"unable to decode an event from the watch stream: context canceled\") has prevented the request from succeeding"
I0306 19:14:08.943371   32114 reflector.go:556] "Warning: watch ended with error" reflector="/workspaces/.cache/mod/k8s.io/client-go@v0.33.0/tools/cache/reflector.go:285" type="*v1.PartialObjectMetadata" err="an error on the server (\"unable to decode an event from the watch stream: context canceled\") has prevented the request from succeeding"
I0306 19:14:08.943384   32114 reflector.go:556] "Warning: watch ended with error" reflector="/workspaces/.cache/mod/k8s.io/client-go@v0.33.0/tools/cache/reflector.go:285" type="*v1.PartialObjectMetadata" err="an error on the server (\"unable to decode an event from the watch stream: context canceled\") has prevented the request from succeeding"
I0306 19:14:08.943392   32114 reflector.go:556] "Warning: watch ended with error" reflector="/workspaces/.cache/mod/k8s.io/client-go@v0.33.0/tools/cache/reflector.go:285" type="*v1.PartialObjectMetadata" err="an error on the server (\"unable to decode an event from the watch stream: context canceled\") has prevented the request from succeeding"
I0306 19:14:08.943407   32114 reflector.go:556] "Warning: watch ended with error" reflector="/workspaces/.cache/mod/k8s.io/client-go@v0.33.0/tools/cache/reflector.go:285" type="*v1.PartialObjectMetadata" err="an error on the server (\"unable to decode an event from the watch stream: context canceled\") has prevented the request from succeeding"
I0306 19:14:08.943433   32114 reflector.go:556] "Warning: watch ended with error" reflector="/workspaces/.cache/mod/k8s.io/client-go@v0.33.0/tools/cache/reflector.go:285" type="*v1.PartialObjectMetadata" err="an error on the server (\"unable to decode an event from the watch stream: context canceled\") has prevented the request from succeeding"
I0306 19:14:08.943472   32114 reflector.go:556] "Warning: watch ended with error" reflector="/workspaces/.cache/mod/k8s.io/client-go@v0.33.0/tools/cache/reflector.go:285" type="*v1.PartialObjectMetadata" err="an error on the server (\"unable to decode an event from the watch stream: context canceled\") has prevented the request from succeeding"
I0306 19:14:08.943437   32114 reflector.go:556] "Warning: watch ended with error" reflector="/workspaces/.cache/mod/k8s.io/client-go@v0.33.0/tools/cache/reflector.go:285" type="*v1.PartialObjectMetadata" err="an error on the server (\"unable to decode an event from the watch stream: context canceled\") has prevented the request from succeeding"
I0306 19:14:08.943513   32114 reflector.go:556] "Warning: watch ended with error" reflector="/workspaces/.cache/mod/k8s.io/client-go@v0.33.0/tools/cache/reflector.go:285" type="*v1.PartialObjectMetadata" err="an error on the server (\"unable to decode an event from the watch stream: context canceled\") has prevented the request from succeeding"
I0306 19:14:08.943524   32114 reflector.go:556] "Warning: watch ended with error" reflector="/workspaces/.cache/mod/k8s.io/client-go@v0.33.0/tools/cache/reflector.go:285" type="*v1.PartialObjectMetadata" err="an error on the server (\"unable to decode an event from the watch stream: context canceled\") has prevented the request from succeeding"
I0306 19:14:08.943535   32114 reflector.go:556] "Warning: watch ended with error" reflector="/workspaces/.cache/mod/k8s.io/client-go@v0.33.0/tools/cache/reflector.go:285" type="*v1.PartialObjectMetadata" err="an error on the server (\"unable to decode an event from the watch stream: context canceled\") has prevented the request from succeeding"
I0306 19:14:08.943574   32114 reflector.go:556] "Warning: watch ended with error" reflector="/workspaces/.cache/mod/k8s.io/client-go@v0.33.0/tools/cache/reflector.go:285" type="*v1.PartialObjectMetadata" err="an error on the server (\"unable to decode an event from the watch stream: context canceled\") has prevented the request from succeeding"
I0306 19:14:08.943581   32114 reflector.go:556] "Warning: watch ended with error" reflector="/workspaces/.cache/mod/k8s.io/client-go@v0.33.0/tools/cache/reflector.go:285" type="*v1.PartialObjectMetadata" err="an error on the server (\"unable to decode an event from the watch stream: context canceled\") has prevented the request from succeeding"
I0306 19:14:08.943608   32114 reflector.go:556] "Warning: watch ended with error" reflector="/workspaces/.cache/mod/k8s.io/client-go@v0.33.0/tools/cache/reflector.go:285" type="*v1.PartialObjectMetadata" err="an error on the server (\"unable to decode an event from the watch stream: context canceled\") has prevented the request from succeeding"
I0306 19:14:08.943611   32114 reflector.go:556] "Warning: watch ended with error" reflector="/workspaces/.cache/mod/k8s.io/client-go@v0.33.0/tools/cache/reflector.go:285" type="*v1.PartialObjectMetadata" err="an error on the server (\"unable to decode an event from the watch stream: context canceled\") has prevented the request from succeeding"
I0306 19:14:08.943482   32114 reflector.go:556] "Warning: watch ended with error" reflector="/workspaces/.cache/mod/k8s.io/client-go@v0.33.0/tools/cache/reflector.go:285" type="*v1.PartialObjectMetadata" err="an error on the server (\"unable to decode an event from the watch stream: context canceled\") has prevented the request from succeeding"
I0306 19:14:08.943655   32114 reflector.go:556] "Warning: watch ended with error" reflector="/workspaces/.cache/mod/k8s.io/client-go@v0.33.0/tools/cache/reflector.go:285" type="*v1.PartialObjectMetadata" err="an error on the server (\"unable to decode an event from the watch stream: context canceled\") has prevented the request from succeeding"
I0306 19:14:08.943653   32114 reflector.go:556] "Warning: watch ended with error" reflector="/workspaces/.cache/mod/k8s.io/client-go@v0.33.0/tools/cache/reflector.go:285" type="*v1.PartialObjectMetadata" err="an error on the server (\"unable to decode an event from the watch stream: context canceled\") has prevented the request from succeeding"
I0306 19:14:08.943693   32114 reflector.go:556] "Warning: watch ended with error" reflector="/workspaces/.cache/mod/k8s.io/client-go@v0.33.0/tools/cache/reflector.go:285" type="*v1.PartialObjectMetadata" err="an error on the server (\"unable to decode an event from the watch stream: context canceled\") has prevented the request from succeeding"
I0306 19:14:08.943699   32114 reflector.go:556] "Warning: watch ended with error" reflector="/workspaces/.cache/mod/k8s.io/client-go@v0.33.0/tools/cache/reflector.go:285" type="*v1.PartialObjectMetadata" err="an error on the server (\"unable to decode an event from the watch stream: context canceled\") has prevented the request from succeeding"
I0306 19:14:08.943711   32114 reflector.go:556] "Warning: watch ended with error" reflector="/workspaces/.cache/mod/k8s.io/client-go@v0.33.0/tools/cache/reflector.go:285" type="*v1.PartialObjectMetadata" err="an error on the server (\"unable to decode an event from the watch stream: context canceled\") has prevented the request from succeeding"
I0306 19:14:08.943711   32114 reflector.go:556] "Warning: watch ended with error" reflector="/workspaces/.cache/mod/k8s.io/client-go@v0.33.0/tools/cache/reflector.go:285" type="*v1.PartialObjectMetadata" err="an error on the server (\"unable to decode an event from the watch stream: context canceled\") has prevented the request from succeeding"
I0306 19:14:08.943733   32114 reflector.go:556] "Warning: watch ended with error" reflector="/workspaces/.cache/mod/k8s.io/client-go@v0.33.0/tools/cache/reflector.go:285" type="*v1.PartialObjectMetadata" err="an error on the server (\"unable to decode an event from the watch stream: context canceled\") has prevented the request from succeeding"
I0306 19:14:08.943739   32114 reflector.go:556] "Warning: watch ended with error" reflector="/workspaces/.cache/mod/k8s.io/client-go@v0.33.0/tools/cache/reflector.go:285" type="*v1.PartialObjectMetadata" err="an error on the server (\"unable to decode an event from the watch stream: context canceled\") has prevented the request from succeeding"
I0306 19:14:08.943753   32114 reflector.go:556] "Warning: watch ended with error" reflector="/workspaces/.cache/mod/k8s.io/client-go@v0.33.0/tools/cache/reflector.go:285" type="*v1.PartialObjectMetadata" err="an error on the server (\"unable to decode an event from the watch stream: context canceled\") has prevented the request from succeeding"
I0306 19:14:08.943788   32114 reflector.go:556] "Warning: watch ended with error" reflector="/workspaces/.cache/mod/k8s.io/client-go@v0.33.0/tools/cache/reflector.go:285" type="*v1.PartialObjectMetadata" err="an error on the server (\"unable to decode an event from the watch stream: context canceled\") has prevented the request from succeeding"
I0306 19:14:08.943812   32114 reflector.go:556] "Warning: watch ended with error" reflector="/workspaces/.cache/mod/k8s.io/client-go@v0.33.0/tools/cache/reflector.go:285" type="*v1.PartialObjectMetadata" err="an error on the server (\"unable to decode an event from the watch stream: context canceled\") has prevented the request from succeeding"
I0306 19:14:08.943824   32114 reflector.go:556] "Warning: watch ended with error" reflector="/workspaces/.cache/mod/k8s.io/client-go@v0.33.0/tools/cache/reflector.go:285" type="*v1.PartialObjectMetadata" err="an error on the server (\"unable to decode an event from the watch stream: context canceled\") has prevented the request from succeeding"
I0306 19:14:08.943827   32114 reflector.go:556] "Warning: watch ended with error" reflector="/workspaces/.cache/mod/k8s.io/client-go@v0.33.0/tools/cache/reflector.go:285" type="*v1.PartialObjectMetadata" err="an error on the server (\"unable to decode an event from the watch stream: context canceled\") has prevented the request from succeeding"
I0306 19:14:08.943827   32114 reflector.go:556] "Warning: watch ended with error" reflector="/workspaces/.cache/mod/k8s.io/client-go@v0.33.0/tools/cache/reflector.go:285" type="*v1.PartialObjectMetadata" err="an error on the server (\"unable to decode an event from the watch stream: context canceled\") has prevented the request from succeeding"
    harness.go:713: waiting for controller-runtime manager shutdown
I0306 19:14:08.943860   32114 reflector.go:556] "Warning: watch ended with error" reflector="/workspaces/.cache/mod/k8s.io/client-go@v0.33.0/tools/cache/reflector.go:285" type="*v1.PartialObjectMetadata" err="an error on the server (\"unable to decode an event from the watch stream: context canceled\") has prevented the request from succeeding"
I0306 19:14:08.943868   32114 reflector.go:556] "Warning: watch ended with error" reflector="/workspaces/.cache/mod/k8s.io/client-go@v0.33.0/tools/cache/reflector.go:285" type="*v1.PartialObjectMetadata" err="an error on the server (\"unable to decode an event from the watch stream: context canceled\") has prevented the request from succeeding"
{"severity":"info","timestamp":"2026-03-06T19:14:08.943Z","msg":"Stopping and waiting for leader election runnables"}
I0306 19:14:08.943881   32114 reflector.go:556] "Warning: watch ended with error" reflector="/workspaces/.cache/mod/k8s.io/client-go@v0.33.0/tools/cache/reflector.go:285" type="*v1.PartialObjectMetadata" err="an error on the server (\"unable to decode an event from the watch stream: context canceled\") has prevented the request from succeeding"
I0306 19:14:08.943908   32114 reflector.go:556] "Warning: watch ended with error" reflector="/workspaces/.cache/mod/k8s.io/client-go@v0.33.0/tools/cache/reflector.go:285" type="*v1.PartialObjectMetadata" err="an error on the server (\"unable to decode an event from the watch stream: context canceled\") has prevented the request from succeeding"
I0306 19:14:08.943913   32114 reflector.go:556] "Warning: watch ended with error" reflector="/workspaces/.cache/mod/k8s.io/client-go@v0.33.0/tools/cache/reflector.go:285" type="*v1.PartialObjectMetadata" err="an error on the server (\"unable to decode an event from the watch stream: context canceled\") has prevented the request from succeeding"
I0306 19:14:08.943922   32114 reflector.go:556] "Warning: watch ended with error" reflector="/workspaces/.cache/mod/k8s.io/client-go@v0.33.0/tools/cache/reflector.go:285" type="*v1.PartialObjectMetadata" err="an error on the server (\"unable to decode an event from the watch stream: context canceled\") has prevented the request from succeeding"
I0306 19:14:08.943956   32114 reflector.go:556] "Warning: watch ended with error" reflector="/workspaces/.cache/mod/k8s.io/client-go@v0.33.0/tools/cache/reflector.go:285" type="*v1.PartialObjectMetadata" err="an error on the server (\"unable to decode an event from the watch stream: context canceled\") has prevented the request from succeeding"
I0306 19:14:08.943966   32114 reflector.go:556] "Warning: watch ended with error" reflector="/workspaces/.cache/mod/k8s.io/client-go@v0.33.0/tools/cache/reflector.go:285" type="*v1.PartialObjectMetadata" err="an error on the server (\"unable to decode an event from the watch stream: context canceled\") has prevented the request from succeeding"
I0306 19:14:08.943997   32114 reflector.go:556] "Warning: watch ended with error" reflector="/workspaces/.cache/mod/k8s.io/client-go@v0.33.0/tools/cache/reflector.go:285" type="*v1.PartialObjectMetadata" err="an error on the server (\"unable to decode an event from the watch stream: context canceled\") has prevented the request from succeeding"
I0306 19:14:08.944012   32114 reflector.go:556] "Warning: watch ended with error" reflector="/workspaces/.cache/mod/k8s.io/client-go@v0.33.0/tools/cache/reflector.go:285" type="*v1.PartialObjectMetadata" err="an error on the server (\"unable to decode an event from the watch stream: context canceled\") has prevented the request from succeeding"
I0306 19:14:08.944023   32114 reflector.go:556] "Warning: watch ended with error" reflector="/workspaces/.cache/mod/k8s.io/client-go@v0.33.0/tools/cache/reflector.go:285" type="*v1.PartialObjectMetadata" err="an error on the server (\"unable to decode an event from the watch stream: context canceled\") has prevented the request from succeeding"
I0306 19:14:08.943318   32114 reflector.go:556] "Warning: watch ended with error" reflector="/workspaces/.cache/mod/k8s.io/client-go@v0.33.0/tools/cache/reflector.go:285" type="*v1.PartialObjectMetadata" err="an error on the server (\"unable to decode an event from the watch stream: context canceled\") has prevented the request from succeeding"
I0306 19:14:08.944068   32114 reflector.go:556] "Warning: watch ended with error" reflector="/workspaces/.cache/mod/k8s.io/client-go@v0.33.0/tools/cache/reflector.go:285" type="*v1.PartialObjectMetadata" err="an error on the server (\"unable to decode an event from the watch stream: context canceled\") has prevented the request from succeeding"
I0306 19:14:08.944073   32114 reflector.go:556] "Warning: watch ended with error" reflector="/workspaces/.cache/mod/k8s.io/client-go@v0.33.0/tools/cache/reflector.go:285" type="*v1.PartialObjectMetadata" err="an error on the server (\"unable to decode an event from the watch stream: context canceled\") has prevented the request from succeeding"
I0306 19:14:08.944087   32114 reflector.go:556] "Warning: watch ended with error" reflector="/workspaces/.cache/mod/k8s.io/client-go@v0.33.0/tools/cache/reflector.go:285" type="*v1.PartialObjectMetadata" err="an error on the server (\"unable to decode an event from the watch stream: context canceled\") has prevented the request from succeeding"
I0306 19:14:08.944103   32114 reflector.go:556] "Warning: watch ended with error" reflector="/workspaces/.cache/mod/k8s.io/client-go@v0.33.0/tools/cache/reflector.go:285" type="*v1.PartialObjectMetadata" err="an error on the server (\"unable to decode an event from the watch stream: context canceled\") has prevented the request from succeeding"
I0306 19:14:08.944109   32114 reflector.go:556] "Warning: watch ended with error" reflector="/workspaces/.cache/mod/k8s.io/client-go@v0.33.0/tools/cache/reflector.go:285" type="*v1.PartialObjectMetadata" err="an error on the server (\"unable to decode an event from the watch stream: context canceled\") has prevented the request from succeeding"
I0306 19:14:08.944111   32114 reflector.go:556] "Warning: watch ended with error" reflector="/workspaces/.cache/mod/k8s.io/client-go@v0.33.0/tools/cache/reflector.go:285" type="*v1.PartialObjectMetadata" err="an error on the server (\"unable to decode an event from the watch stream: context canceled\") has prevented the request from succeeding"
I0306 19:14:08.944142   32114 reflector.go:556] "Warning: watch ended with error" reflector="/workspaces/.cache/mod/k8s.io/client-go@v0.33.0/tools/cache/reflector.go:285" type="*v1.PartialObjectMetadata" err="an error on the server (\"unable to decode an event from the watch stream: context canceled\") has prevented the request from succeeding"
I0306 19:14:08.944144   32114 reflector.go:556] "Warning: watch ended with error" reflector="/workspaces/.cache/mod/k8s.io/client-go@v0.33.0/tools/cache/reflector.go:285" type="*v1.PartialObjectMetadata" err="an error on the server (\"unable to decode an event from the watch stream: context canceled\") has prevented the request from succeeding"
I0306 19:14:08.944159   32114 reflector.go:556] "Warning: watch ended with error" reflector="/workspaces/.cache/mod/k8s.io/client-go@v0.33.0/tools/cache/reflector.go:285" type="*v1.PartialObjectMetadata" err="an error on the server (\"unable to decode an event from the watch stream: context canceled\") has prevented the request from succeeding"
I0306 19:14:08.944184   32114 reflector.go:556] "Warning: watch ended with error" reflector="/workspaces/.cache/mod/k8s.io/client-go@v0.33.0/tools/cache/reflector.go:285" type="*v1.PartialObjectMetadata" err="an error on the server (\"unable to decode an event from the watch stream: context canceled\") has prevented the request from succeeding"
I0306 19:14:08.944195   32114 reflector.go:556] "Warning: watch ended with error" reflector="/workspaces/.cache/mod/k8s.io/client-go@v0.33.0/tools/cache/reflector.go:285" type="*v1.PartialObjectMetadata" err="an error on the server (\"unable to decode an event from the watch stream: context canceled\") has prevented the request from succeeding"
I0306 19:14:08.944228   32114 reflector.go:556] "Warning: watch ended with error" reflector="/workspaces/.cache/mod/k8s.io/client-go@v0.33.0/tools/cache/reflector.go:285" type="*v1.PartialObjectMetadata" err="an error on the server (\"unable to decode an event from the watch stream: context canceled\") has prevented the request from succeeding"
I0306 19:14:08.944237   32114 reflector.go:556] "Warning: watch ended with error" reflector="/workspaces/.cache/mod/k8s.io/client-go@v0.33.0/tools/cache/reflector.go:285" type="*v1.PartialObjectMetadata" err="an error on the server (\"unable to decode an event from the watch stream: context canceled\") has prevented the request from succeeding"
I0306 19:14:08.944252   32114 reflector.go:556] "Warning: watch ended with error" reflector="/workspaces/.cache/mod/k8s.io/client-go@v0.33.0/tools/cache/reflector.go:285" type="*v1.PartialObjectMetadata" err="an error on the server (\"unable to decode an event from the watch stream: context canceled\") has prevented the request from succeeding"
I0306 19:14:08.943275   32114 reflector.go:556] "Warning: watch ended with error" reflector="/workspaces/.cache/mod/k8s.io/client-go@v0.33.0/tools/cache/reflector.go:285" type="*v1.PartialObjectMetadata" err="an error on the server (\"unable to decode an event from the watch stream: context canceled\") has prevented the request from succeeding"
I0306 19:14:08.944271   32114 reflector.go:556] "Warning: watch ended with error" reflector="/workspaces/.cache/mod/k8s.io/client-go@v0.33.0/tools/cache/reflector.go:285" type="*v1.PartialObjectMetadata" err="an error on the server (\"unable to decode an event from the watch stream: context canceled\") has prevented the request from succeeding"
I0306 19:14:08.944282   32114 reflector.go:556] "Warning: watch ended with error" reflector="/workspaces/.cache/mod/k8s.io/client-go@v0.33.0/tools/cache/reflector.go:285" type="*v1.PartialObjectMetadata" err="an error on the server (\"unable to decode an event from the watch stream: context canceled\") has prevented the request from succeeding"
I0306 19:14:08.944307   32114 reflector.go:556] "Warning: watch ended with error" reflector="/workspaces/.cache/mod/k8s.io/client-go@v0.33.0/tools/cache/reflector.go:285" type="*v1.PartialObjectMetadata" err="an error on the server (\"unable to decode an event from the watch stream: context canceled\") has prevented the request from succeeding"
I0306 19:14:08.944321   32114 reflector.go:556] "Warning: watch ended with error" reflector="/workspaces/.cache/mod/k8s.io/client-go@v0.33.0/tools/cache/reflector.go:285" type="*v1.PartialObjectMetadata" err="an error on the server (\"unable to decode an event from the watch stream: context canceled\") has prevented the request from succeeding"
I0306 19:14:08.944328   32114 reflector.go:556] "Warning: watch ended with error" reflector="/workspaces/.cache/mod/k8s.io/client-go@v0.33.0/tools/cache/reflector.go:285" type="*v1.PartialObjectMetadata" err="an error on the server (\"unable to decode an event from the watch stream: context canceled\") has prevented the request from succeeding"
I0306 19:14:08.944335   32114 reflector.go:556] "Warning: watch ended with error" reflector="/workspaces/.cache/mod/k8s.io/client-go@v0.33.0/tools/cache/reflector.go:285" type="*v1.PartialObjectMetadata" err="an error on the server (\"unable to decode an event from the watch stream: context canceled\") has prevented the request from succeeding"
I0306 19:14:08.944332   32114 reflector.go:556] "Warning: watch ended with error" reflector="/workspaces/.cache/mod/k8s.io/client-go@v0.33.0/tools/cache/reflector.go:285" type="*v1.PartialObjectMetadata" err="an error on the server (\"unable to decode an event from the watch stream: context canceled\") has prevented the request from succeeding"
I0306 19:14:08.943653   32114 reflector.go:556] "Warning: watch ended with error" reflector="/workspaces/.cache/mod/k8s.io/client-go@v0.33.0/tools/cache/reflector.go:285" type="*v1.PartialObjectMetadata" err="an error on the server (\"unable to decode an event from the watch stream: context canceled\") has prevented the request from succeeding"
I0306 19:14:08.944383   32114 reflector.go:556] "Warning: watch ended with error" reflector="/workspaces/.cache/mod/k8s.io/client-go@v0.33.0/tools/cache/reflector.go:285" type="*v1.PartialObjectMetadata" err="an error on the server (\"unable to decode an event from the watch stream: context canceled\") has prevented the request from succeeding"
I0306 19:14:08.944379   32114 reflector.go:556] "Warning: watch ended with error" reflector="/workspaces/.cache/mod/k8s.io/client-go@v0.33.0/tools/cache/reflector.go:285" type="*v1.PartialObjectMetadata" err="an error on the server (\"unable to decode an event from the watch stream: context canceled\") has prevented the request from succeeding"
I0306 19:14:08.944419   32114 reflector.go:556] "Warning: watch ended with error" reflector="/workspaces/.cache/mod/k8s.io/client-go@v0.33.0/tools/cache/reflector.go:285" type="*v1.PartialObjectMetadata" err="an error on the server (\"unable to decode an event from the watch stream: context canceled\") has prevented the request from succeeding"
I0306 19:14:08.944427   32114 reflector.go:556] "Warning: watch ended with error" reflector="/workspaces/.cache/mod/k8s.io/client-go@v0.33.0/tools/cache/reflector.go:285" type="*v1.PartialObjectMetadata" err="an error on the server (\"unable to decode an event from the watch stream: context canceled\") has prevented the request from succeeding"
I0306 19:14:08.944434   32114 reflector.go:556] "Warning: watch ended with error" reflector="/workspaces/.cache/mod/k8s.io/client-go@v0.33.0/tools/cache/reflector.go:285" type="*v1.PartialObjectMetadata" err="an error on the server (\"unable to decode an event from the watch stream: context canceled\") has prevented the request from succeeding"
I0306 19:14:08.944489   32114 reflector.go:556] "Warning: watch ended with error" reflector="/workspaces/.cache/mod/k8s.io/client-go@v0.33.0/tools/cache/reflector.go:285" type="*v1.PartialObjectMetadata" err="an error on the server (\"unable to decode an event from the watch stream: context canceled\") has prevented the request from succeeding"
I0306 19:14:08.944493   32114 reflector.go:556] "Warning: watch ended with error" reflector="/workspaces/.cache/mod/k8s.io/client-go@v0.33.0/tools/cache/reflector.go:285" type="*v1.PartialObjectMetadata" err="an error on the server (\"unable to decode an event from the watch stream: context canceled\") has prevented the request from succeeding"
I0306 19:14:08.944499   32114 reflector.go:556] "Warning: watch ended with error" reflector="/workspaces/.cache/mod/k8s.io/client-go@v0.33.0/tools/cache/reflector.go:285" type="*v1.PartialObjectMetadata" err="an error on the server (\"unable to decode an event from the watch stream: context canceled\") has prevented the request from succeeding"
I0306 19:14:08.943062   32114 reflector.go:556] "Warning: watch ended with error" reflector="/workspaces/.cache/mod/k8s.io/client-go@v0.33.0/tools/cache/reflector.go:285" type="*v1.PartialObjectMetadata" err="an error on the server (\"unable to decode an event from the watch stream: context canceled\") has prevented the request from succeeding"
I0306 19:14:08.944502   32114 reflector.go:556] "Warning: watch ended with error" reflector="/workspaces/.cache/mod/k8s.io/client-go@v0.33.0/tools/cache/reflector.go:285" type="*v1.PartialObjectMetadata" err="an error on the server (\"unable to decode an event from the watch stream: context canceled\") has prevented the request from succeeding"
I0306 19:14:08.944543   32114 reflector.go:556] "Warning: watch ended with error" reflector="/workspaces/.cache/mod/k8s.io/client-go@v0.33.0/tools/cache/reflector.go:285" type="*v1.PartialObjectMetadata" err="an error on the server (\"unable to decode an event from the watch stream: context canceled\") has prevented the request from succeeding"
I0306 19:14:08.944552   32114 reflector.go:556] "Warning: watch ended with error" reflector="/workspaces/.cache/mod/k8s.io/client-go@v0.33.0/tools/cache/reflector.go:285" type="*v1.PartialObjectMetadata" err="an error on the server (\"unable to decode an event from the watch stream: context canceled\") has prevented the request from succeeding"
I0306 19:14:08.944559   32114 reflector.go:556] "Warning: watch ended with error" reflector="/workspaces/.cache/mod/k8s.io/client-go@v0.33.0/tools/cache/reflector.go:285" type="*v1.PartialObjectMetadata" err="an error on the server (\"unable to decode an event from the watch stream: context canceled\") has prevented the request from succeeding"
I0306 19:14:08.944577   32114 reflector.go:556] "Warning: watch ended with error" reflector="/workspaces/.cache/mod/k8s.io/client-go@v0.33.0/tools/cache/reflector.go:285" type="*v1.PartialObjectMetadata" err="an error on the server (\"unable to decode an event from the watch stream: context canceled\") has prevented the request from succeeding"
I0306 19:14:08.944230   32114 reflector.go:556] "Warning: watch ended with error" reflector="/workspaces/.cache/mod/k8s.io/client-go@v0.33.0/tools/cache/reflector.go:285" type="*v1.PartialObjectMetadata" err="an error on the server (\"unable to decode an event from the watch stream: context canceled\") has prevented the request from succeeding"
I0306 19:14:08.944590   32114 reflector.go:556] "Warning: watch ended with error" reflector="/workspaces/.cache/mod/k8s.io/client-go@v0.33.0/tools/cache/reflector.go:285" type="*v1.PartialObjectMetadata" err="an error on the server (\"unable to decode an event from the watch stream: context canceled\") has prevented the request from succeeding"
I0306 19:14:08.944619   32114 reflector.go:556] "Warning: watch ended with error" reflector="/workspaces/.cache/mod/k8s.io/client-go@v0.33.0/tools/cache/reflector.go:285" type="*v1.PartialObjectMetadata" err="an error on the server (\"unable to decode an event from the watch stream: context canceled\") has prevented the request from succeeding"
I0306 19:14:08.944626   32114 reflector.go:556] "Warning: watch ended with error" reflector="/workspaces/.cache/mod/k8s.io/client-go@v0.33.0/tools/cache/reflector.go:285" type="*v1.PartialObjectMetadata" err="an error on the server (\"unable to decode an event from the watch stream: context canceled\") has prevented the request from succeeding"
I0306 19:14:08.944637   32114 reflector.go:556] "Warning: watch ended with error" reflector="/workspaces/.cache/mod/k8s.io/client-go@v0.33.0/tools/cache/reflector.go:285" type="*v1.PartialObjectMetadata" err="an error on the server (\"unable to decode an event from the watch stream: context canceled\") has prevented the request from succeeding"
I0306 19:14:08.944657   32114 reflector.go:556] "Warning: watch ended with error" reflector="/workspaces/.cache/mod/k8s.io/client-go@v0.33.0/tools/cache/reflector.go:285" type="*v1.PartialObjectMetadata" err="an error on the server (\"unable to decode an event from the watch stream: context canceled\") has prevented the request from succeeding"
I0306 19:14:08.944678   32114 reflector.go:556] "Warning: watch ended with error" reflector="/workspaces/.cache/mod/k8s.io/client-go@v0.33.0/tools/cache/reflector.go:285" type="*v1.PartialObjectMetadata" err="an error on the server (\"unable to decode an event from the watch stream: context canceled\") has prevented the request from succeeding"
I0306 19:14:08.944687   32114 reflector.go:556] "Warning: watch ended with error" reflector="/workspaces/.cache/mod/k8s.io/client-go@v0.33.0/tools/cache/reflector.go:285" type="*v1.PartialObjectMetadata" err="an error on the server (\"unable to decode an event from the watch stream: context canceled\") has prevented the request from succeeding"
I0306 19:14:08.944691   32114 reflector.go:556] "Warning: watch ended with error" reflector="/workspaces/.cache/mod/k8s.io/client-go@v0.33.0/tools/cache/reflector.go:285" type="*v1.PartialObjectMetadata" err="an error on the server (\"unable to decode an event from the watch stream: context canceled\") has prevented the request from succeeding"
I0306 19:14:08.944702   32114 reflector.go:556] "Warning: watch ended with error" reflector="/workspaces/.cache/mod/k8s.io/client-go@v0.33.0/tools/cache/reflector.go:285" type="*v1.PartialObjectMetadata" err="an error on the server (\"unable to decode an event from the watch stream: context canceled\") has prevented the request from succeeding"
I0306 19:14:08.944420   32114 reflector.go:556] "Warning: watch ended with error" reflector="/workspaces/.cache/mod/k8s.io/client-go@v0.33.0/tools/cache/reflector.go:285" type="*v1.PartialObjectMetadata" err="an error on the server (\"unable to decode an event from the watch stream: context canceled\") has prevented the request from succeeding"
I0306 19:14:08.944722   32114 reflector.go:556] "Warning: watch ended with error" reflector="/workspaces/.cache/mod/k8s.io/client-go@v0.33.0/tools/cache/reflector.go:285" type="*v1.PartialObjectMetadata" err="an error on the server (\"unable to decode an event from the watch stream: context canceled\") has prevented the request from succeeding"
I0306 19:14:08.944735   32114 reflector.go:556] "Warning: watch ended with error" reflector="/workspaces/.cache/mod/k8s.io/client-go@v0.33.0/tools/cache/reflector.go:285" type="*v1.PartialObjectMetadata" err="an error on the server (\"unable to decode an event from the watch stream: context canceled\") has prevented the request from succeeding"
I0306 19:14:08.944744   32114 reflector.go:556] "Warning: watch ended with error" reflector="/workspaces/.cache/mod/k8s.io/client-go@v0.33.0/tools/cache/reflector.go:285" type="*v1.PartialObjectMetadata" err="an error on the server (\"unable to decode an event from the watch stream: context canceled\") has prevented the request from succeeding"
I0306 19:14:08.944759   32114 reflector.go:556] "Warning: watch ended with error" reflector="/workspaces/.cache/mod/k8s.io/client-go@v0.33.0/tools/cache/reflector.go:285" type="*v1.PartialObjectMetadata" err="an error on the server (\"unable to decode an event from the watch stream: context canceled\") has prevented the request from succeeding"
I0306 19:14:08.944768   32114 reflector.go:556] "Warning: watch ended with error" reflector="/workspaces/.cache/mod/k8s.io/client-go@v0.33.0/tools/cache/reflector.go:285" type="*v1.PartialObjectMetadata" err="an error on the server (\"unable to decode an event from the watch stream: context canceled\") has prevented the request from succeeding"
I0306 19:14:08.944779   32114 reflector.go:556] "Warning: watch ended with error" reflector="/workspaces/.cache/mod/k8s.io/client-go@v0.33.0/tools/cache/reflector.go:285" type="*v1.PartialObjectMetadata" err="an error on the server (\"unable to decode an event from the watch stream: context canceled\") has prevented the request from succeeding"
I0306 19:14:08.944806   32114 reflector.go:556] "Warning: watch ended with error" reflector="/workspaces/.cache/mod/k8s.io/client-go@v0.33.0/tools/cache/reflector.go:285" type="*v1.PartialObjectMetadata" err="an error on the server (\"unable to decode an event from the watch stream: context canceled\") has prevented the request from succeeding"
I0306 19:14:08.944814   32114 reflector.go:556] "Warning: watch ended with error" reflector="/workspaces/.cache/mod/k8s.io/client-go@v0.33.0/tools/cache/reflector.go:285" type="*v1.PartialObjectMetadata" err="an error on the server (\"unable to decode an event from the watch stream: context canceled\") has prevented the request from succeeding"
I0306 19:14:08.944826   32114 reflector.go:556] "Warning: watch ended with error" reflector="/workspaces/.cache/mod/k8s.io/client-go@v0.33.0/tools/cache/reflector.go:285" type="*v1.PartialObjectMetadata" err="an error on the server (\"unable to decode an event from the watch stream: context canceled\") has prevented the request from succeeding"
I0306 19:14:08.944848   32114 reflector.go:556] "Warning: watch ended with error" reflector="/workspaces/.cache/mod/k8s.io/client-go@v0.33.0/tools/cache/reflector.go:285" type="*v1.PartialObjectMetadata" err="an error on the server (\"unable to decode an event from the watch stream: context canceled\") has prevented the request from succeeding"
I0306 19:14:08.944857   32114 reflector.go:556] "Warning: watch ended with error" reflector="/workspaces/.cache/mod/k8s.io/client-go@v0.33.0/tools/cache/reflector.go:285" type="*v1.PartialObjectMetadata" err="an error on the server (\"unable to decode an event from the watch stream: context canceled\") has prevented the request from succeeding"
I0306 19:14:08.944868   32114 reflector.go:556] "Warning: watch ended with error" reflector="/workspaces/.cache/mod/k8s.io/client-go@v0.33.0/tools/cache/reflector.go:285" type="*v1.PartialObjectMetadata" err="an error on the server (\"unable to decode an event from the watch stream: context canceled\") has prevented the request from succeeding"
I0306 19:14:08.944874   32114 reflector.go:556] "Warning: watch ended with error" reflector="/workspaces/.cache/mod/k8s.io/client-go@v0.33.0/tools/cache/reflector.go:285" type="*v1.PartialObjectMetadata" err="an error on the server (\"unable to decode an event from the watch stream: context canceled\") has prevented the request from succeeding"
I0306 19:14:08.944893   32114 reflector.go:556] "Warning: watch ended with error" reflector="/workspaces/.cache/mod/k8s.io/client-go@v0.33.0/tools/cache/reflector.go:285" type="*v1.PartialObjectMetadata" err="an error on the server (\"unable to decode an event from the watch stream: context canceled\") has prevented the request from succeeding"
I0306 19:14:08.944197   32114 reflector.go:556] "Warning: watch ended with error" reflector="/workspaces/.cache/mod/k8s.io/client-go@v0.33.0/tools/cache/reflector.go:285" type="*v1.PartialObjectMetadata" err="an error on the server (\"unable to decode an event from the watch stream: context canceled\") has prevented the request from succeeding"
I0306 19:14:08.944916   32114 reflector.go:556] "Warning: watch ended with error" reflector="/workspaces/.cache/mod/k8s.io/client-go@v0.33.0/tools/cache/reflector.go:285" type="*v1.PartialObjectMetadata" err="an error on the server (\"unable to decode an event from the watch stream: context canceled\") has prevented the request from succeeding"
I0306 19:14:08.944936   32114 reflector.go:556] "Warning: watch ended with error" reflector="/workspaces/.cache/mod/k8s.io/client-go@v0.33.0/tools/cache/reflector.go:285" type="*v1.PartialObjectMetadata" err="an error on the server (\"unable to decode an event from the watch stream: context canceled\") has prevented the request from succeeding"
I0306 19:14:08.944961   32114 reflector.go:556] "Warning: watch ended with error" reflector="/workspaces/.cache/mod/k8s.io/client-go@v0.33.0/tools/cache/reflector.go:285" type="*v1.PartialObjectMetadata" err="an error on the server (\"unable to decode an event from the watch stream: context canceled\") has prevented the request from succeeding"
I0306 19:14:08.944970   32114 reflector.go:556] "Warning: watch ended with error" reflector="/workspaces/.cache/mod/k8s.io/client-go@v0.33.0/tools/cache/reflector.go:285" type="*v1.PartialObjectMetadata" err="an error on the server (\"unable to decode an event from the watch stream: context canceled\") has prevented the request from succeeding"
I0306 19:14:08.944976   32114 reflector.go:556] "Warning: watch ended with error" reflector="/workspaces/.cache/mod/k8s.io/client-go@v0.33.0/tools/cache/reflector.go:285" type="*v1.PartialObjectMetadata" err="an error on the server (\"unable to decode an event from the watch stream: context canceled\") has prevented the request from succeeding"
I0306 19:14:08.945008   32114 reflector.go:556] "Warning: watch ended with error" reflector="/workspaces/.cache/mod/k8s.io/client-go@v0.33.0/tools/cache/reflector.go:285" type="*v1.PartialObjectMetadata" err="an error on the server (\"unable to decode an event from the watch stream: context canceled\") has prevented the request from succeeding"
I0306 19:14:08.945012   32114 reflector.go:556] "Warning: watch ended with error" reflector="/workspaces/.cache/mod/k8s.io/client-go@v0.33.0/tools/cache/reflector.go:285" type="*v1.PartialObjectMetadata" err="an error on the server (\"unable to decode an event from the watch stream: context canceled\") has prevented the request from succeeding"
I0306 19:14:08.945020   32114 reflector.go:556] "Warning: watch ended with error" reflector="/workspaces/.cache/mod/k8s.io/client-go@v0.33.0/tools/cache/reflector.go:285" type="*v1.PartialObjectMetadata" err="an error on the server (\"unable to decode an event from the watch stream: context canceled\") has prevented the request from succeeding"
I0306 19:14:08.945032   32114 reflector.go:556] "Warning: watch ended with error" reflector="/workspaces/.cache/mod/k8s.io/client-go@v0.33.0/tools/cache/reflector.go:285" type="*v1.PartialObjectMetadata" err="an error on the server (\"unable to decode an event from the watch stream: context canceled\") has prevented the request from succeeding"
I0306 19:14:08.945048   32114 reflector.go:556] "Warning: watch ended with error" reflector="/workspaces/.cache/mod/k8s.io/client-go@v0.33.0/tools/cache/reflector.go:285" type="*v1.PartialObjectMetadata" err="an error on the server (\"unable to decode an event from the watch stream: context canceled\") has prevented the request from succeeding"
I0306 19:14:08.945066   32114 reflector.go:556] "Warning: watch ended with error" reflector="/workspaces/.cache/mod/k8s.io/client-go@v0.33.0/tools/cache/reflector.go:285" type="*v1.PartialObjectMetadata" err="an error on the server (\"unable to decode an event from the watch stream: context canceled\") has prevented the request from succeeding"
I0306 19:14:08.945069   32114 reflector.go:556] "Warning: watch ended with error" reflector="/workspaces/.cache/mod/k8s.io/client-go@v0.33.0/tools/cache/reflector.go:285" type="*v1.PartialObjectMetadata" err="an error on the server (\"unable to decode an event from the watch stream: context canceled\") has prevented the request from succeeding"
I0306 19:14:08.945080   32114 reflector.go:556] "Warning: watch ended with error" reflector="/workspaces/.cache/mod/k8s.io/client-go@v0.33.0/tools/cache/reflector.go:285" type="*v1.PartialObjectMetadata" err="an error on the server (\"unable to decode an event from the watch stream: context canceled\") has prevented the request from succeeding"
I0306 19:14:08.945085   32114 reflector.go:556] "Warning: watch ended with error" reflector="/workspaces/.cache/mod/k8s.io/client-go@v0.33.0/tools/cache/reflector.go:285" type="*v1.PartialObjectMetadata" err="an error on the server (\"unable to decode an event from the watch stream: context canceled\") has prevented the request from succeeding"
I0306 19:14:08.945090   32114 reflector.go:556] "Warning: watch ended with error" reflector="/workspaces/.cache/mod/k8s.io/client-go@v0.33.0/tools/cache/reflector.go:285" type="*v1.PartialObjectMetadata" err="an error on the server (\"unable to decode an event from the watch stream: context canceled\") has prevented the request from succeeding"
I0306 19:14:08.945121   32114 reflector.go:556] "Warning: watch ended with error" reflector="/workspaces/.cache/mod/k8s.io/client-go@v0.33.0/tools/cache/reflector.go:285" type="*v1.PartialObjectMetadata" err="an error on the server (\"unable to decode an event from the watch stream: context canceled\") has prevented the request from succeeding"
I0306 19:14:08.945117   32114 reflector.go:556] "Warning: watch ended with error" reflector="/workspaces/.cache/mod/k8s.io/client-go@v0.33.0/tools/cache/reflector.go:285" type="*v1.PartialObjectMetadata" err="an error on the server (\"unable to decode an event from the watch stream: context canceled\") has prevented the request from succeeding"
I0306 19:14:08.944627   32114 reflector.go:556] "Warning: watch ended with error" reflector="/workspaces/.cache/mod/k8s.io/client-go@v0.33.0/tools/cache/reflector.go:285" type="*v1.PartialObjectMetadata" err="an error on the server (\"unable to decode an event from the watch stream: context canceled\") has prevented the request from succeeding"
I0306 19:14:08.945141   32114 reflector.go:556] "Warning: watch ended with error" reflector="/workspaces/.cache/mod/k8s.io/client-go@v0.33.0/tools/cache/reflector.go:285" type="*v1.PartialObjectMetadata" err="an error on the server (\"unable to decode an event from the watch stream: context canceled\") has prevented the request from succeeding"
I0306 19:14:08.944671   32114 reflector.go:556] "Warning: watch ended with error" reflector="/workspaces/.cache/mod/k8s.io/client-go@v0.33.0/tools/cache/reflector.go:285" type="*v1.PartialObjectMetadata" err="an error on the server (\"unable to decode an event from the watch stream: context canceled\") has prevented the request from succeeding"
I0306 19:14:08.945169   32114 reflector.go:556] "Warning: watch ended with error" reflector="/workspaces/.cache/mod/k8s.io/client-go@v0.33.0/tools/cache/reflector.go:285" type="*v1.PartialObjectMetadata" err="an error on the server (\"unable to decode an event from the watch stream: context canceled\") has prevented the request from succeeding"
I0306 19:14:08.945185   32114 reflector.go:556] "Warning: watch ended with error" reflector="/workspaces/.cache/mod/k8s.io/client-go@v0.33.0/tools/cache/reflector.go:285" type="*v1.PartialObjectMetadata" err="an error on the server (\"unable to decode an event from the watch stream: context canceled\") has prevented the request from succeeding"
I0306 19:14:08.945206   32114 reflector.go:556] "Warning: watch ended with error" reflector="/workspaces/.cache/mod/k8s.io/client-go@v0.33.0/tools/cache/reflector.go:285" type="*v1.PartialObjectMetadata" err="an error on the server (\"unable to decode an event from the watch stream: context canceled\") has prevented the request from succeeding"
I0306 19:14:08.945218   32114 reflector.go:556] "Warning: watch ended with error" reflector="/workspaces/.cache/mod/k8s.io/client-go@v0.33.0/tools/cache/reflector.go:285" type="*v1.PartialObjectMetadata" err="an error on the server (\"unable to decode an event from the watch stream: context canceled\") has prevented the request from succeeding"
I0306 19:14:08.943327   32114 reflector.go:556] "Warning: watch ended with error" reflector="/workspaces/.cache/mod/k8s.io/client-go@v0.33.0/tools/cache/reflector.go:285" type="*v1.PartialObjectMetadata" err="an error on the server (\"unable to decode an event from the watch stream: context canceled\") has prevented the request from succeeding"
I0306 19:14:08.945226   32114 reflector.go:556] "Warning: watch ended with error" reflector="/workspaces/.cache/mod/k8s.io/client-go@v0.33.0/tools/cache/reflector.go:285" type="*v1.PartialObjectMetadata" err="an error on the server (\"unable to decode an event from the watch stream: context canceled\") has prevented the request from succeeding"
I0306 19:14:08.945239   32114 reflector.go:556] "Warning: watch ended with error" reflector="/workspaces/.cache/mod/k8s.io/client-go@v0.33.0/tools/cache/reflector.go:285" type="*v1.PartialObjectMetadata" err="an error on the server (\"unable to decode an event from the watch stream: context canceled\") has prevented the request from succeeding"
I0306 19:14:08.945269   32114 reflector.go:556] "Warning: watch ended with error" reflector="/workspaces/.cache/mod/k8s.io/client-go@v0.33.0/tools/cache/reflector.go:285" type="*v1.PartialObjectMetadata" err="an error on the server (\"unable to decode an event from the watch stream: context canceled\") has prevented the request from succeeding"
I0306 19:14:08.945276   32114 reflector.go:556] "Warning: watch ended with error" reflector="/workspaces/.cache/mod/k8s.io/client-go@v0.33.0/tools/cache/reflector.go:285" type="*v1.PartialObjectMetadata" err="an error on the server (\"unable to decode an event from the watch stream: context canceled\") has prevented the request from succeeding"
I0306 19:14:08.942850   32114 reflector.go:556] "Warning: watch ended with error" reflector="/workspaces/.cache/mod/k8s.io/client-go@v0.33.0/tools/cache/reflector.go:285" type="*v1.PartialObjectMetadata" err="an error on the server (\"unable to decode an event from the watch stream: context canceled\") has prevented the request from succeeding"
I0306 19:14:08.945280   32114 reflector.go:556] "Warning: watch ended with error" reflector="/workspaces/.cache/mod/k8s.io/client-go@v0.33.0/tools/cache/reflector.go:285" type="*v1.PartialObjectMetadata" err="an error on the server (\"unable to decode an event from the watch stream: context canceled\") has prevented the request from succeeding"
I0306 19:14:08.944195   32114 reflector.go:556] "Warning: watch ended with error" reflector="/workspaces/.cache/mod/k8s.io/client-go@v0.33.0/tools/cache/reflector.go:285" type="*v1.PartialObjectMetadata" err="an error on the server (\"unable to decode an event from the watch stream: context canceled\") has prevented the request from succeeding"
I0306 19:14:08.945308   32114 reflector.go:556] "Warning: watch ended with error" reflector="/workspaces/.cache/mod/k8s.io/client-go@v0.33.0/tools/cache/reflector.go:285" type="*v1.PartialObjectMetadata" err="an error on the server (\"unable to decode an event from the watch stream: context canceled\") has prevented the request from succeeding"
I0306 19:14:08.944588   32114 reflector.go:556] "Warning: watch ended with error" reflector="/workspaces/.cache/mod/k8s.io/client-go@v0.33.0/tools/cache/reflector.go:285" type="*v1.PartialObjectMetadata" err="an error on the server (\"unable to decode an event from the watch stream: context canceled\") has prevented the request from succeeding"
I0306 19:14:08.944025   32114 reflector.go:556] "Warning: watch ended with error" reflector="/workspaces/.cache/mod/k8s.io/client-go@v0.33.0/tools/cache/reflector.go:285" type="*v1.PartialObjectMetadata" err="an error on the server (\"unable to decode an event from the watch stream: context canceled\") has prevented the request from succeeding"
I0306 19:14:08.945336   32114 reflector.go:556] "Warning: watch ended with error" reflector="/workspaces/.cache/mod/k8s.io/client-go@v0.33.0/tools/cache/reflector.go:285" type="*v1.PartialObjectMetadata" err="an error on the server (\"unable to decode an event from the watch stream: context canceled\") has prevented the request from succeeding"
I0306 19:14:08.944824   32114 reflector.go:556] "Warning: watch ended with error" reflector="/workspaces/.cache/mod/k8s.io/client-go@v0.33.0/tools/cache/reflector.go:285" type="*v1.PartialObjectMetadata" err="an error on the server (\"unable to decode an event from the watch stream: context canceled\") has prevented the request from succeeding"
I0306 19:14:08.945374   32114 reflector.go:556] "Warning: watch ended with error" reflector="/workspaces/.cache/mod/k8s.io/client-go@v0.33.0/tools/cache/reflector.go:285" type="*v1.PartialObjectMetadata" err="an error on the server (\"unable to decode an event from the watch stream: context canceled\") has prevented the request from succeeding"
I0306 19:14:08.944903   32114 reflector.go:556] "Warning: watch ended with error" reflector="/workspaces/.cache/mod/k8s.io/client-go@v0.33.0/tools/cache/reflector.go:285" type="*v1.PartialObjectMetadata" err="an error on the server (\"unable to decode an event from the watch stream: context canceled\") has prevented the request from succeeding"
I0306 19:14:08.945392   32114 reflector.go:556] "Warning: watch ended with error" reflector="/workspaces/.cache/mod/k8s.io/client-go@v0.33.0/tools/cache/reflector.go:285" type="*v1.PartialObjectMetadata" err="an error on the server (\"unable to decode an event from the watch stream: context canceled\") has prevented the request from succeeding"
I0306 19:14:08.944543   32114 reflector.go:556] "Warning: watch ended with error" reflector="/workspaces/.cache/mod/k8s.io/client-go@v0.33.0/tools/cache/reflector.go:285" type="*v1.PartialObjectMetadata" err="an error on the server (\"unable to decode an event from the watch stream: context canceled\") has prevented the request from succeeding"
I0306 19:14:08.945414   32114 reflector.go:556] "Warning: watch ended with error" reflector="/workspaces/.cache/mod/k8s.io/client-go@v0.33.0/tools/cache/reflector.go:285" type="*v1.PartialObjectMetadata" err="an error on the server (\"unable to decode an event from the watch stream: context canceled\") has prevented the request from succeeding"
I0306 19:14:08.945415   32114 reflector.go:556] "Warning: watch ended with error" reflector="/workspaces/.cache/mod/k8s.io/client-go@v0.33.0/tools/cache/reflector.go:285" type="*v1.PartialObjectMetadata" err="an error on the server (\"unable to decode an event from the watch stream: context canceled\") has prevented the request from succeeding"
I0306 19:14:08.945435   32114 reflector.go:556] "Warning: watch ended with error" reflector="/workspaces/.cache/mod/k8s.io/client-go@v0.33.0/tools/cache/reflector.go:285" type="*v1.PartialObjectMetadata" err="an error on the server (\"unable to decode an event from the watch stream: context canceled\") has prevented the request from succeeding"
I0306 19:14:08.945485   32114 reflector.go:556] "Warning: watch ended with error" reflector="/workspaces/.cache/mod/k8s.io/client-go@v0.33.0/tools/cache/reflector.go:285" type="*v1.PartialObjectMetadata" err="an error on the server (\"unable to decode an event from the watch stream: context canceled\") has prevented the request from succeeding"
I0306 19:14:08.944772   32114 reflector.go:556] "Warning: watch ended with error" reflector="/workspaces/.cache/mod/k8s.io/client-go@v0.33.0/tools/cache/reflector.go:285" type="*v1.PartialObjectMetadata" err="an error on the server (\"unable to decode an event from the watch stream: context canceled\") has prevented the request from succeeding"
I0306 19:14:08.950835   32114 reflector.go:556] "Warning: watch ended with error" reflector="/workspaces/.cache/mod/k8s.io/client-go@v0.33.0/tools/cache/reflector.go:285" type="*v1.PartialObjectMetadata" err="an error on the server (\"unable to decode an event from the watch stream: context canceled\") has prevented the request from succeeding"
I0306 19:14:08.945010   32114 reflector.go:556] "Warning: watch ended with error" reflector="/workspaces/.cache/mod/k8s.io/client-go@v0.33.0/tools/cache/reflector.go:285" type="*v1.PartialObjectMetadata" err="an error on the server (\"unable to decode an event from the watch stream: context canceled\") has prevented the request from succeeding"
I0306 19:14:08.944964   32114 reflector.go:556] "Warning: watch ended with error" reflector="/workspaces/.cache/mod/k8s.io/client-go@v0.33.0/tools/cache/reflector.go:285" type="*v1.PartialObjectMetadata" err="an error on the server (\"unable to decode an event from the watch stream: context canceled\") has prevented the request from succeeding"
I0306 19:14:08.943196   32114 reflector.go:556] "Warning: watch ended with error" reflector="/workspaces/.cache/mod/k8s.io/client-go@v0.33.0/tools/cache/reflector.go:285" type="*v1.PartialObjectMetadata" err="an error on the server (\"unable to decode an event from the watch stream: context canceled\") has prevented the request from succeeding"
I0306 19:14:08.945123   32114 reflector.go:556] "Warning: watch ended with error" reflector="/workspaces/.cache/mod/k8s.io/client-go@v0.33.0/tools/cache/reflector.go:285" type="*v1.PartialObjectMetadata" err="an error on the server (\"unable to decode an event from the watch stream: context canceled\") has prevented the request from succeeding"
I0306 19:14:08.943895   32114 reflector.go:556] "Warning: watch ended with error" reflector="/workspaces/.cache/mod/k8s.io/client-go@v0.33.0/tools/cache/reflector.go:285" type="*v1.PartialObjectMetadata" err="an error on the server (\"unable to decode an event from the watch stream: context canceled\") has prevented the request from succeeding"
I0306 19:14:08.944151   32114 reflector.go:556] "Warning: watch ended with error" reflector="/workspaces/.cache/mod/k8s.io/client-go@v0.33.0/tools/cache/reflector.go:285" type="*v1.PartialObjectMetadata" err="an error on the server (\"unable to decode an event from the watch stream: context canceled\") has prevented the request from succeeding"
I0306 19:14:08.943960   32114 reflector.go:556] "Warning: watch ended with error" reflector="/workspaces/.cache/mod/k8s.io/client-go@v0.33.0/tools/cache/reflector.go:285" type="*v1.PartialObjectMetadata" err="an error on the server (\"unable to decode an event from the watch stream: context canceled\") has prevented the request from succeeding"
I0306 19:14:08.944894   32114 reflector.go:556] "Warning: watch ended with error" reflector="/workspaces/.cache/mod/k8s.io/client-go@v0.33.0/tools/cache/reflector.go:285" type="*v1.PartialObjectMetadata" err="an error on the server (\"unable to decode an event from the watch stream: context canceled\") has prevented the request from succeeding"
I0306 19:14:08.945298   32114 reflector.go:556] "Warning: watch ended with error" reflector="/workspaces/.cache/mod/k8s.io/client-go@v0.33.0/tools/cache/reflector.go:285" type="*v1.PartialObjectMetadata" err="an error on the server (\"unable to decode an event from the watch stream: context canceled\") has prevented the request from succeeding"
I0306 19:14:08.945050   32114 reflector.go:556] "Warning: watch ended with error" reflector="/workspaces/.cache/mod/k8s.io/client-go@v0.33.0/tools/cache/reflector.go:285" type="*v1.PartialObjectMetadata" err="an error on the server (\"unable to decode an event from the watch stream: context canceled\") has prevented the request from succeeding"
I0306 19:14:08.944814   32114 reflector.go:556] "Warning: watch ended with error" reflector="/workspaces/.cache/mod/k8s.io/client-go@v0.33.0/tools/cache/reflector.go:285" type="*v1.PartialObjectMetadata" err="an error on the server (\"unable to decode an event from the watch stream: context canceled\") has prevented the request from succeeding"
I0306 19:14:08.944737   32114 reflector.go:556] "Warning: watch ended with error" reflector="/workspaces/.cache/mod/k8s.io/client-go@v0.33.0/tools/cache/reflector.go:285" type="*v1.PartialObjectMetadata" err="an error on the server (\"unable to decode an event from the watch stream: context canceled\") has prevented the request from succeeding"
I0306 19:14:08.943394   32114 reflector.go:556] "Warning: watch ended with error" reflector="/workspaces/.cache/mod/k8s.io/client-go@v0.33.0/tools/cache/reflector.go:285" type="*v1.PartialObjectMetadata" err="an error on the server (\"unable to decode an event from the watch stream: context canceled\") has prevented the request from succeeding"
I0306 19:14:08.943967   32114 reflector.go:556] "Warning: watch ended with error" reflector="/workspaces/.cache/mod/k8s.io/client-go@v0.33.0/tools/cache/reflector.go:285" type="*v1.PartialObjectMetadata" err="an error on the server (\"unable to decode an event from the watch stream: context canceled\") has prevented the request from succeeding"
I0306 19:14:08.945501   32114 reflector.go:556] "Warning: watch ended with error" reflector="/workspaces/.cache/mod/k8s.io/client-go@v0.33.0/tools/cache/reflector.go:285" type="*v1.PartialObjectMetadata" err="an error on the server (\"unable to decode an event from the watch stream: context canceled\") has prevented the request from succeeding"
I0306 19:14:08.945517   32114 reflector.go:556] "Warning: watch ended with error" reflector="/workspaces/.cache/mod/k8s.io/client-go@v0.33.0/tools/cache/reflector.go:285" type="*v1.PartialObjectMetadata" err="an error on the server (\"unable to decode an event from the watch stream: context canceled\") has prevented the request from succeeding"
I0306 19:14:08.945362   32114 reflector.go:556] "Warning: watch ended with error" reflector="/workspaces/.cache/mod/k8s.io/client-go@v0.33.0/tools/cache/reflector.go:285" type="*v1.PartialObjectMetadata" err="an error on the server (\"unable to decode an event from the watch stream: context canceled\") has prevented the request from succeeding"
I0306 19:14:08.945598   32114 reflector.go:556] "Warning: watch ended with error" reflector="/workspaces/.cache/mod/k8s.io/client-go@v0.33.0/tools/cache/reflector.go:285" type="*v1.PartialObjectMetadata" err="an error on the server (\"unable to decode an event from the watch stream: context canceled\") has prevented the request from succeeding"
I0306 19:14:08.945645   32114 reflector.go:556] "Warning: watch ended with error" reflector="/workspaces/.cache/mod/k8s.io/client-go@v0.33.0/tools/cache/reflector.go:285" type="*v1.PartialObjectMetadata" err="an error on the server (\"unable to decode an event from the watch stream: context canceled\") has prevented the request from succeeding"
I0306 19:14:08.945672   32114 reflector.go:556] "Warning: watch ended with error" reflector="/workspaces/.cache/mod/k8s.io/client-go@v0.33.0/tools/cache/reflector.go:285" type="*v1.PartialObjectMetadata" err="an error on the server (\"unable to decode an event from the watch stream: context canceled\") has prevented the request from succeeding"
I0306 19:14:08.945677   32114 reflector.go:556] "Warning: watch ended with error" reflector="/workspaces/.cache/mod/k8s.io/client-go@v0.33.0/tools/cache/reflector.go:285" type="*v1.PartialObjectMetadata" err="an error on the server (\"unable to decode an event from the watch stream: context canceled\") has prevented the request from succeeding"
I0306 19:14:08.945686   32114 reflector.go:556] "Warning: watch ended with error" reflector="/workspaces/.cache/mod/k8s.io/client-go@v0.33.0/tools/cache/reflector.go:285" type="*v1.PartialObjectMetadata" err="an error on the server (\"unable to decode an event from the watch stream: context canceled\") has prevented the request from succeeding"
I0306 19:14:08.945717   32114 reflector.go:556] "Warning: watch ended with error" reflector="/workspaces/.cache/mod/k8s.io/client-go@v0.33.0/tools/cache/reflector.go:285" type="*v1.PartialObjectMetadata" err="an error on the server (\"unable to decode an event from the watch stream: context canceled\") has prevented the request from succeeding"
I0306 19:14:08.945726   32114 reflector.go:556] "Warning: watch ended with error" reflector="/workspaces/.cache/mod/k8s.io/client-go@v0.33.0/tools/cache/reflector.go:285" type="*v1.PartialObjectMetadata" err="an error on the server (\"unable to decode an event from the watch stream: context canceled\") has prevented the request from succeeding"
I0306 19:14:08.945731   32114 reflector.go:556] "Warning: watch ended with error" reflector="/workspaces/.cache/mod/k8s.io/client-go@v0.33.0/tools/cache/reflector.go:285" type="*v1.PartialObjectMetadata" err="an error on the server (\"unable to decode an event from the watch stream: context canceled\") has prevented the request from succeeding"
I0306 19:14:08.945759   32114 reflector.go:556] "Warning: watch ended with error" reflector="/workspaces/.cache/mod/k8s.io/client-go@v0.33.0/tools/cache/reflector.go:285" type="*v1.PartialObjectMetadata" err="an error on the server (\"unable to decode an event from the watch stream: context canceled\") has prevented the request from succeeding"
I0306 19:14:08.945770   32114 reflector.go:556] "Warning: watch ended with error" reflector="/workspaces/.cache/mod/k8s.io/client-go@v0.33.0/tools/cache/reflector.go:285" type="*v1.PartialObjectMetadata" err="an error on the server (\"unable to decode an event from the watch stream: context canceled\") has prevented the request from succeeding"
I0306 19:14:08.945771   32114 reflector.go:556] "Warning: watch ended with error" reflector="/workspaces/.cache/mod/k8s.io/client-go@v0.33.0/tools/cache/reflector.go:285" type="*v1.PartialObjectMetadata" err="an error on the server (\"unable to decode an event from the watch stream: context canceled\") has prevented the request from succeeding"
I0306 19:14:08.945171   32114 reflector.go:556] "Warning: watch ended with error" reflector="/workspaces/.cache/mod/k8s.io/client-go@v0.33.0/tools/cache/reflector.go:285" type="*v1.PartialObjectMetadata" err="an error on the server (\"unable to decode an event from the watch stream: context canceled\") has prevented the request from succeeding"
I0306 19:14:08.945812   32114 reflector.go:556] "Warning: watch ended with error" reflector="/workspaces/.cache/mod/k8s.io/client-go@v0.33.0/tools/cache/reflector.go:285" type="*v1.PartialObjectMetadata" err="an error on the server (\"unable to decode an event from the watch stream: context canceled\") has prevented the request from succeeding"
I0306 19:14:08.945820   32114 reflector.go:556] "Warning: watch ended with error" reflector="/workspaces/.cache/mod/k8s.io/client-go@v0.33.0/tools/cache/reflector.go:285" type="*v1.PartialObjectMetadata" err="an error on the server (\"unable to decode an event from the watch stream: context canceled\") has prevented the request from succeeding"
I0306 19:14:08.945851   32114 reflector.go:556] "Warning: watch ended with error" reflector="/workspaces/.cache/mod/k8s.io/client-go@v0.33.0/tools/cache/reflector.go:285" type="*v1.PartialObjectMetadata" err="an error on the server (\"unable to decode an event from the watch stream: context canceled\") has prevented the request from succeeding"
I0306 19:14:08.945851   32114 reflector.go:556] "Warning: watch ended with error" reflector="/workspaces/.cache/mod/k8s.io/client-go@v0.33.0/tools/cache/reflector.go:285" type="*v1.PartialObjectMetadata" err="an error on the server (\"unable to decode an event from the watch stream: context canceled\") has prevented the request from succeeding"
I0306 19:14:08.945883   32114 reflector.go:556] "Warning: watch ended with error" reflector="/workspaces/.cache/mod/k8s.io/client-go@v0.33.0/tools/cache/reflector.go:285" type="*v1.PartialObjectMetadata" err="an error on the server (\"unable to decode an event from the watch stream: context canceled\") has prevented the request from succeeding"
I0306 19:14:08.945910   32114 reflector.go:556] "Warning: watch ended with error" reflector="/workspaces/.cache/mod/k8s.io/client-go@v0.33.0/tools/cache/reflector.go:285" type="*v1.PartialObjectMetadata" err="an error on the server (\"unable to decode an event from the watch stream: context canceled\") has prevented the request from succeeding"
I0306 19:14:08.945939   32114 reflector.go:556] "Warning: watch ended with error" reflector="/workspaces/.cache/mod/k8s.io/client-go@v0.33.0/tools/cache/reflector.go:285" type="*v1.PartialObjectMetadata" err="an error on the server (\"unable to decode an event from the watch stream: context canceled\") has prevented the request from succeeding"
I0306 19:14:08.945971   32114 reflector.go:556] "Warning: watch ended with error" reflector="/workspaces/.cache/mod/k8s.io/client-go@v0.33.0/tools/cache/reflector.go:285" type="*v1.PartialObjectMetadata" err="an error on the server (\"unable to decode an event from the watch stream: context canceled\") has prevented the request from succeeding"
I0306 19:14:08.945978   32114 reflector.go:556] "Warning: watch ended with error" reflector="/workspaces/.cache/mod/k8s.io/client-go@v0.33.0/tools/cache/reflector.go:285" type="*v1.CustomResourceDefinition" err="an error on the server (\"unable to decode an event from the watch stream: context canceled\") has prevented the request from succeeding"
I0306 19:14:08.946023   32114 reflector.go:556] "Warning: watch ended with error" reflector="/workspaces/.cache/mod/k8s.io/client-go@v0.33.0/tools/cache/reflector.go:285" type="*v1.PartialObjectMetadata" err="an error on the server (\"unable to decode an event from the watch stream: context canceled\") has prevented the request from succeeding"
I0306 19:14:08.946067   32114 reflector.go:556] "Warning: watch ended with error" reflector="/workspaces/.cache/mod/k8s.io/client-go@v0.33.0/tools/cache/reflector.go:285" type="*v1.PartialObjectMetadata" err="an error on the server (\"unable to decode an event from the watch stream: context canceled\") has prevented the request from succeeding"
I0306 19:14:08.946061   32114 reflector.go:556] "Warning: watch ended with error" reflector="/workspaces/.cache/mod/k8s.io/client-go@v0.33.0/tools/cache/reflector.go:285" type="*v1.PartialObjectMetadata" err="an error on the server (\"unable to decode an event from the watch stream: context canceled\") has prevented the request from succeeding"
I0306 19:14:08.946106   32114 reflector.go:556] "Warning: watch ended with error" reflector="/workspaces/.cache/mod/k8s.io/client-go@v0.33.0/tools/cache/reflector.go:285" type="*v1.PartialObjectMetadata" err="an error on the server (\"unable to decode an event from the watch stream: context canceled\") has prevented the request from succeeding"
I0306 19:14:08.946156   32114 reflector.go:556] "Warning: watch ended with error" reflector="/workspaces/.cache/mod/k8s.io/client-go@v0.33.0/tools/cache/reflector.go:285" type="*v1.PartialObjectMetadata" err="an error on the server (\"unable to decode an event from the watch stream: context canceled\") has prevented the request from succeeding"
I0306 19:14:08.946161   32114 reflector.go:556] "Warning: watch ended with error" reflector="/workspaces/.cache/mod/k8s.io/client-go@v0.33.0/tools/cache/reflector.go:285" type="*v1.PartialObjectMetadata" err="an error on the server (\"unable to decode an event from the watch stream: context canceled\") has prevented the request from succeeding"
I0306 19:14:08.946197   32114 reflector.go:556] "Warning: watch ended with error" reflector="/workspaces/.cache/mod/k8s.io/client-go@v0.33.0/tools/cache/reflector.go:285" type="*v1.PartialObjectMetadata" err="an error on the server (\"unable to decode an event from the watch stream: context canceled\") has prevented the request from succeeding"
I0306 19:14:08.946243   32114 reflector.go:556] "Warning: watch ended with error" reflector="/workspaces/.cache/mod/k8s.io/client-go@v0.33.0/tools/cache/reflector.go:285" type="*v1.PartialObjectMetadata" err="an error on the server (\"unable to decode an event from the watch stream: context canceled\") has prevented the request from succeeding"
I0306 19:14:08.946277   32114 reflector.go:556] "Warning: watch ended with error" reflector="/workspaces/.cache/mod/k8s.io/client-go@v0.33.0/tools/cache/reflector.go:285" type="*v1.PartialObjectMetadata" err="an error on the server (\"unable to decode an event from the watch stream: context canceled\") has prevented the request from succeeding"
I0306 19:14:08.946312   32114 reflector.go:556] "Warning: watch ended with error" reflector="/workspaces/.cache/mod/k8s.io/client-go@v0.33.0/tools/cache/reflector.go:285" type="*v1.PartialObjectMetadata" err="an error on the server (\"unable to decode an event from the watch stream: context canceled\") has prevented the request from succeeding"
I0306 19:14:08.946348   32114 reflector.go:556] "Warning: watch ended with error" reflector="/workspaces/.cache/mod/k8s.io/client-go@v0.33.0/tools/cache/reflector.go:285" type="*v1.PartialObjectMetadata" err="an error on the server (\"unable to decode an event from the watch stream: context canceled\") has prevented the request from succeeding"
I0306 19:14:08.946351   32114 reflector.go:556] "Warning: watch ended with error" reflector="/workspaces/.cache/mod/k8s.io/client-go@v0.33.0/tools/cache/reflector.go:285" type="*v1.PartialObjectMetadata" err="an error on the server (\"unable to decode an event from the watch stream: context canceled\") has prevented the request from succeeding"
I0306 19:14:08.946399   32114 reflector.go:556] "Warning: watch ended with error" reflector="/workspaces/.cache/mod/k8s.io/client-go@v0.33.0/tools/cache/reflector.go:285" type="*v1.PartialObjectMetadata" err="an error on the server (\"unable to decode an event from the watch stream: context canceled\") has prevented the request from succeeding"
I0306 19:14:08.946424   32114 reflector.go:556] "Warning: watch ended with error" reflector="/workspaces/.cache/mod/k8s.io/client-go@v0.33.0/tools/cache/reflector.go:285" type="*v1.PartialObjectMetadata" err="an error on the server (\"unable to decode an event from the watch stream: context canceled\") has prevented the request from succeeding"
I0306 19:14:08.946475   32114 reflector.go:556] "Warning: watch ended with error" reflector="/workspaces/.cache/mod/k8s.io/client-go@v0.33.0/tools/cache/reflector.go:285" type="*v1.PartialObjectMetadata" err="an error on the server (\"unable to decode an event from the watch stream: context canceled\") has prevented the request from succeeding"
I0306 19:14:08.946476   32114 reflector.go:556] "Warning: watch ended with error" reflector="/workspaces/.cache/mod/k8s.io/client-go@v0.33.0/tools/cache/reflector.go:285" type="*v1.PartialObjectMetadata" err="an error on the server (\"unable to decode an event from the watch stream: context canceled\") has prevented the request from succeeding"
I0306 19:14:08.946530   32114 reflector.go:556] "Warning: watch ended with error" reflector="/workspaces/.cache/mod/k8s.io/client-go@v0.33.0/tools/cache/reflector.go:285" type="*v1.PartialObjectMetadata" err="an error on the server (\"unable to decode an event from the watch stream: context canceled\") has prevented the request from succeeding"
I0306 19:14:08.946570   32114 reflector.go:556] "Warning: watch ended with error" reflector="/workspaces/.cache/mod/k8s.io/client-go@v0.33.0/tools/cache/reflector.go:285" type="*v1.PartialObjectMetadata" err="an error on the server (\"unable to decode an event from the watch stream: context canceled\") has prevented the request from succeeding"
I0306 19:14:08.946610   32114 reflector.go:556] "Warning: watch ended with error" reflector="/workspaces/.cache/mod/k8s.io/client-go@v0.33.0/tools/cache/reflector.go:285" type="*v1.PartialObjectMetadata" err="an error on the server (\"unable to decode an event from the watch stream: context canceled\") has prevented the request from succeeding"
I0306 19:14:08.946648   32114 reflector.go:556] "Warning: watch ended with error" reflector="/workspaces/.cache/mod/k8s.io/client-go@v0.33.0/tools/cache/reflector.go:285" type="*v1.PartialObjectMetadata" err="an error on the server (\"unable to decode an event from the watch stream: context canceled\") has prevented the request from succeeding"
I0306 19:14:08.946658   32114 reflector.go:556] "Warning: watch ended with error" reflector="/workspaces/.cache/mod/k8s.io/client-go@v0.33.0/tools/cache/reflector.go:285" type="*v1.PartialObjectMetadata" err="an error on the server (\"unable to decode an event from the watch stream: context canceled\") has prevented the request from succeeding"
I0306 19:14:08.946691   32114 reflector.go:556] "Warning: watch ended with error" reflector="/workspaces/.cache/mod/k8s.io/client-go@v0.33.0/tools/cache/reflector.go:285" type="*v1.PartialObjectMetadata" err="an error on the server (\"unable to decode an event from the watch stream: context canceled\") has prevented the request from succeeding"
I0306 19:14:08.946739   32114 reflector.go:556] "Warning: watch ended with error" reflector="/workspaces/.cache/mod/k8s.io/client-go@v0.33.0/tools/cache/reflector.go:285" type="*v1.PartialObjectMetadata" err="an error on the server (\"unable to decode an event from the watch stream: context canceled\") has prevented the request from succeeding"
I0306 19:14:08.946786   32114 reflector.go:556] "Warning: watch ended with error" reflector="/workspaces/.cache/mod/k8s.io/client-go@v0.33.0/tools/cache/reflector.go:285" type="*v1.PartialObjectMetadata" err="an error on the server (\"unable to decode an event from the watch stream: context canceled\") has prevented the request from succeeding"
I0306 19:14:08.946825   32114 reflector.go:556] "Warning: watch ended with error" reflector="/workspaces/.cache/mod/k8s.io/client-go@v0.33.0/tools/cache/reflector.go:285" type="*v1.PartialObjectMetadata" err="an error on the server (\"unable to decode an event from the watch stream: context canceled\") has prevented the request from succeeding"
I0306 19:14:08.946862   32114 reflector.go:556] "Warning: watch ended with error" reflector="/workspaces/.cache/mod/k8s.io/client-go@v0.33.0/tools/cache/reflector.go:285" type="*v1.PartialObjectMetadata" err="an error on the server (\"unable to decode an event from the watch stream: context canceled\") has prevented the request from succeeding"
I0306 19:14:08.946902   32114 reflector.go:556] "Warning: watch ended with error" reflector="/workspaces/.cache/mod/k8s.io/client-go@v0.33.0/tools/cache/reflector.go:285" type="*v1.PartialObjectMetadata" err="an error on the server (\"unable to decode an event from the watch stream: context canceled\") has prevented the request from succeeding"
I0306 19:14:08.946936   32114 reflector.go:556] "Warning: watch ended with error" reflector="/workspaces/.cache/mod/k8s.io/client-go@v0.33.0/tools/cache/reflector.go:285" type="*v1.PartialObjectMetadata" err="an error on the server (\"unable to decode an event from the watch stream: context canceled\") has prevented the request from succeeding"
I0306 19:14:08.946972   32114 reflector.go:556] "Warning: watch ended with error" reflector="/workspaces/.cache/mod/k8s.io/client-go@v0.33.0/tools/cache/reflector.go:285" type="*v1.PartialObjectMetadata" err="an error on the server (\"unable to decode an event from the watch stream: context canceled\") has prevented the request from succeeding"
I0306 19:14:08.947003   32114 reflector.go:556] "Warning: watch ended with error" reflector="/workspaces/.cache/mod/k8s.io/client-go@v0.33.0/tools/cache/reflector.go:285" type="*v1.PartialObjectMetadata" err="an error on the server (\"unable to decode an event from the watch stream: context canceled\") has prevented the request from succeeding"
I0306 19:14:08.947032   32114 reflector.go:556] "Warning: watch ended with error" reflector="/workspaces/.cache/mod/k8s.io/client-go@v0.33.0/tools/cache/reflector.go:285" type="*v1.PartialObjectMetadata" err="an error on the server (\"unable to decode an event from the watch stream: context canceled\") has prevented the request from succeeding"
I0306 19:14:08.947063   32114 reflector.go:556] "Warning: watch ended with error" reflector="/workspaces/.cache/mod/k8s.io/client-go@v0.33.0/tools/cache/reflector.go:285" type="*v1.PartialObjectMetadata" err="an error on the server (\"unable to decode an event from the watch stream: context canceled\") has prevented the request from succeeding"
I0306 19:14:08.947100   32114 reflector.go:556] "Warning: watch ended with error" reflector="/workspaces/.cache/mod/k8s.io/client-go@v0.33.0/tools/cache/reflector.go:285" type="*v1.PartialObjectMetadata" err="an error on the server (\"unable to decode an event from the watch stream: context canceled\") has prevented the request from succeeding"
I0306 19:14:08.947130   32114 reflector.go:556] "Warning: watch ended with error" reflector="/workspaces/.cache/mod/k8s.io/client-go@v0.33.0/tools/cache/reflector.go:285" type="*v1.PartialObjectMetadata" err="an error on the server (\"unable to decode an event from the watch stream: context canceled\") has prevented the request from succeeding"
I0306 19:14:08.947193   32114 reflector.go:556] "Warning: watch ended with error" reflector="/workspaces/.cache/mod/k8s.io/client-go@v0.33.0/tools/cache/reflector.go:285" type="*v1.PartialObjectMetadata" err="an error on the server (\"unable to decode an event from the watch stream: context canceled\") has prevented the request from succeeding"
I0306 19:14:08.947242   32114 reflector.go:556] "Warning: watch ended with error" reflector="/workspaces/.cache/mod/k8s.io/client-go@v0.33.0/tools/cache/reflector.go:285" type="*v1.PartialObjectMetadata" err="an error on the server (\"unable to decode an event from the watch stream: context canceled\") has prevented the request from succeeding"
I0306 19:14:08.948503   32114 reflector.go:556] "Warning: watch ended with error" reflector="/workspaces/.cache/mod/k8s.io/client-go@v0.33.0/tools/cache/reflector.go:285" type="*v1.PartialObjectMetadata" err="an error on the server (\"unable to decode an event from the watch stream: context canceled\") has prevented the request from succeeding"
I0306 19:14:08.950544   32114 reflector.go:556] "Warning: watch ended with error" reflector="/workspaces/.cache/mod/k8s.io/client-go@v0.33.0/tools/cache/reflector.go:285" type="*v1.PartialObjectMetadata" err="an error on the server (\"unable to decode an event from the watch stream: context canceled\") has prevented the request from succeeding"
I0306 19:14:08.950595   32114 reflector.go:556] "Warning: watch ended with error" reflector="/workspaces/.cache/mod/k8s.io/client-go@v0.33.0/tools/cache/reflector.go:285" type="*v1.PartialObjectMetadata" err="an error on the server (\"unable to decode an event from the watch stream: context canceled\") has prevented the request from succeeding"
I0306 19:14:08.950641   32114 reflector.go:556] "Warning: watch ended with error" reflector="/workspaces/.cache/mod/k8s.io/client-go@v0.33.0/tools/cache/reflector.go:285" type="*v1.PartialObjectMetadata" err="an error on the server (\"unable to decode an event from the watch stream: context canceled\") has prevented the request from succeeding"
I0306 19:14:08.950684   32114 reflector.go:556] "Warning: watch ended with error" reflector="/workspaces/.cache/mod/k8s.io/client-go@v0.33.0/tools/cache/reflector.go:285" type="*v1.PartialObjectMetadata" err="an error on the server (\"unable to decode an event from the watch stream: context canceled\") has prevented the request from succeeding"
I0306 19:14:08.950719   32114 reflector.go:556] "Warning: watch ended with error" reflector="/workspaces/.cache/mod/k8s.io/client-go@v0.33.0/tools/cache/reflector.go:285" type="*v1.PartialObjectMetadata" err="an error on the server (\"unable to decode an event from the watch stream: context canceled\") has prevented the request from succeeding"
I0306 19:14:08.950773   32114 reflector.go:556] "Warning: watch ended with error" reflector="/workspaces/.cache/mod/k8s.io/client-go@v0.33.0/tools/cache/reflector.go:285" type="*v1.PartialObjectMetadata" err="an error on the server (\"unable to decode an event from the watch stream: context canceled\") has prevented the request from succeeding"
I0306 19:14:08.950882   32114 reflector.go:556] "Warning: watch ended with error" reflector="/workspaces/.cache/mod/k8s.io/client-go@v0.33.0/tools/cache/reflector.go:285" type="*v1.PartialObjectMetadata" err="an error on the server (\"unable to decode an event from the watch stream: context canceled\") has prevented the request from succeeding"
I0306 19:14:08.951798   32114 reflector.go:556] "Warning: watch ended with error" reflector="/workspaces/.cache/mod/k8s.io/client-go@v0.33.0/tools/cache/reflector.go:285" type="*v1.PartialObjectMetadata" err="an error on the server (\"unable to decode an event from the watch stream: context canceled\") has prevented the request from succeeding"
I0306 19:14:08.945140   32114 reflector.go:556] "Warning: watch ended with error" reflector="/workspaces/.cache/mod/k8s.io/client-go@v0.33.0/tools/cache/reflector.go:285" type="*v1.PartialObjectMetadata" err="an error on the server (\"unable to decode an event from the watch stream: context canceled\") has prevented the request from succeeding"
I0306 19:14:08.945332   32114 reflector.go:556] "Warning: watch ended with error" reflector="/workspaces/.cache/mod/k8s.io/client-go@v0.33.0/tools/cache/reflector.go:285" type="*v1.PartialObjectMetadata" err="an error on the server (\"unable to decode an event from the watch stream: context canceled\") has prevented the request from succeeding"
I0306 19:14:08.951954   32114 reflector.go:556] "Warning: watch ended with error" reflector="/workspaces/.cache/mod/k8s.io/client-go@v0.33.0/tools/cache/reflector.go:285" type="*v1.PartialObjectMetadata" err="an error on the server (\"unable to decode an event from the watch stream: context canceled\") has prevented the request from succeeding"
I0306 19:14:08.952133   32114 reflector.go:556] "Warning: watch ended with error" reflector="/workspaces/.cache/mod/k8s.io/client-go@v0.33.0/tools/cache/reflector.go:285" type="*v1.PartialObjectMetadata" err="an error on the server (\"unable to decode an event from the watch stream: context canceled\") has prevented the request from succeeding"
I0306 19:14:08.952329   32114 reflector.go:556] "Warning: watch ended with error" reflector="/workspaces/.cache/mod/k8s.io/client-go@v0.33.0/tools/cache/reflector.go:285" type="*v1.PartialObjectMetadata" err="an error on the server (\"unable to decode an event from the watch stream: context canceled\") has prevented the request from succeeding"
I0306 19:14:08.952426   32114 reflector.go:556] "Warning: watch ended with error" reflector="/workspaces/.cache/mod/k8s.io/client-go@v0.33.0/tools/cache/reflector.go:285" type="*v1.PartialObjectMetadata" err="an error on the server (\"unable to decode an event from the watch stream: context canceled\") has prevented the request from succeeding"
I0306 19:14:08.944979   32114 reflector.go:556] "Warning: watch ended with error" reflector="/workspaces/.cache/mod/k8s.io/client-go@v0.33.0/tools/cache/reflector.go:285" type="*v1.PartialObjectMetadata" err="an error on the server (\"unable to decode an event from the watch stream: context canceled\") has prevented the request from succeeding"
I0306 19:14:08.951638   32114 reflector.go:556] "Warning: watch ended with error" reflector="/workspaces/.cache/mod/k8s.io/client-go@v0.33.0/tools/cache/reflector.go:285" type="*v1.PartialObjectMetadata" err="an error on the server (\"unable to decode an event from the watch stream: context canceled\") has prevented the request from succeeding"
I0306 19:14:08.951716   32114 reflector.go:556] "Warning: watch ended with error" reflector="/workspaces/.cache/mod/k8s.io/client-go@v0.33.0/tools/cache/reflector.go:285" type="*v1.PartialObjectMetadata" err="an error on the server (\"unable to decode an event from the watch stream: context canceled\") has prevented the request from succeeding"
I0306 19:14:08.951757   32114 reflector.go:556] "Warning: watch ended with error" reflector="/workspaces/.cache/mod/k8s.io/client-go@v0.33.0/tools/cache/reflector.go:285" type="*v1.PartialObjectMetadata" err="an error on the server (\"unable to decode an event from the watch stream: context canceled\") has prevented the request from succeeding"
I0306 19:14:08.945808   32114 reflector.go:556] "Warning: watch ended with error" reflector="/workspaces/.cache/mod/k8s.io/client-go@v0.33.0/tools/cache/reflector.go:285" type="*v1.PartialObjectMetadata" err="an error on the server (\"unable to decode an event from the watch stream: context canceled\") has prevented the request from succeeding"
{"severity":"info","timestamp":"2026-03-06T19:14:08.959Z","msg":"Stopping and waiting for caches"}
{"severity":"info","timestamp":"2026-03-06T19:14:08.959Z","msg":"Stopping and waiting for webhooks"}
{"severity":"info","timestamp":"2026-03-06T19:14:10.011Z","msg":"Stopping and waiting for HTTP servers"}
{"severity":"info","timestamp":"2026-03-06T19:14:10.011Z","msg":"Wait completed, proceeding to shutdown the manager"}
    harness.go:715: controller-runtime manager is shutdown
--- FAIL: TestE2EScript (36.68s)
    --- FAIL: TestE2EScript/scenarios (36.68s)
        --- FAIL: TestE2EScript/scenarios/backup-restore (36.67s)
FAIL
FAIL	github.com/GoogleCloudPlatform/k8s-config-connector/tests/e2e	36.914s
FAIL
