apiVersion: discoveryengine.cnrm.cloud.google.com/v1alpha1
kind: DiscoveryEngineDataStore
metadata:
  name: datastore-${uniqueId}
spec:
  aclEnabled: true
  collection: default_collection
  displayName: My first data store
  industryVertical: GENERIC
  location: global
  projectRef:
    external: ${projectId}