apiVersion: bigquery.cnrm.cloud.google.com/v1beta1
kind: BigQueryTable
metadata:
  annotations:
    cnrm.cloud.google.com/project-id: ${projectId}
  labels:
    managed-by-cnrm: "true"
  name: bigquerytable-${uniqueId}
spec:
  datasetRef:
    external: bigquerydataset${uniqueId}
  description: Description of BQ Table
  friendlyName: BigQueryTable Example
  resourceID: bigquerytable-${uniqueId}
  schema: '[{"mode":"REQUIRED","name":"name","policyTags":{},"type":"STRING"}]'