apiVersion: run.cnrm.cloud.google.com/v1beta1
kind: RunJob
metadata:
  name: runjob-${uniqueId}
spec:
  launchStage: GA
  location: us-central1
  projectRef:
    external: ${projectId}
  template:
    taskCount: 1
    template:
      containers:
      - env:
        - name: Foo
          value: buzz
        - name: SECRET_ENV_VAR
          valueSource:
            secretKeyRef:
              secretRef:
                external: projects/${projectNumber}/secrets/secretmanagersecret-2-${uniqueId}
              versionRef:
                external: "1"
        image: us-docker.pkg.dev/cloudrun/container/hello
        resources:
          limits:
            cpu: 1000m
            memory: 512Mi
      executionEnvironment: EXECUTION_ENVIRONMENT_GEN2
      maxRetries: 3
      serviceAccountRef:
        external: ${projectNumber}-compute@developer.gserviceaccount.com
      timeout: 10m0s