apiVersion: bigquery.cnrm.cloud.google.com/v1beta1
kind: BigQueryTable
metadata:
  annotations:
    cnrm.cloud.google.com/project-id: ${projectId}
  labels:
    cnrm-test: "true"
    department_name: marketing
    managed-by-cnrm: "true"
  name: bigquerytablesample${uniqueId}
spec:
  clustering:
  - user_id
  datasetRef:
    external: bigquerydatasetsample${uniqueId}
  friendlyName: mv_test3
  materializedView:
    enableRefresh: true
    query: |-
      SELECT
      distinct dt, user_id
      FROM `${projectId}.bigquerydatasetsample${uniqueId}.bigquerytable-main-${uniqueId}`
    refreshIntervalMs: 1800000
  resourceID: bigquerytablesample${uniqueId}
  schema: '[{"mode":"NULLABLE","name":"dt","type":"DATE"},{"mode":"NULLABLE","name":"user_id","type":"STRING"}]'
  timePartitioning:
    field: dt
    type: DAY