apiVersion: cloudbuild.cnrm.cloud.google.com/v1beta1
kind: CloudBuildWorkerPool
metadata:
  name: projects-${projectId}-locations-us-central1-workerpools-cloudbuildworkerpool-${uniqueId}
spec:
  displayName: New CloudBuild WorkerPool
  location: us-central1
  privatePoolV1Config:
    networkConfig:
      egressOption: NO_PUBLIC_EGRESS
      peeredNetworkIPRange: /29
      peeredNetworkRef:
        external: projects/${projectId}/global/networks/computenetwork-${uniqueId}
    workerConfig:
      diskSizeGb: 100
      machineType: e2-medium
  projectRef:
    name: ${projectId}