apiVersion: monitoring.cnrm.cloud.google.com/v1beta1
kind: MonitoringDashboard
metadata:
  name: monitoringdashboard-${uniqueId}
spec:
  columnLayout:
    columns:
    - weight: 2
      widgets:
      - title: Widget 1
        xyChart:
          dataSets:
          - plotType: LINE
            timeSeriesQuery:
              timeSeriesFilter:
                aggregation:
                  perSeriesAligner: ALIGN_RATE
                filter: metric.type="agent.googleapis.com/nginx/connections/accepted_count"
              unitOverride: "1"
          timeshiftDuration: 600.5s
          yAxis:
            label: y1Axis
            scale: LINEAR
      - text:
          content: Widget 2
          format: MARKDOWN
          style:
            backgroundColor: '#000'
            fontSize: FS_LARGE
            horizontalAlignment: H_CENTER
            padding: P_MEDIUM
            pointerLocation: PL_TOP_LEFT
            textColor: '#fff'
            verticalAlignment: V_CENTER
      - title: Widget 3
        xyChart:
          dataSets:
          - plotType: STACKED_BAR
            timeSeriesQuery:
              timeSeriesFilter:
                aggregation:
                  perSeriesAligner: ALIGN_RATE
                filter: metric.type="agent.googleapis.com/nginx/connections/accepted_count"
              unitOverride: "1"
          yAxis:
            label: y1Axis
            scale: LINEAR
      - logsPanel:
          filter: metric.type="agent.googleapis.com/nginx/connections/accepted_count"
          resourceNames:
          - external: projects/${projectId}
            kind: Project
        title: Widget 4
      - sectionHeader:
          dividerBelow: true
          subtitle: Example SectionHeader
        title: SectionHeader Widget
  displayName: monitoringdashboard-full
  projectRef:
    external: ${projectId}