apiVersion: bigquery.cnrm.cloud.google.com/v1beta1
kind: BigQueryDataset
metadata:
  annotations:
    cnrm.cloud.google.com/delete-contents-on-destroy: "false"
  labels:
    cnrm-test: "true"
    managed-by-cnrm: "true"
  name: bigquerydatasetaccessfull${uniqueId}
spec:
  access:
  - dataset:
      dataset:
        datasetId: bigquerydatasetsample${uniqueId}
        projectId: ${projectId}
      targetTypes:
      - VIEWS
  - domain: google.com
    role: READER
  - groupByEmail: kcc-eng@google.com
    role: READER
  - role: OWNER
    specialGroup: projectOwners
  - routine:
      datasetId: bigquerydatasetsample${uniqueId}
      projectId: ${projectId}
      routineId: bigqueryroutine${uniqueId}
  - view:
      datasetId: bigquerydatasetsample${uniqueId}
      projectId: ${projectId}
      tableId: bigquerytablesample${uniqueId}
  defaultTableExpirationMs: 3600000
  description: BigQuery Dataset With Full Access Block Updated
  friendlyName: bigquerydataset-fullaccessblock
  location: us-central1
  maxTimeTravelHours: "168"
  projectRef:
    external: ${projectId}
  resourceID: bigquerydatasetaccessfull${uniqueId}